<html>
<body>
<pre>
<h1>礦ision Build Log</h1>
<h2>Tool Versions:</h2>
IDE-Version: 礦ision V5.14.0.0
Copyright (C) 2015 ARM Ltd and ARM Germany GmbH. All rights reserved.
License Information: 11111 Administrator, 1111111vvhhjj, LIC=50DTG-VDV6N-AUD4J-U6CFD-AINF6-Y35QD
 
Tool Versions:
Toolchain:       MDK-ARM Professional  Version: 5.14.0.0
Toolchain Path:  C:\Keil_v5\ARM\ARMCC\Bin
C Compiler:      Armcc.exe V5.05 update 1 (build 106)
Assembler:       Armasm.exe V5.05 update 1 (build 106)
Linker/Locator:  ArmLink.exe V5.05 update 1 (build 106)
Library Manager: ArmAr.exe V5.05 update 1 (build 106)
Hex Converter:   FromElf.exe V5.05 update 1 (build 106)
CPU DLL:         SARMCM3.DLL V5.14.0.0
Dialog DLL:      DCM.DLL V1.13.1.0
Target DLL:      Segger\JL2CM3.dll V2.99.13.0
Dialog DLL:      TCM.DLL V1.14.4.0
 
<h2>Project:</h2>
E:\2.外贸\外贸产品资料\15.STM32视觉巡线小车\STM32-Visual-Tracking-Car\4.Code\10.PS2_control\PS2_control.uvprojx
Project File Date:  11/15/2019

<h2>Output:</h2>
Rebuild target 'Target 1'
assembling startup_stm32f10x_md.s...
compiling system_stm32f10x.c...
compiling delay.c...
compiling sys.c...
compiling usart.c...
compiling main.c...
.\Source\BSP\bsp_gpio.h(24): warning:  #1295-D: Deprecated declaration Start_init - give arg types
  void Start_init();
.\Source\BSP\bsp_adc.h(20): warning:  #1295-D: Deprecated declaration ADC_GPIO_Init - give arg types
  void ADC_GPIO_Init();
Source\APP\main.c: 2 warnings, 0 errors
compiling app_motor.c...
compiling OLED.c...
compiling app_ultrasonic.c...
Source\APP\app_ultrasonic.c(146): warning:  #177-D: variable "speeda" was declared but never referenced
        int speeda=4500;
Source\APP\app_ultrasonic.c(148): warning:  #177-D: variable "LeftDistance" was declared but never referenced
        int LeftDistance = 0, RightDistance = 0;
Source\APP\app_ultrasonic.c(148): warning:  #177-D: variable "RightDistance" was declared but never referenced
        int LeftDistance = 0, RightDistance = 0;
Source\APP\app_ultrasonic.c: 3 warnings, 0 errors
compiling app_bluetooth.c...
.\Source\BSP\bsp_gpio.h(24): warning:  #1295-D: Deprecated declaration Start_init - give arg types
  void Start_init();
.\Source\BSP\bsp_adc.h(20): warning:  #1295-D: Deprecated declaration ADC_GPIO_Init - give arg types
  void ADC_GPIO_Init();
Source\APP\app_bluetooth.c(34): warning:  #1295-D: Deprecated declaration bsp_getUltrasonicDistance0 - give arg types
  float bsp_getUltrasonicDistance0();
Source\APP\app_bluetooth.c(49): warning:  #1295-D: Deprecated declaration UART1SendByte - give arg types
  void UART1SendByte();
Source\APP\app_bluetooth.c(74): warning:  #174-D: expression has no effect
         for(j=0,n=0;j<220,n<=127;j++)
Source\APP\app_bluetooth.c(125): warning:  #223-D: function "abs" declared implicitly
        suducha=abs(offset);
Source\APP\app_bluetooth.c(147): warning:  #177-D: variable "d" was declared but never referenced
        int i,j,black,line,d,zhijiao,last,a,b,c,t;
Source\APP\app_bluetooth.c(147): warning:  #177-D: variable "zhijiao" was declared but never referenced
        int i,j,black,line,d,zhijiao,last,a,b,c,t;
Source\APP\app_bluetooth.c(147): warning:  #177-D: variable "a" was declared but never referenced
        int i,j,black,line,d,zhijiao,last,a,b,c,t;
Source\APP\app_bluetooth.c(147): warning:  #177-D: variable "b" was declared but never referenced
        int i,j,black,line,d,zhijiao,last,a,b,c,t;
Source\APP\app_bluetooth.c(147): warning:  #177-D: variable "c" was declared but never referenced
        int i,j,black,line,d,zhijiao,last,a,b,c,t;
Source\APP\app_bluetooth.c(273): warning:  #177-D: variable "c" was declared but never referenced
        u16 a, b,c;
Source\APP\app_bluetooth.c(342): warning:  #186-D: pointless comparison of unsigned integer with zero
                                                if((j>=50&&j<130)&&(i>=0&&i<240))//100*100              //110   210    70    170    /////////220
Source\APP\app_bluetooth.c(318): warning:  #177-D: variable "A0" was declared but never referenced
        u8 A0=0,A1=0,A2=0,A3=0,A4=0,A5=0,A6=0,A7=0;
Source\APP\app_bluetooth.c(318): warning:  #177-D: variable "A1" was declared but never referenced
        u8 A0=0,A1=0,A2=0,A3=0,A4=0,A5=0,A6=0,A7=0;
Source\APP\app_bluetooth.c(318): warning:  #177-D: variable "A2" was declared but never referenced
        u8 A0=0,A1=0,A2=0,A3=0,A4=0,A5=0,A6=0,A7=0;
Source\APP\app_bluetooth.c(318): warning:  #177-D: variable "A3" was declared but never referenced
        u8 A0=0,A1=0,A2=0,A3=0,A4=0,A5=0,A6=0,A7=0;
Source\APP\app_bluetooth.c(318): warning:  #177-D: variable "A4" was declared but never referenced
        u8 A0=0,A1=0,A2=0,A3=0,A4=0,A5=0,A6=0,A7=0;
Source\APP\app_bluetooth.c(318): warning:  #177-D: variable "A5" was declared but never referenced
        u8 A0=0,A1=0,A2=0,A3=0,A4=0,A5=0,A6=0,A7=0;
Source\APP\app_bluetooth.c(318): warning:  #177-D: variable "A6" was declared but never referenced
        u8 A0=0,A1=0,A2=0,A3=0,A4=0,A5=0,A6=0,A7=0;
Source\APP\app_bluetooth.c(318): warning:  #177-D: variable "A7" was declared but never referenced
        u8 A0=0,A1=0,A2=0,A3=0,A4=0,A5=0,A6=0,A7=0;
Source\APP\app_bluetooth.c(367): warning:  #177-D: variable "Ll1" was declared but never referenced
        int Ll1, Rr1;
Source\APP\app_bluetooth.c(367): warning:  #177-D: variable "Rr1" was declared but never referenced
        int Ll1, Rr1;
Source\APP\app_bluetooth.c: 23 warnings, 0 errors
compiling exti.c...
compiling ov7670.c...
compiling sccb.c...
compiling app_colormode.c...
compiling app_ps2Control.c...
.\Source\BSP\bsp_gpio.h(24): warning:  #1295-D: Deprecated declaration Start_init - give arg types
  void Start_init();
.\Source\BSP\bsp_adc.h(20): warning:  #1295-D: Deprecated declaration ADC_GPIO_Init - give arg types
  void ADC_GPIO_Init();
Source\APP\app_ps2Control.c(38): warning:  #550-D: variable "X2" was set but never used
        u8 PS2_KEY = 0, X1=0,Y1=0,X2=0,Y2=0;
Source\APP\app_ps2Control.c(38): warning:  #550-D: variable "Y2" was set but never used
        u8 PS2_KEY = 0, X1=0,Y1=0,X2=0,Y2=0;
Source\APP\app_ps2Control.c: 4 warnings, 0 errors
compiling bsp.c...
Source\BSP\bsp_gpio.h(24): warning:  #1295-D: Deprecated declaration Start_init - give arg types
  void Start_init();
Source\BSP\bsp_adc.h(20): warning:  #1295-D: Deprecated declaration ADC_GPIO_Init - give arg types
  void ADC_GPIO_Init();
Source\BSP\bsp.c: 2 warnings, 0 errors
compiling bsp_gpio.c...
Source\BSP\bsp_gpio.h(24): warning:  #1295-D: Deprecated declaration Start_init - give arg types
  void Start_init();
Source\BSP\bsp_gpio.c: 1 warning, 0 errors
compiling bsp_servo.c...
compiling bsp_timer.c...
Source\BSP\bsp_gpio.h(24): warning:  #1295-D: Deprecated declaration Start_init - give arg types
  void Start_init();
Source\BSP\bsp_timer.c: 1 warning, 0 errors
compiling bsp_OLED.c...
compiling bsp_adc.c...
Source\BSP\bsp_adc.h(20): warning:  #1295-D: Deprecated declaration ADC_GPIO_Init - give arg types
  void ADC_GPIO_Init();
Source\BSP\bsp_adc.c: 1 warning, 0 errors
compiling bsp_ultrasonic.c...
Source\BSP\bsp_ultrasonic.c(182): warning:  #177-D: variable "a" was declared but never referenced
    int a,num = 0;
Source\BSP\bsp_ultrasonic.c(183): warning:  #177-D: variable "lastDistance" was declared but never referenced
        int lastDistance;
Source\BSP\bsp_ultrasonic.c: 2 warnings, 0 errors
compiling bsp_colorful.c...
compiling bsp_ps2.c...
compiling misc.c...
compiling stm32f10x_adc.c...
compiling stm32f10x_bkp.c...
compiling stm32f10x_can.c...
compiling stm32f10x_cec.c...
compiling stm32f10x_crc.c...
compiling stm32f10x_dac.c...
compiling stm32f10x_dbgmcu.c...
compiling stm32f10x_dma.c...
compiling stm32f10x_exti.c...
compiling stm32f10x_flash.c...
compiling stm32f10x_fsmc.c...
compiling stm32f10x_gpio.c...
compiling stm32f10x_i2c.c...
compiling stm32f10x_iwdg.c...
compiling stm32f10x_pwr.c...
compiling stm32f10x_rcc.c...
compiling stm32f10x_rtc.c...
compiling stm32f10x_sdio.c...
compiling stm32f10x_spi.c...
compiling stm32f10x_tim.c...
compiling stm32f10x_usart.c...
compiling stm32f10x_wwdg.c...
compiling protocol.c...
.\Source\BSP\bsp_gpio.h(24): warning:  #1295-D: Deprecated declaration Start_init - give arg types
  void Start_init();
.\Source\BSP\bsp_adc.h(20): warning:  #1295-D: Deprecated declaration ADC_GPIO_Init - give arg types
  void ADC_GPIO_Init();
Source\Protocol\protocol.c: 2 warnings, 0 errors
linking...
Program Size: Code=19270 RO-data=4618 RW-data=192 ZI-data=1928  
FromELF: creating hex file...
".\output\PS2_control.axf" - 0 Error(s), 41 Warning(s).

<h2>Software Packages used:</h2>

Package Vendor: ARM
                http://www.keil.com/pack/ARM.CMSIS.4.2.0.pack
                ARM::CMSIS:CORE:3.40.0
                CMSIS (Cortex Microcontroller Software Interface Standard)
   * Component: CORE Version: 3.40.0

<h2>Collection of Component include folders:</h2>
  E:\2.外贸\外贸产品资料\15.STM32视觉巡线小车\STM32-Visual-Tracking-Car\4.Code\10.PS2_control\RTE
  C:\Keil_v5\ARM\PACK\ARM\CMSIS\4.2.0\CMSIS\Include

<h2>Collection of Component Files used:</h2>

   * Component: ARM::CMSIS:CORE:3.40.0
      Source file:   CMSIS\UserCodeTemplates\ARM\ITM_Retarget.c
</pre>
</body>
</html>
