<html>
<body>
<pre>
<h1>礦ision Build Log</h1>
<h2>Tool Versions:</h2>
IDE-Version: 礦ision V5.14.0.0
Copyright (C) 2015 ARM Ltd and ARM Germany GmbH. All rights reserved.
License Information: 11111 Administrator, 1111111vvhhjj, LIC=50DTG-VDV6N-AUD4J-U6CFD-AINF6-Y35QD
 
Tool Versions:
Toolchain:       MDK-ARM Professional  Version: 5.14.0.0
Toolchain Path:  C:\Keil_v5\ARM\ARMCC\Bin
C Compiler:      Armcc.exe V5.05 update 1 (build 106)
Assembler:       Armasm.exe V5.05 update 1 (build 106)
Linker/Locator:  ArmLink.exe V5.05 update 1 (build 106)
Library Manager: ArmAr.exe V5.05 update 1 (build 106)
Hex Converter:   FromElf.exe V5.05 update 1 (build 106)
CPU DLL:         SARMCM3.DLL V5.14.0.0
Dialog DLL:      DCM.DLL V1.13.1.0
Target DLL:      Segger\JL2CM3.dll V2.99.13.0
Dialog DLL:      TCM.DLL V1.14.4.0
 
<h2>Project:</h2>
E:\2.外贸\外贸产品资料\15.STM32视觉巡线小车\STM32-Visual-Tracking-Car\4.Code\9.Camera_vision_tracking\Camera vision tracking.uvprojx
Project File Date:  01/11/2019

<h2>Output:</h2>
Rebuild target 'Target 1'
assembling startup_stm32f10x_md.s...
compiling system_stm32f10x.c...
compiling delay.c...
compiling sys.c...
compiling usart.c...
compiling main.c...
Source\APP\app_motor.h(22): warning:  #1295-D: Deprecated declaration MiniCar_Stop - give arg types
  void MiniCar_Stop();
.\Source\BSP\bsp_gpio.h(24): warning:  #1295-D: Deprecated declaration Start_init - give arg types
  void Start_init();
.\Source\BSP\bsp_adc.h(20): warning:  #1295-D: Deprecated declaration ADC_GPIO_Init - give arg types
  void ADC_GPIO_Init();
Source\APP\main.c(31): warning:  #1295-D: Deprecated declaration camera_refresh - give arg types
  void camera_refresh();
Source\APP\main.c(32): warning:  #1295-D: Deprecated declaration find_line - give arg types
  void  find_line();
Source\APP\main.c(33): warning:  #1295-D: Deprecated declaration dir - give arg types
  void dir();
Source\APP\main.c(34): warning:  #1295-D: Deprecated declaration special_line - give arg types
  void special_line();
Source\APP\main.c(36): warning:  #1295-D: Deprecated declaration dis_play_image - give arg types
  extern void dis_play_image();
Source\APP\main.c: 8 warnings, 0 errors
compiling app_motor.c...
Source\APP\app_motor.h(22): warning:  #1295-D: Deprecated declaration MiniCar_Stop - give arg types
  void MiniCar_Stop();
Source\APP\app_motor.c: 1 warning, 0 errors
compiling app_linewalking.c...
Source\APP\app_motor.h(22): warning:  #1295-D: Deprecated declaration MiniCar_Stop - give arg types
  void MiniCar_Stop();
.\Source\BSP\bsp_gpio.h(24): warning:  #1295-D: Deprecated declaration Start_init - give arg types
  void Start_init();
.\Source\BSP\bsp_adc.h(20): warning:  #1295-D: Deprecated declaration ADC_GPIO_Init - give arg types
  void ADC_GPIO_Init();
Source\APP\app_linewalking.c(69): warning:  #1295-D: Deprecated declaration UART1SendByte - give arg types
  void UART1SendByte();
Source\APP\app_linewalking.c(96): warning:  #174-D: expression has no effect
         for(j=0,n=0;j<240,n<=127;j++)
Source\APP\app_linewalking.c(167): warning:  #177-D: variable "d" was declared but never referenced
        int i,j,black,line,d,zhijiao,last,a,b,c,q;
Source\APP\app_linewalking.c(167): warning:  #177-D: variable "zhijiao" was declared but never referenced
        int i,j,black,line,d,zhijiao,last,a,b,c,q;
Source\APP\app_linewalking.c(167): warning:  #177-D: variable "a" was declared but never referenced
        int i,j,black,line,d,zhijiao,last,a,b,c,q;
Source\APP\app_linewalking.c(167): warning:  #177-D: variable "b" was declared but never referenced
        int i,j,black,line,d,zhijiao,last,a,b,c,q;
Source\APP\app_linewalking.c(167): warning:  #177-D: variable "c" was declared but never referenced
        int i,j,black,line,d,zhijiao,last,a,b,c,q;
Source\APP\app_linewalking.c(292): warning:  #177-D: variable "c" was declared but never referenced
        u16 a, b,c;
Source\APP\app_linewalking.c(356): warning:  #186-D: pointless comparison of unsigned integer with zero
                                                if((j>=50 && j<130) && (i>=0 && i<240))//80*240 
Source\APP\app_linewalking.c: 12 warnings, 0 errors
compiling app_ultrasonic.c...
Source\APP\app_motor.h(22): warning:  #1295-D: Deprecated declaration MiniCar_Stop - give arg types
  void MiniCar_Stop();
Source\APP\app_ultrasonic.c: 1 warning, 0 errors
compiling app_bluetooth.c...
Source\APP\app_motor.h(22): warning:  #1295-D: Deprecated declaration MiniCar_Stop - give arg types
  void MiniCar_Stop();
.\Source\BSP\bsp_gpio.h(24): warning:  #1295-D: Deprecated declaration Start_init - give arg types
  void Start_init();
.\Source\BSP\bsp_adc.h(20): warning:  #1295-D: Deprecated declaration ADC_GPIO_Init - give arg types
  void ADC_GPIO_Init();
Source\APP\app_bluetooth.c(34): warning:  #1295-D: Deprecated declaration bsp_getUltrasonicDistance0 - give arg types
  float bsp_getUltrasonicDistance0();
Source\APP\app_bluetooth.c(44): warning:  #177-D: variable "Ll1" was declared but never referenced
        int Ll1=0, Rr1=0;
Source\APP\app_bluetooth.c(44): warning:  #177-D: variable "Rr1" was declared but never referenced
        int Ll1=0, Rr1=0;
Source\APP\app_bluetooth.c: 6 warnings, 0 errors
compiling app_colormode.c...
Source\APP\app_motor.h(22): warning:  #1295-D: Deprecated declaration MiniCar_Stop - give arg types
  void MiniCar_Stop();
Source\APP\app_colormode.c: 1 warning, 0 errors
compiling exti.c...
compiling lcd.c...
compiling ov7670.c...
compiling sccb.c...
compiling led.c...
compiling OLED.c...
compiling protocol.c...
.\Source\BSP\bsp_gpio.h(24): warning:  #1295-D: Deprecated declaration Start_init - give arg types
  void Start_init();
.\Source\BSP\bsp_adc.h(20): warning:  #1295-D: Deprecated declaration ADC_GPIO_Init - give arg types
  void ADC_GPIO_Init();
.\Source\APP\app_motor.h(22): warning:  #1295-D: Deprecated declaration MiniCar_Stop - give arg types
  void MiniCar_Stop();
Source\Protocol\protocol.c(121): warning:  #223-D: function "bsp_Colorful_Control" declared implicitly
                        bsp_Colorful_Control(0,0,0);
Source\Protocol\protocol.c(203): warning:  #223-D: function "bsp_Colorful_Control" declared implicitly
                        bsp_Colorful_Control(1, 1, 1);
Source\Protocol\protocol.c(207): warning:  #223-D: function "bsp_Colorful_Control" declared implicitly
                        bsp_Colorful_Control(1, 0, 0);
Source\Protocol\protocol.c(211): warning:  #223-D: function "bsp_Colorful_Control" declared implicitly
                        bsp_Colorful_Control(0, 0, 1);
Source\Protocol\protocol.c(215): warning:  #223-D: function "bsp_Colorful_Control" declared implicitly
                        bsp_Colorful_Control(0, 1, 0);
Source\Protocol\protocol.c(219): warning:  #223-D: function "bsp_Colorful_Control" declared implicitly
                        bsp_Colorful_Control(0, 0, 0);
Source\Protocol\protocol.c: 9 warnings, 0 errors
compiling bsp.c...
Source\BSP\bsp_gpio.h(24): warning:  #1295-D: Deprecated declaration Start_init - give arg types
  void Start_init();
Source\BSP\bsp_adc.h(20): warning:  #1295-D: Deprecated declaration ADC_GPIO_Init - give arg types
  void ADC_GPIO_Init();
Source\BSP\bsp.c(26): warning:  #1295-D: Deprecated declaration NVIC_Configuration - give arg types
  extern void NVIC_Configuration(); 
Source\BSP\bsp.c(27): warning:  #1295-D: Deprecated declaration LCD_Init0 - give arg types
  void LCD_Init0();
Source\BSP\bsp.c(28): warning:  #1295-D: Deprecated declaration GPIO_UserInit - give arg types
  void GPIO_UserInit();
Source\BSP\bsp.c: 5 warnings, 0 errors
compiling bsp_gpio.c...
Source\BSP\bsp_gpio.h(24): warning:  #1295-D: Deprecated declaration Start_init - give arg types
  void Start_init();
Source\BSP\bsp_adc.h(20): warning:  #1295-D: Deprecated declaration ADC_GPIO_Init - give arg types
  void ADC_GPIO_Init();
Source\BSP\bsp_gpio.c: 2 warnings, 0 errors
compiling bsp_motor.c...
compiling bsp_servo.c...
compiling bsp_timer.c...
Source\BSP\bsp_gpio.h(24): warning:  #1295-D: Deprecated declaration Start_init - give arg types
  void Start_init();
Source\BSP\bsp_adc.h(20): warning:  #1295-D: Deprecated declaration ADC_GPIO_Init - give arg types
  void ADC_GPIO_Init();
.\Source\APP\app_motor.h(22): warning:  #1295-D: Deprecated declaration MiniCar_Stop - give arg types
  void MiniCar_Stop();
Source\BSP\bsp_timer.c: 3 warnings, 0 errors
compiling bsp_colorful.c...
compiling bsp_linewalking.c...
compiling bsp_ultrasonic.c...
Source\BSP\bsp_ultrasonic.c(179): warning:  #177-D: variable "a" was declared but never referenced
    int a,num = 0;
Source\BSP\bsp_ultrasonic.c(180): warning:  #177-D: variable "lastDistance" was declared but never referenced
        int lastDistance;
Source\BSP\bsp_ultrasonic.c: 2 warnings, 0 errors
compiling bsp_adc.c...
Source\BSP\bsp_adc.h(20): warning:  #1295-D: Deprecated declaration ADC_GPIO_Init - give arg types
  void ADC_GPIO_Init();
Source\BSP\bsp_adc.c: 1 warning, 0 errors
compiling bsp_gs.c...
compiling bsp_OLED.c...
compiling misc.c...
compiling stm32f10x_adc.c...
compiling stm32f10x_bkp.c...
compiling stm32f10x_can.c...
compiling stm32f10x_cec.c...
compiling stm32f10x_crc.c...
compiling stm32f10x_dac.c...
compiling stm32f10x_dbgmcu.c...
compiling stm32f10x_dma.c...
compiling stm32f10x_exti.c...
compiling stm32f10x_flash.c...
compiling stm32f10x_fsmc.c...
compiling stm32f10x_gpio.c...
compiling stm32f10x_i2c.c...
compiling stm32f10x_iwdg.c...
compiling stm32f10x_pwr.c...
compiling stm32f10x_rcc.c...
compiling stm32f10x_rtc.c...
compiling stm32f10x_sdio.c...
compiling stm32f10x_spi.c...
compiling stm32f10x_tim.c...
compiling stm32f10x_usart.c...
compiling stm32f10x_wwdg.c...
linking...
Program Size: Code=33530 RO-data=7958 RW-data=152 ZI-data=29408  
FromELF: creating hex file...
".\output\Camera vision tracking.axf" - 0 Error(s), 51 Warning(s).

<h2>Software Packages used:</h2>

Package Vendor: ARM
                http://www.keil.com/pack/ARM.CMSIS.4.2.0.pack
                ARM::CMSIS:CORE:3.40.0
                CMSIS (Cortex Microcontroller Software Interface Standard)
   * Component: CORE Version: 3.40.0

<h2>Collection of Component include folders:</h2>
  E:\2.外贸\外贸产品资料\15.STM32视觉巡线小车\STM32-Visual-Tracking-Car\4.Code\9.Camera_vision_tracking\RTE
  C:\Keil_v5\ARM\PACK\ARM\CMSIS\4.2.0\CMSIS\Include

<h2>Collection of Component Files used:</h2>

   * Component: ARM::CMSIS:CORE:3.40.0
      Source file:   CMSIS\UserCodeTemplates\ARM\ITM_Retarget.c
</pre>
</body>
</html>
