<html>
<body>
<pre>
<h1>礦ision Build Log</h1>
<h2>Project:</h2>
C:\Users\Administrator\Desktop\STM32转向车\课程\8、蓝牙控制小车\蓝牙新版\TB6612FNG.uvprojx
Project File Date:  10/29/2018

<h2>Output:</h2>
*** Note: Rebuilding project, since 'Options->Output->Create Batch File' is selected.
Rebuild target 'Target 1'
assembling startup_stm32f10x_md.s...
compiling system_stm32f10x.c...
compiling delay.c...
compiling sys.c...
compiling usart.c...
compiling main.c...
Source\APP\app_motor.h(22): warning:  #1295-D: Deprecated declaration MiniCar_Stop - give arg types
  void MiniCar_Stop();
.\Source\BSP\bsp_gpio.h(24): warning:  #1295-D: Deprecated declaration Start_init - give arg types
  void Start_init();
.\Source\BSP\bsp_adc.h(20): warning:  #1295-D: Deprecated declaration ADC_GPIO_Init - give arg types
  void ADC_GPIO_Init();
Source\APP\main.c(28): warning:  #1295-D: Deprecated declaration camera_refresh - give arg types
  void camera_refresh();
Source\APP\main.c(29): warning:  #1295-D: Deprecated declaration find_line - give arg types
  void  find_line();
Source\APP\main.c(30): warning:  #1295-D: Deprecated declaration dir - give arg types
  void dir();
Source\APP\main.c(31): warning:  #1295-D: Deprecated declaration special_line - give arg types
  void special_line();
Source\APP\main.c(33): warning:  #1295-D: Deprecated declaration dis_play_image - give arg types
  extern void dis_play_image();
Source\APP\main.c: 8 warnings, 0 errors
compiling app_motor.c...
Source\APP\app_motor.h(22): warning:  #1295-D: Deprecated declaration MiniCar_Stop - give arg types
  void MiniCar_Stop();
Source\APP\app_motor.c: 1 warning, 0 errors
compiling app_linewalking.c...
Source\APP\app_motor.h(22): warning:  #1295-D: Deprecated declaration MiniCar_Stop - give arg types
  void MiniCar_Stop();
.\Source\BSP\bsp_gpio.h(24): warning:  #1295-D: Deprecated declaration Start_init - give arg types
  void Start_init();
.\Source\BSP\bsp_adc.h(20): warning:  #1295-D: Deprecated declaration ADC_GPIO_Init - give arg types
  void ADC_GPIO_Init();
Source\APP\app_linewalking.c(59): warning:  #1295-D: Deprecated declaration UART1SendByte - give arg types
  void UART1SendByte();
Source\APP\app_linewalking.c(82): warning:  #174-D: expression has no effect
         for(j=0,n=0;j<240,n<=127;j++)
Source\APP\app_linewalking.c(153): warning:  #177-D: variable "d" was declared but never referenced
        int i,j,black,line,d,zhijiao,last,a,b,c,q;
Source\APP\app_linewalking.c(153): warning:  #177-D: variable "zhijiao" was declared but never referenced
        int i,j,black,line,d,zhijiao,last,a,b,c,q;
Source\APP\app_linewalking.c(153): warning:  #177-D: variable "a" was declared but never referenced
        int i,j,black,line,d,zhijiao,last,a,b,c,q;
Source\APP\app_linewalking.c(153): warning:  #177-D: variable "b" was declared but never referenced
        int i,j,black,line,d,zhijiao,last,a,b,c,q;
Source\APP\app_linewalking.c(153): warning:  #177-D: variable "c" was declared but never referenced
        int i,j,black,line,d,zhijiao,last,a,b,c,q;
Source\APP\app_linewalking.c(268): warning:  #177-D: variable "c" was declared but never referenced
        u16 a, b,c;
Source\APP\app_linewalking.c(332): warning:  #186-D: pointless comparison of unsigned integer with zero
                                                if((j>=50 && j<130) && (i>=0 && i<240))//80*240 
Source\APP\app_linewalking.c: 12 warnings, 0 errors
compiling app_ultrasonic.c...
Source\APP\app_motor.h(22): warning:  #1295-D: Deprecated declaration MiniCar_Stop - give arg types
  void MiniCar_Stop();
Source\APP\app_ultrasonic.c: 1 warning, 0 errors
compiling app_bluetooth.c...
Source\APP\app_motor.h(22): warning:  #1295-D: Deprecated declaration MiniCar_Stop - give arg types
  void MiniCar_Stop();
.\Source\BSP\bsp_gpio.h(24): warning:  #1295-D: Deprecated declaration Start_init - give arg types
  void Start_init();
.\Source\BSP\bsp_adc.h(20): warning:  #1295-D: Deprecated declaration ADC_GPIO_Init - give arg types
  void ADC_GPIO_Init();
Source\APP\app_bluetooth.c(31): warning:  #1295-D: Deprecated declaration bsp_getUltrasonicDistance0 - give arg types
  float bsp_getUltrasonicDistance0();
Source\APP\app_bluetooth.c(43): warning:  #177-D: variable "Ll1" was declared but never referenced
        int Ll1=0, Rr1=0;
Source\APP\app_bluetooth.c(43): warning:  #177-D: variable "Rr1" was declared but never referenced
        int Ll1=0, Rr1=0;
Source\APP\app_bluetooth.c: 6 warnings, 0 errors
compiling app_colormode.c...
Source\APP\app_motor.h(22): warning:  #1295-D: Deprecated declaration MiniCar_Stop - give arg types
  void MiniCar_Stop();
Source\APP\app_colormode.c: 1 warning, 0 errors
compiling exti.c...
compiling lcd.c...
compiling ov7670.c...
compiling sccb.c...
compiling led.c...
compiling OLED.c...
compiling protocol.c...
.\Source\BSP\bsp_gpio.h(24): warning:  #1295-D: Deprecated declaration Start_init - give arg types
  void Start_init();
.\Source\BSP\bsp_adc.h(20): warning:  #1295-D: Deprecated declaration ADC_GPIO_Init - give arg types
  void ADC_GPIO_Init();
.\Source\APP\app_motor.h(22): warning:  #1295-D: Deprecated declaration MiniCar_Stop - give arg types
  void MiniCar_Stop();
Source\Protocol\protocol.c(122): warning:  #223-D: function "bsp_Colorful_Control" declared implicitly
                        bsp_Colorful_Control(0,0,0);//关闭七彩灯
Source\Protocol\protocol.c(209): warning:  #223-D: function "bsp_Colorful_Control" declared implicitly
                        bsp_Colorful_Control(1, 1, 1);
Source\Protocol\protocol.c(213): warning:  #223-D: function "bsp_Colorful_Control" declared implicitly
                        bsp_Colorful_Control(1, 0, 0);
Source\Protocol\protocol.c(217): warning:  #223-D: function "bsp_Colorful_Control" declared implicitly
                        bsp_Colorful_Control(0, 0, 1);
Source\Protocol\protocol.c(221): warning:  #223-D: function "bsp_Colorful_Control" declared implicitly
                        bsp_Colorful_Control(0, 1, 0);
Source\Protocol\protocol.c(225): warning:  #223-D: function "bsp_Colorful_Control" declared implicitly
                        bsp_Colorful_Control(0, 0, 0);
Source\Protocol\protocol.c: 9 warnings, 0 errors
compiling bsp.c...
Source\BSP\bsp_gpio.h(24): warning:  #1295-D: Deprecated declaration Start_init - give arg types
  void Start_init();
Source\BSP\bsp_adc.h(20): warning:  #1295-D: Deprecated declaration ADC_GPIO_Init - give arg types
  void ADC_GPIO_Init();
Source\BSP\bsp.c(24): warning:  #1295-D: Deprecated declaration NVIC_Configuration - give arg types
  extern void NVIC_Configuration(); 
Source\BSP\bsp.c(25): warning:  #1295-D: Deprecated declaration LCD_Init0 - give arg types
  void LCD_Init0();
Source\BSP\bsp.c(26): warning:  #1295-D: Deprecated declaration GPIO_UserInit - give arg types
  void GPIO_UserInit();
Source\BSP\bsp.c: 5 warnings, 0 errors
compiling bsp_gpio.c...
Source\BSP\bsp_gpio.h(24): warning:  #1295-D: Deprecated declaration Start_init - give arg types
  void Start_init();
Source\BSP\bsp_adc.h(20): warning:  #1295-D: Deprecated declaration ADC_GPIO_Init - give arg types
  void ADC_GPIO_Init();
Source\BSP\bsp_gpio.c: 2 warnings, 0 errors
compiling bsp_motor.c...
compiling bsp_servo.c...
compiling bsp_timer.c...
Source\BSP\bsp_gpio.h(24): warning:  #1295-D: Deprecated declaration Start_init - give arg types
  void Start_init();
Source\BSP\bsp_adc.h(20): warning:  #1295-D: Deprecated declaration ADC_GPIO_Init - give arg types
  void ADC_GPIO_Init();
.\Source\APP\app_motor.h(22): warning:  #1295-D: Deprecated declaration MiniCar_Stop - give arg types
  void MiniCar_Stop();
Source\BSP\bsp_timer.c: 3 warnings, 0 errors
compiling bsp_colorful.c...
compiling bsp_linewalking.c...
compiling bsp_ultrasonic.c...
Source\BSP\bsp_ultrasonic.c(188): warning:  #177-D: variable "a" was declared but never referenced
    int a,num = 0;
Source\BSP\bsp_ultrasonic.c(189): warning:  #177-D: variable "lastDistance" was declared but never referenced
        int lastDistance;
Source\BSP\bsp_ultrasonic.c: 2 warnings, 0 errors
compiling bsp_adc.c...
Source\BSP\bsp_adc.h(20): warning:  #1295-D: Deprecated declaration ADC_GPIO_Init - give arg types
  void ADC_GPIO_Init();
Source\BSP\bsp_adc.c: 1 warning, 0 errors
compiling bsp_gs.c...
compiling bsp_OLED.c...
compiling misc.c...
compiling stm32f10x_adc.c...
compiling stm32f10x_bkp.c...
compiling stm32f10x_can.c...
compiling stm32f10x_cec.c...
compiling stm32f10x_crc.c...
compiling stm32f10x_dac.c...
compiling stm32f10x_dbgmcu.c...
compiling stm32f10x_dma.c...
compiling stm32f10x_exti.c...
compiling stm32f10x_flash.c...
compiling stm32f10x_fsmc.c...
compiling stm32f10x_gpio.c...
compiling stm32f10x_i2c.c...
compiling stm32f10x_iwdg.c...
compiling stm32f10x_pwr.c...
compiling stm32f10x_rcc.c...
compiling stm32f10x_rtc.c...
compiling stm32f10x_sdio.c...
compiling stm32f10x_spi.c...
compiling stm32f10x_tim.c...
compiling stm32f10x_usart.c...
compiling stm32f10x_wwdg.c...
linking...
Program Size: Code=39858 RO-data=8406 RW-data=168 ZI-data=29488  
FromELF: creating hex file...
".\output\TB6612FNG.axf" - 0 Error(s), 51 Warning(s).

<h2>Software Packages used:</h2>

Package Vendor: ARM
                http://www.keil.com/pack/ARM.CMSIS.4.1.0.pack
                ARM::CMSIS:CORE:3.30.0
                CMSIS (Cortex Microcontroller Software Interface Standard)
   * Component: CORE Version: 3.30.0

<h2>Collection of Component include folders:</h2>
  C:\Users\Administrator\Desktop\STM32转向车\课程\8、蓝牙控制小车\蓝牙新版\RTE
  C:\Keil_v5\ARM\PACK\ARM\CMSIS\4.1.0\CMSIS\Include

<h2>Collection of Component Files used:</h2>

   * Component: ARM::CMSIS:CORE:3.30.0
      Source file:   CMSIS\UserCodeTemplates\ARM\ITM_Retarget.c
Load "C:\\Users\\Administrator\\Desktop\\STM32转向车\\课程\\8、蓝牙控制小车\\蓝牙新版\\output\\TB6612FNG.axf" 
Set JLink Project File to "C:\Users\Administrator\Desktop\STM32转向车\课程\8、蓝牙控制小车\蓝牙新版\JLinkSettings.ini"
* JLink Info: Device "STM32F103RC" selected (256 KB flash, 48 KB RAM).
 
JLink info:
------------
DLL: V4.90 , compiled Jul 28 2014 10:35:20
Firmware: J-Link ARM V8 compiled Nov 28 2014 13:44:46
Hardware: V8.00
S/N : 805251123 
Feature(s) : RDI,FlashDL,FlashBP,JFlash,GDB 
 
* JLink Info: Found SWD-DP with ID 0x1BA01477
* JLink Info: Found SWD-DP with ID 0x1BA01477
* JLink Info: Found Cortex-M3 r1p1, Little endian.
* JLink Info: FPUnit: 6 code (BP) slots and 2 literal slots
* JLink Info: TPIU fitted.
* JLink Info: ETM fitted.
ROMTableAddr = 0xE00FF003
 
Target info:
------------
Device: STM32F103RC
VTarget = 3.280V
State of Pins: 
TCK: 0, TDI: 0, TDO: 0, TMS: 1, TRES: 1, TRST: 1
Hardware-Breakpoints: 6
Software-Breakpoints: 8192
Watchpoints:          4
JTAG speed: 200 kHz
 
Erase Done.
Programming Done.
Verify OK.
Application running ...
</pre>
</body>
</html>
