Product: MDK-ARM Standard 5.10
Component: ARM Compiler 5.04 update 1 (build 49)
Tool: armlink [5040049]

==============================================================================

Section Cross References

    startup_stm32f10x_md.o(STACK) refers (Special) to heapauxi.o(.text) for __use_two_region_memory
    startup_stm32f10x_md.o(HEAP) refers (Special) to heapauxi.o(.text) for __use_two_region_memory
    startup_stm32f10x_md.o(RESET) refers (Special) to heapauxi.o(.text) for __use_two_region_memory
    startup_stm32f10x_md.o(RESET) refers to startup_stm32f10x_md.o(STACK) for __initial_sp
    startup_stm32f10x_md.o(RESET) refers to startup_stm32f10x_md.o(.text) for Reset_Handler
    startup_stm32f10x_md.o(RESET) refers to bsp_timer.o(.text) for TIM1_UP_IRQHandler
    startup_stm32f10x_md.o(RESET) refers to bsp_ultrasonic.o(.text) for TIM2_IRQHandler
    startup_stm32f10x_md.o(RESET) refers to usart.o(.text) for USART1_IRQHandler
    startup_stm32f10x_md.o(.text) refers (Special) to heapauxi.o(.text) for __use_two_region_memory
    startup_stm32f10x_md.o(.text) refers to system_stm32f10x.o(.text) for SystemInit
    startup_stm32f10x_md.o(.text) refers to __main.o(!!!main) for __main
    startup_stm32f10x_md.o(.text) refers to startup_stm32f10x_md.o(HEAP) for Heap_Mem
    startup_stm32f10x_md.o(.text) refers to startup_stm32f10x_md.o(STACK) for Stack_Mem
    system_stm32f10x.o(.text) refers to system_stm32f10x.o(.data) for SystemCoreClock
    delay.o(.text) refers to misc.o(.text) for SysTick_CLKSourceConfig
    delay.o(.text) refers to system_stm32f10x.o(.data) for SystemCoreClock
    delay.o(.text) refers to delay.o(.data) for fac_us
    sys.o(.text) refers to misc.o(.text) for NVIC_PriorityGroupConfig
    usart.o(.text) refers (Special) to use_no_semi_2.o(.text) for __use_no_semihosting
    usart.o(.text) refers to stm32f10x_rcc.o(.text) for RCC_APB2PeriphClockCmd
    usart.o(.text) refers to stm32f10x_gpio.o(.text) for GPIO_Init
    usart.o(.text) refers to misc.o(.text) for NVIC_Init
    usart.o(.text) refers to stm32f10x_usart.o(.text) for USART_Init
    usart.o(.text) refers to usart.o(.data) for USART_RX_STA
    usart.o(.text) refers to usart.o(.bss) for USART_RX_BUF
    usart.o(.bss) refers (Special) to use_no_semi_2.o(.text) for __use_no_semihosting
    usart.o(.data) refers (Special) to use_no_semi_2.o(.text) for __use_no_semihosting
    main.o(.text) refers to bsp.o(.text) for bsp_init
    main.o(.text) refers to app_ultrasonic.o(.text) for app_ultrasonic_mode0
    main.o(.text) refers to oled.o(.text) for Draw_BMP
    main.o(.text) refers to oled.o(.constdata) for nonside
    app_motor.o(.text) refers to main.o(.data) for speed
    oled.o(.text) refers to stm32f10x_gpio.o(.text) for GPIO_SetBits
    oled.o(.text) refers to oled.o(.constdata) for F16x16
    app_ultrasonic.o(.text) refers to bsp_ultrasonic.o(.text) for bsp_getUltrasonicDistance
    app_ultrasonic.o(.text) refers to ffix.o(x$fpl$ffix) for __aeabi_f2iz
    app_ultrasonic.o(.text) refers to oled.o(.text) for LCD_Print
    app_ultrasonic.o(.text) refers to app_motor.o(.text) for MiniCar_Back
    app_ultrasonic.o(.text) refers to delay.o(.text) for delay_ms
    app_ultrasonic.o(.text) refers to ffixu.o(x$fpl$ffixu) for __aeabi_f2uiz
    app_ultrasonic.o(.text) refers to bsp_servo.o(.data) for Angle_J1
    bsp.o(.text) refers to bsp_gpio.o(.text) for MOTOR_GPIO_Init
    bsp.o(.text) refers to bsp_timer.o(.text) for TIM1_Int_Init
    bsp.o(.text) refers to usart.o(.text) for Uart1_init
    bsp.o(.text) refers to delay.o(.text) for delay_init
    bsp.o(.text) refers to sys.o(.text) for NVIC_Configuration
    bsp.o(.text) refers to bsp_oled.o(.text) for GPIO_UserInit
    bsp.o(.text) refers to oled.o(.text) for LCD_Init0
    bsp.o(.text) refers to bsp_adc.o(.text) for ADC_GPIO_Init
    bsp.o(.text) refers to bsp_ultrasonic.o(.text) for bsp_Ultrasonic_Timer2_Init
    bsp.o(.text) refers to bsp_servo.o(.data) for Angle_J1
    bsp_gpio.o(.text) refers to stm32f10x_rcc.o(.text) for RCC_APB2PeriphClockCmd
    bsp_gpio.o(.text) refers to stm32f10x_gpio.o(.text) for GPIO_Init
    bsp_servo.o(.text) refers to stm32f10x_gpio.o(.text) for GPIO_SetBits
    bsp_servo.o(.text) refers to delay.o(.text) for delay_us
    bsp_timer.o(.text) refers to stm32f10x_rcc.o(.text) for RCC_APB2PeriphClockCmd
    bsp_timer.o(.text) refers to stm32f10x_tim.o(.text) for TIM_TimeBaseInit
    bsp_timer.o(.text) refers to misc.o(.text) for NVIC_Init
    bsp_timer.o(.text) refers to stm32f10x_gpio.o(.text) for GPIO_SetBits
    bsp_timer.o(.text) refers to main.o(.data) for speed
    bsp_timer.o(.text) refers to bsp_timer.o(.data) for speed2
    bsp_timer.o(.text) refers to bsp_servo.o(.data) for Angle_J1
    bsp_oled.o(.text) refers to stm32f10x_rcc.o(.text) for RCC_APB2PeriphClockCmd
    bsp_oled.o(.text) refers to stm32f10x_gpio.o(.text) for GPIO_PinRemapConfig
    bsp_adc.o(.text) refers to stm32f10x_rcc.o(.text) for RCC_APB2PeriphClockCmd
[...]
    rtexit2.o(.ARM.exidx) refers to rtexit2.o(.ARM.Collect$$rtexit$$00000004) for .ARM.Collect$$rtexit$$00000004
    argv_veneer.o(.emb_text) refers to no_argv.o(.text) for __ARM_get_argv
    _get_argv_nomalloc.o(.text) refers (Special) to hrguard.o(.text) for __heap_region$guard
    _get_argv_nomalloc.o(.text) refers to defsig_rtmem_outer.o(.text) for __rt_SIGRTMEM
    _get_argv_nomalloc.o(.text) refers to sys_command.o(.text) for _sys_command_string
    libshutdown.o(.ARM.Collect$$libshutdown$$00000000) refers (Special) to libshutdown2.o(.ARM.Collect$$libshutdown$$00000006) for __rt_lib_shutdown_fp_trap_1
    libshutdown.o(.ARM.Collect$$libshutdown$$00000000) refers (Special) to libshutdown2.o(.ARM.Collect$$libshutdown$$0000000E) for __rt_lib_shutdown_heap_1
    libshutdown.o(.ARM.Collect$$libshutdown$$00000000) refers (Special) to libshutdown2.o(.ARM.Collect$$libshutdown$$0000000F) for __rt_lib_shutdown_return
    libshutdown.o(.ARM.Collect$$libshutdown$$00000000) refers (Special) to libshutdown2.o(.ARM.Collect$$libshutdown$$00000009) for __rt_lib_shutdown_signal_1
    libshutdown.o(.ARM.Collect$$libshutdown$$00000000) refers (Special) to libshutdown2.o(.ARM.Collect$$libshutdown$$00000003) for __rt_lib_shutdown_stdio_1
    libshutdown.o(.ARM.Collect$$libshutdown$$00000000) refers (Special) to libshutdown2.o(.ARM.Collect$$libshutdown$$0000000B) for __rt_lib_shutdown_user_alloc_1
    sys_command.o(.text) refers (Special) to use_no_semi.o(.text) for __I$use$semihosting
    sys_command.o(.text) refers (Special) to indicate_semi.o(.text) for __semihosting_library_function
    defsig_rtmem_outer.o(.text) refers to defsig_rtmem_inner.o(.text) for __rt_SIGRTMEM_inner
    defsig_rtmem_outer.o(.text) refers to defsig_exit.o(.text) for __sig_exit
    defsig_rtmem_formal.o(.text) refers to rt_raise.o(.text) for __rt_raise
    rt_raise.o(.text) refers to __raise.o(.text) for __raise
    rt_raise.o(.text) refers to usart.o(.text) for _sys_exit
    defsig_exit.o(.text) refers to usart.o(.text) for _sys_exit
    defsig_rtmem_inner.o(.text) refers to defsig_general.o(.text) for __default_signal_display
    __raise.o(.text) refers to defsig.o(CL$$defsig) for __default_signal_handler
    defsig_general.o(.text) refers to sys_wrch.o(.text) for _ttywrch
    sys_wrch.o(.text) refers (Special) to use_no_semi.o(.text) for __I$use$semihosting
    sys_wrch.o(.text) refers (Special) to indicate_semi.o(.text) for __semihosting_library_function
    defsig.o(CL$$defsig) refers to defsig_rtmem_inner.o(.text) for __rt_SIGRTMEM_inner
    defsig_abrt_inner.o(.text) refers to defsig_general.o(.text) for __default_signal_display
    defsig_fpe_inner.o(.text) refers to defsig_general.o(.text) for __default_signal_display
    defsig_rtred_inner.o(.text) refers to defsig_general.o(.text) for __default_signal_display
    defsig_stak_inner.o(.text) refers to defsig_general.o(.text) for __default_signal_display
    defsig_pvfn_inner.o(.text) refers to defsig_general.o(.text) for __default_signal_display
    defsig_cppl_inner.o(.text) refers to defsig_general.o(.text) for __default_signal_display
    defsig_segv_inner.o(.text) refers to defsig_general.o(.text) for __default_signal_display
    defsig_other.o(.text) refers to defsig_general.o(.text) for __default_signal_display


==============================================================================

Removing Unused input sections from the image.

    Removing bsp_servo.o(.text), (452 bytes).
    Removing stm32f10x_bkp.o(.text), (196 bytes).
    Removing stm32f10x_can.o(.text), (2544 bytes).
    Removing stm32f10x_cec.o(.text), (288 bytes).
    Removing stm32f10x_crc.o(.text), (72 bytes).
    Removing stm32f10x_dac.o(.text), (396 bytes).
    Removing stm32f10x_dbgmcu.o(.text), (48 bytes).
    Removing stm32f10x_dma.o(.text), (596 bytes).
    Removing stm32f10x_exti.o(.text), (284 bytes).
    Removing stm32f10x_flash.o(.text), (1468 bytes).
    Removing stm32f10x_fsmc.o(.text), (1548 bytes).
    Removing stm32f10x_i2c.o(.text), (1028 bytes).
    Removing stm32f10x_iwdg.o(.text), (64 bytes).
    Removing stm32f10x_pwr.o(.text), (204 bytes).
    Removing stm32f10x_rtc.o(.text), (328 bytes).
    Removing stm32f10x_sdio.o(.text), (468 bytes).
    Removing stm32f10x_spi.o(.text), (780 bytes).
    Removing stm32f10x_wwdg.o(.text), (136 bytes).

18 unused section(s) (total 10900 bytes) removed from the image.

==============================================================================

Image Symbol Table

    Local Symbols

    Symbol Name                              Value     Ov Type        Size  Object(Section)

    ../clib/angel/boardlib.s                 0x00000000   Number         0  boardinit1.o ABSOLUTE
    ../clib/angel/boardlib.s                 0x00000000   Number         0  boardinit2.o ABSOLUTE
    ../clib/angel/boardlib.s                 0x00000000   Number         0  boardinit3.o ABSOLUTE
    ../clib/angel/boardlib.s                 0x00000000   Number         0  boardshut.o ABSOLUTE
    ../clib/angel/handlers.s                 0x00000000   Number         0  __scatter_zi.o ABSOLUTE
    ../clib/angel/handlers.s                 0x00000000   Number         0  __scatter_copy.o ABSOLUTE
    ../clib/angel/kernel.s                   0x00000000   Number         0  rtentry4.o ABSOLUTE
    ../clib/angel/kernel.s                   0x00000000   Number         0  rtexit2.o ABSOLUTE
    ../clib/angel/kernel.s                   0x00000000   Number         0  rtentry.o ABSOLUTE
    ../clib/angel/kernel.s                   0x00000000   Number         0  rtentry2.o ABSOLUTE
    ../clib/angel/kernel.s                   0x00000000   Number         0  rtexit.o ABSOLUTE
    ../clib/angel/rt.s                       0x00000000   Number         0  rt_raise.o ABSOLUTE
    ../clib/angel/scatter.s                  0x00000000   Number         0  __scatter.o ABSOLUTE
    ../clib/angel/startup.s                  0x00000000   Number         0  __main.o ABSOLUTE
    ../clib/angel/sys.s                      0x00000000   Number         0  use_no_semi_2.o ABSOLUTE
    ../clib/angel/sys.s                      0x00000000   Number         0  indicate_semi.o ABSOLUTE
    ../clib/angel/sys.s                      0x00000000   Number         0  sys_stackheap_outer.o ABSOLUTE
    ../clib/angel/sys.s                      0x00000000   Number         0  libspace.o ABSOLUTE
    ../clib/angel/sys.s                      0x00000000   Number         0  use_no_semi.o ABSOLUTE
    ../clib/angel/sysapp.c                   0x00000000   Number         0  sys_command.o ABSOLUTE
    ../clib/angel/sysapp.c                   0x00000000   Number         0  sys_wrch.o ABSOLUTE
    ../clib/armsys.c                         0x00000000   Number         0  argv_veneer.o ABSOLUTE
    ../clib/armsys.c                         0x00000000   Number         0  no_argv.o ABSOLUTE
    ../clib/armsys.c                         0x00000000   Number         0  _get_argv_nomalloc.o ABSOLUTE
    ../clib/armsys.c                         0x00000000   Number         0  argv_veneer.o ABSOLUTE
    ../clib/heapalloc.c                      0x00000000   Number         0  hrguard.o ABSOLUTE
    ../clib/heapaux.c                        0x00000000   Number         0  heapauxi.o ABSOLUTE
    ../clib/libinit.s                        0x00000000   Number         0  libshutdown2.o ABSOLUTE
    ../clib/libinit.s                        0x00000000   Number         0  libinit2.o ABSOLUTE
    ../clib/libinit.s                        0x00000000   Number         0  libshutdown.o ABSOLUTE
    ../clib/libinit.s                        0x00000000   Number         0  libinit.o ABSOLUTE
    ../clib/memcpset.s                       0x00000000   Number         0  rt_memclr_w.o ABSOLUTE
    ../clib/signal.c                         0x00000000   Number         0  defsig_other.o ABSOLUTE
    ../clib/signal.c                         0x00000000   Number         0  defsig_general.o ABSOLUTE
    ../clib/signal.c                         0x00000000   Number         0  defsig_stak_inner.o ABSOLUTE
    ../clib/signal.c                         0x00000000   Number         0  defsig_rtmem_formal.o ABSOLUTE
    ../clib/signal.c                         0x00000000   Number         0  defsig_rtred_inner.o ABSOLUTE
    ../clib/signal.c                         0x00000000   Number         0  defsig_fpe_inner.o ABSOLUTE
    ../clib/signal.c                         0x00000000   Number         0  defsig_abrt_inner.o ABSOLUTE
    ../clib/signal.c                         0x00000000   Number         0  __raise.o ABSOLUTE
    ../clib/signal.c                         0x00000000   Number         0  defsig_rtmem_inner.o ABSOLUTE
    ../clib/signal.c                         0x00000000   Number         0  defsig_exit.o ABSOLUTE
    ../clib/signal.c                         0x00000000   Number         0  defsig_rtmem_outer.o ABSOLUTE
    ../clib/signal.c                         0x00000000   Number         0  defsig_segv_inner.o ABSOLUTE
    ../clib/signal.c                         0x00000000   Number         0  defsig_cppl_inner.o ABSOLUTE
    ../clib/signal.c                         0x00000000   Number         0  defsig_pvfn_inner.o ABSOLUTE
    ../clib/signal.s                         0x00000000   Number         0  defsig.o ABSOLUTE
    ../clib/stdlib.c                         0x00000000   Number         0  exit.o ABSOLUTE
    ../fplib/d2f.s                           0x00000000   Number         0  d2f.o ABSOLUTE
    ../fplib/ddiv.s                          0x00000000   Number         0  ddiv.o ABSOLUTE
    ../fplib/dflt.s                          0x00000000   Number         0  dflt_clz.o ABSOLUTE
    ../fplib/dmul.s                          0x00000000   Number         0  dmul.o ABSOLUTE
    ../fplib/dnaninf.s                       0x00000000   Number         0  dnaninf.o ABSOLUTE
    ../fplib/dretinf.s                       0x00000000   Number         0  dretinf.o ABSOLUTE
    ../fplib/f2d.s                           0x00000000   Number         0  f2d.o ABSOLUTE
    ../fplib/faddsub.s                       0x00000000   Number         0  faddsub_clz.o ABSOLUTE
    ../fplib/fcmpi.s                         0x00000000   Number         0  fcmpi.o ABSOLUTE
    ../fplib/fdiv.s                          0x00000000   Number         0  fdiv.o ABSOLUTE
    ../fplib/ffix.s                          0x00000000   Number         0  ffix.o ABSOLUTE
    ../fplib/ffixu.s                         0x00000000   Number         0  ffixu.o ABSOLUTE
    ../fplib/fflt.s                          0x00000000   Number         0  fflt_clz.o ABSOLUTE
    ../fplib/fleqf.s                         0x00000000   Number         0  fleqf.o ABSOLUTE
    ../fplib/fmul.s                          0x00000000   Number         0  fmul.o ABSOLUTE
    ../fplib/fnaninf.s                       0x00000000   Number         0  fnaninf.o ABSOLUTE
    ../fplib/fpinit.s                        0x00000000   Number         0  fpinit.o ABSOLUTE
    ../fplib/fretinf.s                       0x00000000   Number         0  fretinf.o ABSOLUTE
    ../fplib/frleqf.s                        0x00000000   Number         0  frleqf.o ABSOLUTE
    ../fplib/usenofp.s                       0x00000000   Number         0  usenofp.o ABSOLUTE
    Source\APP\OLED.c                        0x00000000   Number         0  oled.o ABSOLUTE
    Source\APP\app_motor.c                   0x00000000   Number         0  app_motor.o ABSOLUTE
    Source\APP\app_ultrasonic.c              0x00000000   Number         0  app_ultrasonic.o ABSOLUTE
    Source\APP\main.c                        0x00000000   Number         0  main.o ABSOLUTE
    Source\BSP\bsp.c                         0x00000000   Number         0  bsp.o ABSOLUTE
    Source\BSP\bsp_OLED.c                    0x00000000   Number         0  bsp_oled.o ABSOLUTE
    Source\BSP\bsp_adc.c                     0x00000000   Number         0  bsp_adc.o ABSOLUTE
    Source\BSP\bsp_gpio.c                    0x00000000   Number         0  bsp_gpio.o ABSOLUTE
    Source\BSP\bsp_servo.c                   0x00000000   Number         0  bsp_servo.o ABSOLUTE
    Source\BSP\bsp_timer.c                   0x00000000   Number         0  bsp_timer.o ABSOLUTE
    Source\BSP\bsp_ultrasonic.c              0x00000000   Number         0  bsp_ultrasonic.o ABSOLUTE
    Source\CMSIS\startup\startup_stm32f10x_md.s 0x00000000   Number         0  startup_stm32f10x_md.o ABSOLUTE
    Source\CMSIS\system_stm32f10x.c          0x00000000   Number         0  system_stm32f10x.o ABSOLUTE
    Source\FWlib\src\misc.c                  0x00000000   Number         0  misc.o ABSOLUTE
    Source\FWlib\src\stm32f10x_adc.c         0x00000000   Number         0  stm32f10x_adc.o ABSOLUTE
    Source\FWlib\src\stm32f10x_bkp.c         0x00000000   Number         0  stm32f10x_bkp.o ABSOLUTE
    Source\FWlib\src\stm32f10x_can.c         0x00000000   Number         0  stm32f10x_can.o ABSOLUTE
    Source\FWlib\src\stm32f10x_cec.c         0x00000000   Number         0  stm32f10x_cec.o ABSOLUTE
    Source\FWlib\src\stm32f10x_crc.c         0x00000000   Number         0  stm32f10x_crc.o ABSOLUTE
    Source\FWlib\src\stm32f10x_dac.c         0x00000000   Number         0  stm32f10x_dac.o ABSOLUTE
    Source\FWlib\src\stm32f10x_dbgmcu.c      0x00000000   Number         0  stm32f10x_dbgmcu.o ABSOLUTE
    Source\FWlib\src\stm32f10x_dma.c         0x00000000   Number         0  stm32f10x_dma.o ABSOLUTE
    Source\FWlib\src\stm32f10x_exti.c        0x00000000   Number         0  stm32f10x_exti.o ABSOLUTE
    Source\FWlib\src\stm32f10x_flash.c       0x00000000   Number         0  stm32f10x_flash.o ABSOLUTE
    Source\FWlib\src\stm32f10x_fsmc.c        0x00000000   Number         0  stm32f10x_fsmc.o ABSOLUTE
    Source\FWlib\src\stm32f10x_gpio.c        0x00000000   Number         0  stm32f10x_gpio.o ABSOLUTE
    Source\FWlib\src\stm32f10x_i2c.c         0x00000000   Number         0  stm32f10x_i2c.o ABSOLUTE
    Source\FWlib\src\stm32f10x_iwdg.c        0x00000000   Number         0  stm32f10x_iwdg.o ABSOLUTE
    Source\FWlib\src\stm32f10x_pwr.c         0x00000000   Number         0  stm32f10x_pwr.o ABSOLUTE
    Source\FWlib\src\stm32f10x_rcc.c         0x00000000   Number         0  stm32f10x_rcc.o ABSOLUTE
    Source\FWlib\src\stm32f10x_rtc.c         0x00000000   Number         0  stm32f10x_rtc.o ABSOLUTE
    Source\FWlib\src\stm32f10x_sdio.c        0x00000000   Number         0  stm32f10x_sdio.o ABSOLUTE
    Source\FWlib\src\stm32f10x_spi.c         0x00000000   Number         0  stm32f10x_spi.o ABSOLUTE
    Source\FWlib\src\stm32f10x_tim.c         0x00000000   Number         0  stm32f10x_tim.o ABSOLUTE
    Source\FWlib\src\stm32f10x_usart.c       0x00000000   Number         0  stm32f10x_usart.o ABSOLUTE
    Source\FWlib\src\stm32f10x_wwdg.c        0x00000000   Number         0  stm32f10x_wwdg.o ABSOLUTE
    Source\PUBLIC\delay\delay.c              0x00000000   Number         0  delay.o ABSOLUTE
    Source\PUBLIC\sys\sys.c                  0x00000000   Number         0  sys.o ABSOLUTE
    Source\PUBLIC\usart\usart.c              0x00000000   Number         0  usart.o ABSOLUTE
    dc.s                                     0x00000000   Number         0  dc.o ABSOLUTE
    RESET                                    0x08000000   Section      236  startup_stm32f10x_md.o(RESET)
    !!!main                                  0x080000ec   Section        8  __main.o(!!!main)
    !!!scatter                               0x080000f4   Section       52  __scatter.o(!!!scatter)
    !!handler_copy                           0x08000128   Section       26  __scatter_copy.o(!!handler_copy)
    !!handler_zi                             0x08000144   Section       28  __scatter_zi.o(!!handler_zi)
    .ARM.Collect$$libinit$$00000000          0x08000160   Section        2  libinit.o(.ARM.Collect$$libinit$$00000000)
    .ARM.Collect$$libinit$$00000002          0x08000162   Section        0  libinit2.o(.ARM.Collect$$libinit$$00000002)
    .ARM.Collect$$libinit$$00000008          0x08000162   Section        0  libinit2.o(.ARM.Collect$$libinit$$00000008)
    .ARM.Collect$$libinit$$0000000A          0x08000162   Section        0  libinit2.o(.ARM.Collect$$libinit$$0000000A)
    .ARM.Collect$$libinit$$0000000C          0x08000162   Section        0  libinit2.o(.ARM.Collect$$libinit$$0000000C)
    .ARM.Collect$$libinit$$0000000F          0x08000162   Section        0  libinit2.o(.ARM.Collect$$libinit$$0000000F)
    .ARM.Collect$$libinit$$00000011          0x08000162   Section        0  libinit2.o(.ARM.Collect$$libinit$$00000011)
    .ARM.Collect$$libinit$$00000013          0x08000162   Section        0  libinit2.o(.ARM.Collect$$libinit$$00000013)
    .ARM.Collect$$libinit$$00000015          0x08000162   Section        0  libinit2.o(.ARM.Collect$$libinit$$00000015)
    .ARM.Collect$$libinit$$00000017          0x08000162   Section        0  libinit2.o(.ARM.Collect$$libinit$$00000017)
    .ARM.Collect$$libinit$$00000019          0x08000162   Section        0  libinit2.o(.ARM.Collect$$libinit$$00000019)
    .ARM.Collect$$libinit$$0000001B          0x08000162   Section        0  libinit2.o(.ARM.Collect$$libinit$$0000001B)
    .ARM.Collect$$libinit$$0000001D          0x08000162   Section        0  libinit2.o(.ARM.Collect$$libinit$$0000001D)
    .ARM.Collect$$libinit$$0000001F          0x08000162   Section        0  libinit2.o(.ARM.Collect$$libinit$$0000001F)
    .ARM.Collect$$libinit$$00000021          0x08000162   Section        0  libinit2.o(.ARM.Collect$$libinit$$00000021)
    .ARM.Collect$$libinit$$00000023          0x08000162   Section        0  libinit2.o(.ARM.Collect$$libinit$$00000023)
    .ARM.Collect$$libinit$$0000002A          0x08000162   Section        0  libinit2.o(.ARM.Collect$$libinit$$0000002A)
    .ARM.Collect$$libinit$$0000002C          0x08000162   Section        0  libinit2.o(.ARM.Collect$$libinit$$0000002C)
    .ARM.Collect$$libinit$$0000002E          0x08000162   Section        0  libinit2.o(.ARM.Collect$$libinit$$0000002E)
    .ARM.Collect$$libinit$$00000030          0x08000162   Section        0  libinit2.o(.ARM.Collect$$libinit$$00000030)
    .ARM.Collect$$libinit$$00000031          0x08000162   Section        2  libinit2.o(.ARM.Collect$$libinit$$00000031)
    .ARM.Collect$$libshutdown$$00000000      0x08000164   Section        2  libshutdown.o(.ARM.Collect$$libshutdown$$00000000)
    .ARM.Collect$$libshutdown$$00000003      0x08000166   Section        0  libshutdown2.o(.ARM.Collect$$libshutdown$$00000003)
    .ARM.Collect$$libshutdown$$00000006      0x08000166   Section        0  libshutdown2.o(.ARM.Collect$$libshutdown$$00000006)
    .ARM.Collect$$libshutdown$$00000009      0x08000166   Section        0  libshutdown2.o(.ARM.Collect$$libshutdown$$00000009)
    .ARM.Collect$$libshutdown$$0000000B      0x08000166   Section        0  libshutdown2.o(.ARM.Collect$$libshutdown$$0000000B)
    .ARM.Collect$$libshutdown$$0000000E      0x08000166   Section        0  libshutdown2.o(.ARM.Collect$$libshutdown$$0000000E)
    .ARM.Collect$$libshutdown$$0000000F      0x08000166   Section        2  libshutdown2.o(.ARM.Collect$$libshutdown$$0000000F)
    .ARM.Collect$$rtentry$$00000000          0x08000168   Section        0  rtentry.o(.ARM.Collect$$rtentry$$00000000)
    .ARM.Collect$$rtentry$$00000002          0x08000168   Section        0  rtentry2.o(.ARM.Collect$$rtentry$$00000002)
    .ARM.Collect$$rtentry$$00000004          0x08000168   Section        6  rtentry4.o(.ARM.Collect$$rtentry$$00000004)
    .ARM.Collect$$rtentry$$00000009          0x0800016e   Section        0  rtentry2.o(.ARM.Collect$$rtentry$$00000009)
    .ARM.Collect$$rtentry$$0000000A          0x0800016e   Section        4  rtentry2.o(.ARM.Collect$$rtentry$$0000000A)
    .ARM.Collect$$rtentry$$0000000C          0x08000172   Section        0  rtentry2.o(.ARM.Collect$$rtentry$$0000000C)
    .ARM.Collect$$rtentry$$0000000D          0x08000172   Section        8  rtentry2.o(.ARM.Collect$$rtentry$$0000000D)
    .ARM.Collect$$rtexit$$00000000           0x0800017a   Section        2  rtexit.o(.ARM.Collect$$rtexit$$00000000)
    .ARM.Collect$$rtexit$$00000002           0x0800017c   Section        0  rtexit2.o(.ARM.Collect$$rtexit$$00000002)
    .ARM.Collect$$rtexit$$00000003           0x0800017c   Section        4  rtexit2.o(.ARM.Collect$$rtexit$$00000003)
    .ARM.Collect$$rtexit$$00000004           0x08000180   Section        6  rtexit2.o(.ARM.Collect$$rtexit$$00000004)
    .text                                    0x08000188   Section       64  startup_stm32f10x_md.o(.text)
    .text                                    0x080001c8   Section        0  system_stm32f10x.o(.text)
    SetSysClockTo72                          0x080001c9   Thumb Code   214  system_stm32f10x.o(.text)
    SetSysClock                              0x0800029f   Thumb Code     8  system_stm32f10x.o(.text)
    .text                                    0x080003a8   Section        0  delay.o(.text)
    .text                                    0x0800047c   Section        0  sys.o(.text)
    .text                                    0x08000488   Section        0  usart.o(.text)
    .text                                    0x08000730   Section        0  main.o(.text)
    .text                                    0x08000760   Section        0  app_motor.o(.text)
    .text                                    0x08000788   Section        0  oled.o(.text)
    .text                                    0x08000fd4   Section        0  app_ultrasonic.o(.text)
    .text                                    0x08001180   Section        0  bsp.o(.text)
    .text                                    0x080011cc   Section        0  bsp_gpio.o(.text)
    .text                                    0x0800131c   Section        0  bsp_timer.o(.text)
    .text                                    0x080014b0   Section        0  bsp_oled.o(.text)
    .text                                    0x08001524   Section        0  bsp_adc.o(.text)
    Get_Adc                                  0x080015b9   Thumb Code    46  bsp_adc.o(.text)
    Get_Adc_Average                          0x080015e7   Thumb Code    46  bsp_adc.o(.text)
    Get_Measure_Volotage                     0x08001615   Thumb Code    52  bsp_adc.o(.text)
    .text                                    0x080017b4   Section        0  bsp_ultrasonic.o(.text)
    .text                                    0x08001a5c   Section        0  misc.o(.text)
    .text                                    0x08001b38   Section        0  stm32f10x_adc.o(.text)
    .text                                    0x08001f88   Section        0  stm32f10x_gpio.o(.text)
    .text                                    0x080022e4   Section        0  stm32f10x_rcc.o(.text)
    .text                                    0x08002688   Section        0  stm32f10x_tim.o(.text)
    TI4_Config                               0x08002b2f   Thumb Code   130  stm32f10x_tim.o(.text)
    TI3_Config                               0x08002bc3   Thumb Code   122  stm32f10x_tim.o(.text)
    TI2_Config                               0x08002c57   Thumb Code   130  stm32f10x_tim.o(.text)
    TI1_Config                               0x08002ceb   Thumb Code   108  stm32f10x_tim.o(.text)
    .text                                    0x080034a4   Section        0  stm32f10x_usart.o(.text)
    .text                                    0x080038ac   Section        2  use_no_semi_2.o(.text)
    .text                                    0x080038ae   Section       78  rt_memclr_w.o(.text)
    .text                                    0x080038fc   Section        0  heapauxi.o(.text)
    .text                                    0x08003902   Section        2  use_no_semi.o(.text)
    .text                                    0x08003904   Section       74  sys_stackheap_outer.o(.text)
    .text                                    0x0800394e   Section        0  exit.o(.text)
    .text                                    0x0800395c   Section        8  libspace.o(.text)
    x$fpl$d2f                                0x08003964   Section       98  d2f.o(x$fpl$d2f)
    x$fpl$ddiv                               0x080039c8   Section      688  ddiv.o(x$fpl$ddiv)
    ddiv_entry                               0x080039cf   Thumb Code     0  ddiv.o(x$fpl$ddiv)
    x$fpl$dfltu                              0x08003c78   Section       38  dflt_clz.o(x$fpl$dfltu)
    x$fpl$dmul                               0x08003ca0   Section      340  dmul.o(x$fpl$dmul)
    x$fpl$dnaninf                            0x08003df4   Section      156  dnaninf.o(x$fpl$dnaninf)
    x$fpl$dretinf                            0x08003e90   Section       12  dretinf.o(x$fpl$dretinf)
    x$fpl$f2d                                0x08003e9c   Section       86  f2d.o(x$fpl$f2d)
    x$fpl$fadd                               0x08003ef4   Section      196  faddsub_clz.o(x$fpl$fadd)
    _fadd1                                   0x08003f03   Thumb Code     0  faddsub_clz.o(x$fpl$fadd)
    x$fpl$fcmpinf                            0x08003fb8   Section       24  fcmpi.o(x$fpl$fcmpinf)
    x$fpl$fdiv                               0x08003fd0   Section      388  fdiv.o(x$fpl$fdiv)
    _fdiv1                                   0x08003fd1   Thumb Code     0  fdiv.o(x$fpl$fdiv)
    x$fpl$ffix                               0x08004154   Section       54  ffix.o(x$fpl$ffix)
    x$fpl$ffixu                              0x0800418c   Section       62  ffixu.o(x$fpl$ffixu)
    x$fpl$fflt                               0x080041cc   Section       48  fflt_clz.o(x$fpl$fflt)
    x$fpl$ffltu                              0x080041fc   Section       38  fflt_clz.o(x$fpl$ffltu)
    x$fpl$fleqf                              0x08004224   Section      104  fleqf.o(x$fpl$fleqf)
    x$fpl$fmul                               0x0800428c   Section      258  fmul.o(x$fpl$fmul)
    x$fpl$fnaninf                            0x0800438e   Section      140  fnaninf.o(x$fpl$fnaninf)
    x$fpl$fretinf                            0x0800441a   Section       10  fretinf.o(x$fpl$fretinf)
    x$fpl$frleqf                             0x08004424   Section       98  frleqf.o(x$fpl$frleqf)
    x$fpl$frsb                               0x08004486   Section       20  faddsub_clz.o(x$fpl$frsb)
    x$fpl$fsub                               0x0800449c   Section      234  faddsub_clz.o(x$fpl$fsub)
    _fsub1                                   0x080044ab   Thumb Code     0  faddsub_clz.o(x$fpl$fsub)
    .constdata                               0x08004586   Section     4349  oled.o(.constdata)
    x$fpl$usenofp                            0x08004586   Section        0  usenofp.o(x$fpl$usenofp)
    .data                                    0x20000000   Section       20  system_stm32f10x.o(.data)
    .data                                    0x20000014   Section        4  delay.o(.data)
    fac_us                                   0x20000014   Data           1  delay.o(.data)
    fac_ms                                   0x20000016   Data           2  delay.o(.data)
    .data                                    0x20000018   Section       24  usart.o(.data)
    .data                                    0x20000030   Section        8  main.o(.data)
    .data                                    0x20000038   Section       24  bsp_servo.o(.data)
    .data                                    0x20000050   Section       12  bsp_timer.o(.data)
    .data                                    0x2000005c   Section        4  bsp_ultrasonic.o(.data)
    .data                                    0x20000060   Section       20  stm32f10x_rcc.o(.data)
    APBAHBPrescTable                         0x20000060   Data          16  stm32f10x_rcc.o(.data)
    ADCPrescTable                            0x20000070   Data           4  stm32f10x_rcc.o(.data)
    .bss                                     0x20000074   Section      280  usart.o(.bss)
    .bss                                     0x2000018c   Section       96  libspace.o(.bss)
    HEAP                                     0x200001f0   Section      512  startup_stm32f10x_md.o(HEAP)
    Heap_Mem                                 0x200001f0   Data         512  startup_stm32f10x_md.o(HEAP)
    STACK                                    0x200003f0   Section     1024  startup_stm32f10x_md.o(STACK)
    Stack_Mem                                0x200003f0   Data        1024  startup_stm32f10x_md.o(STACK)
    __initial_sp                             0x200007f0   Data           0  startup_stm32f10x_md.o(STACK)

    Global Symbols

    Symbol Name                              Value     Ov Type        Size  Object(Section)

    BuildAttributes$$THM_ISAv4$P$D$K$B$S$PE$A:L22UL41UL21$X:L11$S22US41US21$IEEE1$IW$USESV6$~STKCKD$USESV7$~SHL$OSPACE$ROPI$EBA8$UX$STANDARDLIB$REQ8$PRES8$EABIv2 0x00000000   Number         0  anon$$obj.o ABSOLUTE
    __ARM_use_no_argv                        0x00000000   Number         0  main.o ABSOLUTE
    __ARM_exceptions_init                     - Undefined Weak Reference
    __alloca_initialize                       - Undefined Weak Reference
    __cpp_initialize__aeabi_                  - Undefined Weak Reference
    __cxa_finalize                            - Undefined Weak Reference
    __rt_locale                               - Undefined Weak Reference
    __sigvec_lookup                           - Undefined Weak Reference
    _atexit_init                              - Undefined Weak Reference
    _call_atexit_fns                          - Undefined Weak Reference
    _clock_init                               - Undefined Weak Reference
    _fp_trap_init                             - Undefined Weak Reference
    _fp_trap_shutdown                         - Undefined Weak Reference
    _get_lc_collate                           - Undefined Weak Reference
    _get_lc_ctype                             - Undefined Weak Reference
    _get_lc_monetary                          - Undefined Weak Reference
    _get_lc_numeric                           - Undefined Weak Reference
    _get_lc_time                              - Undefined Weak Reference
    _getenv_init                              - Undefined Weak Reference
    _handle_redirection                       - Undefined Weak Reference
    _init_alloc                               - Undefined Weak Reference
    _init_user_alloc                          - Undefined Weak Reference
    _initio                                   - Undefined Weak Reference
    _rand_init                                - Undefined Weak Reference
    _signal_finish                            - Undefined Weak Reference
    _signal_init                              - Undefined Weak Reference
    _terminate_alloc                          - Undefined Weak Reference
    _terminate_user_alloc                     - Undefined Weak Reference
    _terminateio                              - Undefined Weak Reference
    __Vectors_Size                           0x000000ec   Number         0  startup_stm32f10x_md.o ABSOLUTE
    __Vectors                                0x08000000   Data           4  startup_stm32f10x_md.o(RESET)
    __Vectors_End                            0x080000ec   Data           0  startup_stm32f10x_md.o(RESET)
    __main                                   0x080000ed   Thumb Code     8  __main.o(!!!main)
    __scatterload                            0x080000f5   Thumb Code     0  __scatter.o(!!!scatter)
    __scatterload_rt2                        0x080000f5   Thumb Code    44  __scatter.o(!!!scatter)
    __scatterload_rt2_thumb_only             0x080000f5   Thumb Code     0  __scatter.o(!!!scatter)
    __scatterload_null                       0x08000103   Thumb Code     0  __scatter.o(!!!scatter)
    __scatterload_copy                       0x08000129   Thumb Code    26  __scatter_copy.o(!!handler_copy)
    __scatterload_zeroinit                   0x08000145   Thumb Code    28  __scatter_zi.o(!!handler_zi)
    __rt_lib_init                            0x08000161   Thumb Code     0  libinit.o(.ARM.Collect$$libinit$$00000000)
    __rt_lib_init_alloca_1                   0x08000163   Thumb Code     0  libinit2.o(.ARM.Collect$$libinit$$0000002C)
    __rt_lib_init_argv_1                     0x08000163   Thumb Code     0  libinit2.o(.ARM.Collect$$libinit$$0000002A)
    __rt_lib_init_atexit_1                   0x08000163   Thumb Code     0  libinit2.o(.ARM.Collect$$libinit$$00000019)
    __rt_lib_init_clock_1                    0x08000163   Thumb Code     0  libinit2.o(.ARM.Collect$$libinit$$0000001F)
    __rt_lib_init_cpp_1                      0x08000163   Thumb Code     0  libinit2.o(.ARM.Collect$$libinit$$00000030)
    __rt_lib_init_exceptions_1               0x08000163   Thumb Code     0  libinit2.o(.ARM.Collect$$libinit$$0000002E)
    __rt_lib_init_fp_1                       0x08000163   Thumb Code     0  libinit2.o(.ARM.Collect$$libinit$$00000002)
    __rt_lib_init_fp_trap_1                  0x08000163   Thumb Code     0  libinit2.o(.ARM.Collect$$libinit$$0000001D)
    __rt_lib_init_getenv_1                   0x08000163   Thumb Code     0  libinit2.o(.ARM.Collect$$libinit$$00000021)
    __rt_lib_init_heap_1                     0x08000163   Thumb Code     0  libinit2.o(.ARM.Collect$$libinit$$00000008)
    __rt_lib_init_lc_collate_1               0x08000163   Thumb Code     0  libinit2.o(.ARM.Collect$$libinit$$0000000F)
    __rt_lib_init_lc_ctype_1                 0x08000163   Thumb Code     0  libinit2.o(.ARM.Collect$$libinit$$00000011)
    __rt_lib_init_lc_monetary_1              0x08000163   Thumb Code     0  libinit2.o(.ARM.Collect$$libinit$$00000013)
    __rt_lib_init_lc_numeric_1               0x08000163   Thumb Code     0  libinit2.o(.ARM.Collect$$libinit$$00000015)
    __rt_lib_init_lc_time_1                  0x08000163   Thumb Code     0  libinit2.o(.ARM.Collect$$libinit$$00000017)
    __rt_lib_init_rand_1                     0x08000163   Thumb Code     0  libinit2.o(.ARM.Collect$$libinit$$0000000C)
    __rt_lib_init_return                     0x08000163   Thumb Code     0  libinit2.o(.ARM.Collect$$libinit$$00000031)
    __rt_lib_init_signal_1                   0x08000163   Thumb Code     0  libinit2.o(.ARM.Collect$$libinit$$0000001B)
    __rt_lib_init_stdio_1                    0x08000163   Thumb Code     0  libinit2.o(.ARM.Collect$$libinit$$00000023)
    __rt_lib_init_user_alloc_1               0x08000163   Thumb Code     0  libinit2.o(.ARM.Collect$$libinit$$0000000A)
    __rt_lib_shutdown                        0x08000165   Thumb Code     0  libshutdown.o(.ARM.Collect$$libshutdown$$00000000)
    __rt_lib_shutdown_fp_trap_1              0x08000167   Thumb Code     0  libshutdown2.o(.ARM.Collect$$libshutdown$$00000006)
    __rt_lib_shutdown_heap_1                 0x08000167   Thumb Code     0  libshutdown2.o(.ARM.Collect$$libshutdown$$0000000E)
    __rt_lib_shutdown_return                 0x08000167   Thumb Code     0  libshutdown2.o(.ARM.Collect$$libshutdown$$0000000F)
    __rt_lib_shutdown_signal_1               0x08000167   Thumb Code     0  libshutdown2.o(.ARM.Collect$$libshutdown$$00000009)
    __rt_lib_shutdown_stdio_1                0x08000167   Thumb Code     0  libshutdown2.o(.ARM.Collect$$libshutdown$$00000003)
    __rt_lib_shutdown_user_alloc_1           0x08000167   Thumb Code     0  libshutdown2.o(.ARM.Collect$$libshutdown$$0000000B)
    __rt_entry                               0x08000169   Thumb Code     0  rtentry.o(.ARM.Collect$$rtentry$$00000000)
    __rt_entry_presh_1                       0x08000169   Thumb Code     0  rtentry2.o(.ARM.Collect$$rtentry$$00000002)
    __rt_entry_sh                            0x08000169   Thumb Code     0  rtentry4.o(.ARM.Collect$$rtentry$$00000004)
    __rt_entry_li                            0x0800016f   Thumb Code     0  rtentry2.o(.ARM.Collect$$rtentry$$0000000A)
    __rt_entry_postsh_1                      0x0800016f   Thumb Code     0  rtentry2.o(.ARM.Collect$$rtentry$$00000009)
    __rt_entry_main                          0x08000173   Thumb Code     0  rtentry2.o(.ARM.Collect$$rtentry$$0000000D)
    __rt_entry_postli_1                      0x08000173   Thumb Code     0  rtentry2.o(.ARM.Collect$$rtentry$$0000000C)
    __rt_exit                                0x0800017b   Thumb Code     0  rtexit.o(.ARM.Collect$$rtexit$$00000000)
    __rt_exit_ls                             0x0800017d   Thumb Code     0  rtexit2.o(.ARM.Collect$$rtexit$$00000003)
    __rt_exit_prels_1                        0x0800017d   Thumb Code     0  rtexit2.o(.ARM.Collect$$rtexit$$00000002)
    __rt_exit_exit                           0x08000181   Thumb Code     0  rtexit2.o(.ARM.Collect$$rtexit$$00000004)
    Reset_Handler                            0x08000189   Thumb Code     8  startup_stm32f10x_md.o(.text)
    NMI_Handler                              0x08000191   Thumb Code     2  startup_stm32f10x_md.o(.text)
    HardFault_Handler                        0x08000193   Thumb Code     2  startup_stm32f10x_md.o(.text)
    MemManage_Handler                        0x08000195   Thumb Code     2  startup_stm32f10x_md.o(.text)
    BusFault_Handler                         0x08000197   Thumb Code     2  startup_stm32f10x_md.o(.text)
    UsageFault_Handler                       0x08000199   Thumb Code     2  startup_stm32f10x_md.o(.text)
    SVC_Handler                              0x0800019b   Thumb Code     2  startup_stm32f10x_md.o(.text)
    DebugMon_Handler                         0x0800019d   Thumb Code     2  startup_stm32f10x_md.o(.text)
    PendSV_Handler                           0x0800019f   Thumb Code     2  startup_stm32f10x_md.o(.text)
    SysTick_Handler                          0x080001a1   Thumb Code     2  startup_stm32f10x_md.o(.text)
    ADC1_2_IRQHandler                        0x080001a3   Thumb Code     0  startup_stm32f10x_md.o(.text)
    CAN1_RX1_IRQHandler                      0x080001a3   Thumb Code     0  startup_stm32f10x_md.o(.text)
    CAN1_SCE_IRQHandler                      0x080001a3   Thumb Code     0  startup_stm32f10x_md.o(.text)
    DMA1_Channel1_IRQHandler                 0x080001a3   Thumb Code     0  startup_stm32f10x_md.o(.text)
    DMA1_Channel2_IRQHandler                 0x080001a3   Thumb Code     0  startup_stm32f10x_md.o(.text)
    DMA1_Channel3_IRQHandler                 0x080001a3   Thumb Code     0  startup_stm32f10x_md.o(.text)
    DMA1_Channel4_IRQHandler                 0x080001a3   Thumb Code     0  startup_stm32f10x_md.o(.text)
    DMA1_Channel5_IRQHandler                 0x080001a3   Thumb Code     0  startup_stm32f10x_md.o(.text)
    DMA1_Channel6_IRQHandler                 0x080001a3   Thumb Code     0  startup_stm32f10x_md.o(.text)
    DMA1_Channel7_IRQHandler                 0x080001a3   Thumb Code     0  startup_stm32f10x_md.o(.text)
    EXTI0_IRQHandler                         0x080001a3   Thumb Code     0  startup_stm32f10x_md.o(.text)
    EXTI15_10_IRQHandler                     0x080001a3   Thumb Code     0  startup_stm32f10x_md.o(.text)
    EXTI1_IRQHandler                         0x080001a3   Thumb Code     0  startup_stm32f10x_md.o(.text)
    EXTI2_IRQHandler                         0x080001a3   Thumb Code     0  startup_stm32f10x_md.o(.text)
    EXTI3_IRQHandler                         0x080001a3   Thumb Code     0  startup_stm32f10x_md.o(.text)
    EXTI4_IRQHandler                         0x080001a3   Thumb Code     0  startup_stm32f10x_md.o(.text)
    EXTI9_5_IRQHandler                       0x080001a3   Thumb Code     0  startup_stm32f10x_md.o(.text)
    FLASH_IRQHandler                         0x080001a3   Thumb Code     0  startup_stm32f10x_md.o(.text)
    I2C1_ER_IRQHandler                       0x080001a3   Thumb Code     0  startup_stm32f10x_md.o(.text)
    I2C1_EV_IRQHandler                       0x080001a3   Thumb Code     0  startup_stm32f10x_md.o(.text)
    I2C2_ER_IRQHandler                       0x080001a3   Thumb Code     0  startup_stm32f10x_md.o(.text)
    I2C2_EV_IRQHandler                       0x080001a3   Thumb Code     0  startup_stm32f10x_md.o(.text)
    PVD_IRQHandler                           0x080001a3   Thumb Code     0  startup_stm32f10x_md.o(.text)
    RCC_IRQHandler                           0x080001a3   Thumb Code     0  startup_stm32f10x_md.o(.text)
    RTCAlarm_IRQHandler                      0x080001a3   Thumb Code     0  startup_stm32f10x_md.o(.text)
    RTC_IRQHandler                           0x080001a3   Thumb Code     0  startup_stm32f10x_md.o(.text)
    SPI1_IRQHandler                          0x080001a3   Thumb Code     0  startup_stm32f10x_md.o(.text)
    SPI2_IRQHandler                          0x080001a3   Thumb Code     0  startup_stm32f10x_md.o(.text)
    TAMPER_IRQHandler                        0x080001a3   Thumb Code     0  startup_stm32f10x_md.o(.text)
    TIM1_BRK_IRQHandler                      0x080001a3   Thumb Code     0  startup_stm32f10x_md.o(.text)
    TIM1_CC_IRQHandler                       0x080001a3   Thumb Code     0  startup_stm32f10x_md.o(.text)
    TIM1_TRG_COM_IRQHandler                  0x080001a3   Thumb Code     0  startup_stm32f10x_md.o(.text)
    TIM3_IRQHandler                          0x080001a3   Thumb Code     0  startup_stm32f10x_md.o(.text)
    TIM4_IRQHandler                          0x080001a3   Thumb Code     0  startup_stm32f10x_md.o(.text)
    USART3_IRQHandler                        0x080001a3   Thumb Code     0  startup_stm32f10x_md.o(.text)
    USBWakeUp_IRQHandler                     0x080001a3   Thumb Code     0  startup_stm32f10x_md.o(.text)
    USB_HP_CAN1_TX_IRQHandler                0x080001a3   Thumb Code     0  startup_stm32f10x_md.o(.text)
    USB_LP_CAN1_RX0_IRQHandler               0x080001a3   Thumb Code     0  startup_stm32f10x_md.o(.text)
    WWDG_IRQHandler                          0x080001a3   Thumb Code     0  startup_stm32f10x_md.o(.text)
    __user_initial_stackheap                 0x080001a5   Thumb Code     0  startup_stm32f10x_md.o(.text)
    SystemInit                               0x080002a7   Thumb Code    78  system_stm32f10x.o(.text)
    SystemCoreClockUpdate                    0x080002f5   Thumb Code   142  system_stm32f10x.o(.text)
    delay_init                               0x080003a9   Thumb Code    50  delay.o(.text)
    delay_us                                 0x080003db   Thumb Code    72  delay.o(.text)
    delay_ms                                 0x08000423   Thumb Code    72  delay.o(.text)
    NVIC_Configuration                       0x0800047d   Thumb Code    12  sys.o(.text)
    _sys_exit                                0x08000489   Thumb Code     6  usart.o(.text)
    fputc                                    0x0800048f   Thumb Code    24  usart.o(.text)
    Uart1_init                               0x080004a7   Thumb Code   152  usart.o(.text)
    Uart2_init                               0x0800053f   Thumb Code   154  usart.o(.text)
    UART1SendByte                            0x080005d9   Thumb Code    28  usart.o(.text)
    USART1_IRQHandler                        0x080005f5   Thumb Code   122  usart.o(.text)
    USART2_IRQHandler                        0x0800066f   Thumb Code   152  usart.o(.text)
    main                                     0x08000731   Thumb Code    42  main.o(.text)
    MiniCar_Run                              0x08000761   Thumb Code    12  app_motor.o(.text)
    MiniCar_Back                             0x0800076d   Thumb Code    12  app_motor.o(.text)
    MiniCar_Stop                             0x08000779   Thumb Code     8  app_motor.o(.text)
    LCD_WrDat                                0x08000789   Thumb Code    80  oled.o(.text)
    LCD_WrCmd                                0x080007d9   Thumb Code    80  oled.o(.text)
    LCD_Set_Pos                              0x08000829   Thumb Code    42  oled.o(.text)
    LCD_Set_Pos1                             0x08000853   Thumb Code    36  oled.o(.text)
    LCD_Fill0                                0x08000877   Thumb Code    58  oled.o(.text)
    LCD_CLS                                  0x080008b1   Thumb Code    56  oled.o(.text)
    LCD_CLS_y                                0x080008e9   Thumb Code    48  oled.o(.text)
    LCD_CLS_line_area                        0x08000919   Thumb Code    56  oled.o(.text)
    LCD_DLY_ms                               0x08000951   Thumb Code    28  oled.o(.text)
    LCD_Init0                                0x0800096d   Thumb Code   220  oled.o(.text)
    LCD_PutPixel                             0x08000a49   Thumb Code    64  oled.o(.text)
    LCD_Put_Column                           0x08000a89   Thumb Code    46  oled.o(.text)
    LCD_Rectangle                            0x08000ab7   Thumb Code   132  oled.o(.text)
    LCD_P6x8Str                              0x08000b3b   Thumb Code   106  oled.o(.text)
    LCD_P8x16Str                             0x08000ba5   Thumb Code   130  oled.o(.text)
    LCD_P14x16Str                            0x08000c27   Thumb Code   256  oled.o(.text)
    LCD_P16x16Str                            0x08000d27   Thumb Code   254  oled.o(.text)
    LCD_Print                                0x08000e25   Thumb Code   142  oled.o(.text)
    Draw_BMP                                 0x08000eb3   Thumb Code    82  oled.o(.text)
    LCD_PrintImage                           0x08000f05   Thumb Code   192  oled.o(.text)
    app_ultrasonic_mode0                     0x08000fd5   Thumb Code   184  app_ultrasonic.o(.text)
    app_ultrasonic_servo_modeaaaa            0x0800108d   Thumb Code   132  app_ultrasonic.o(.text)
    app_ultrasonic_mode                      0x08001111   Thumb Code   104  app_ultrasonic.o(.text)
    bsp_init                                 0x08001181   Thumb Code    70  bsp.o(.text)
    MOTOR_GPIO_Init                          0x080011cd   Thumb Code   136  bsp_gpio.o(.text)
    Servo_GPIO_Init                          0x08001255   Thumb Code    52  bsp_gpio.o(.text)
    Ultrasonic_GPIO_Init                     0x08001289   Thumb Code    70  bsp_gpio.o(.text)
    Start_init                               0x080012cf   Thumb Code    56  bsp_gpio.o(.text)
    TIM1_Int_Init                            0x0800131d   Thumb Code    98  bsp_timer.o(.text)
    TIM1_UP_IRQHandler                       0x0800137f   Thumb Code   256  bsp_timer.o(.text)
    GPIO_Configuration                       0x080014b1   Thumb Code    90  bsp_oled.o(.text)
    GPIO_UserInit                            0x0800150b   Thumb Code     8  bsp_oled.o(.text)
    ADC_GPIO_Init                            0x08001525   Thumb Code    32  bsp_adc.o(.text)
    Adc_Init                                 0x08001545   Thumb Code   116  bsp_adc.o(.text)
    Get_Battery_Volotage                     0x08001649   Thumb Code    44  bsp_adc.o(.text)
    Get_Battery_Volotage_show                0x08001675   Thumb Code   270  bsp_adc.o(.text)
    bsp_getUltrasonicDistance0               0x080017b5   Thumb Code   182  bsp_ultrasonic.o(.text)
    bsp_Ultrasonic_Timer2_Init               0x0800186b   Thumb Code   110  bsp_ultrasonic.o(.text)
    TIM2_IRQHandler                          0x080018d9   Thumb Code    32  bsp_ultrasonic.o(.text)
    bsp_getUltrasonicDistance                0x080018f9   Thumb Code   146  bsp_ultrasonic.o(.text)
    bubble                                   0x0800198b   Thumb Code    56  bsp_ultrasonic.o(.text)
    Distance_test                            0x080019c3   Thumb Code   138  bsp_ultrasonic.o(.text)
    NVIC_PriorityGroupConfig                 0x08001a5d   Thumb Code    10  misc.o(.text)
    NVIC_Init                                0x08001a67   Thumb Code   100  misc.o(.text)
    NVIC_SetVectorTable                      0x08001acb   Thumb Code    14  misc.o(.text)
    NVIC_SystemLPConfig                      0x08001ad9   Thumb Code    34  misc.o(.text)
    SysTick_CLKSourceConfig                  0x08001afb   Thumb Code    40  misc.o(.text)
    ADC_DeInit                               0x08001b39   Thumb Code    78  stm32f10x_adc.o(.text)
    ADC_Init                                 0x08001b87   Thumb Code    70  stm32f10x_adc.o(.text)
    ADC_StructInit                           0x08001bcd   Thumb Code    18  stm32f10x_adc.o(.text)
    ADC_Cmd                                  0x08001bdf   Thumb Code    22  stm32f10x_adc.o(.text)
    ADC_DMACmd                               0x08001bf5   Thumb Code    22  stm32f10x_adc.o(.text)
    ADC_ITConfig                             0x08001c0b   Thumb Code    24  stm32f10x_adc.o(.text)
    ADC_ResetCalibration                     0x08001c23   Thumb Code    10  stm32f10x_adc.o(.text)
    ADC_GetResetCalibrationStatus            0x08001c2d   Thumb Code    20  stm32f10x_adc.o(.text)
    ADC_StartCalibration                     0x08001c41   Thumb Code    10  stm32f10x_adc.o(.text)
    ADC_GetCalibrationStatus                 0x08001c4b   Thumb Code    20  stm32f10x_adc.o(.text)
    ADC_SoftwareStartConvCmd                 0x08001c5f   Thumb Code    22  stm32f10x_adc.o(.text)
    ADC_GetSoftwareStartConvStatus           0x08001c75   Thumb Code    20  stm32f10x_adc.o(.text)
    ADC_DiscModeChannelCountConfig           0x08001c89   Thumb Code    24  stm32f10x_adc.o(.text)
    ADC_DiscModeCmd                          0x08001ca1   Thumb Code    22  stm32f10x_adc.o(.text)
    ADC_RegularChannelConfig                 0x08001cb7   Thumb Code   184  stm32f10x_adc.o(.text)
    ADC_ExternalTrigConvCmd                  0x08001d6f   Thumb Code    22  stm32f10x_adc.o(.text)
    ADC_GetConversionValue                   0x08001d85   Thumb Code     8  stm32f10x_adc.o(.text)
    ADC_GetDualModeConversionValue           0x08001d8d   Thumb Code     8  stm32f10x_adc.o(.text)
    ADC_AutoInjectedConvCmd                  0x08001d95   Thumb Code    22  stm32f10x_adc.o(.text)
    ADC_InjectedDiscModeCmd                  0x08001dab   Thumb Code    22  stm32f10x_adc.o(.text)
    ADC_ExternalTrigInjectedConvConfig       0x08001dc1   Thumb Code    16  stm32f10x_adc.o(.text)
    ADC_ExternalTrigInjectedConvCmd          0x08001dd1   Thumb Code    22  stm32f10x_adc.o(.text)
    ADC_SoftwareStartInjectedConvCmd         0x08001de7   Thumb Code    22  stm32f10x_adc.o(.text)
    ADC_GetSoftwareStartInjectedConvCmdStatus 0x08001dfd   Thumb Code    20  stm32f10x_adc.o(.text)
    ADC_InjectedChannelConfig                0x08001e11   Thumb Code   130  stm32f10x_adc.o(.text)
    ADC_InjectedSequencerLengthConfig        0x08001e93   Thumb Code    24  stm32f10x_adc.o(.text)
    ADC_SetInjectedOffset                    0x08001eab   Thumb Code    20  stm32f10x_adc.o(.text)
    ADC_GetInjectedConversionValue           0x08001ebf   Thumb Code    28  stm32f10x_adc.o(.text)
    ADC_AnalogWatchdogCmd                    0x08001edb   Thumb Code    16  stm32f10x_adc.o(.text)
    ADC_AnalogWatchdogThresholdsConfig       0x08001eeb   Thumb Code     6  stm32f10x_adc.o(.text)
    ADC_AnalogWatchdogSingleChannelConfig    0x08001ef1   Thumb Code    16  stm32f10x_adc.o(.text)
    ADC_TempSensorVrefintCmd                 0x08001f01   Thumb Code    64  stm32f10x_adc.o(.text)
    ADC_GetFlagStatus                        0x08001f41   Thumb Code    18  stm32f10x_adc.o(.text)
    ADC_ClearFlag                            0x08001f53   Thumb Code     6  stm32f10x_adc.o(.text)
    ADC_GetITStatus                          0x08001f59   Thumb Code    36  stm32f10x_adc.o(.text)
    ADC_ClearITPendingBit                    0x08001f7d   Thumb Code    10  stm32f10x_adc.o(.text)
    GPIO_DeInit                              0x08001f89   Thumb Code   172  stm32f10x_gpio.o(.text)
    GPIO_AFIODeInit                          0x08002035   Thumb Code    20  stm32f10x_gpio.o(.text)
    GPIO_Init                                0x08002049   Thumb Code   278  stm32f10x_gpio.o(.text)
    GPIO_StructInit                          0x0800215f   Thumb Code    16  stm32f10x_gpio.o(.text)
    GPIO_ReadInputDataBit                    0x0800216f   Thumb Code    18  stm32f10x_gpio.o(.text)
    GPIO_ReadInputData                       0x08002181   Thumb Code     8  stm32f10x_gpio.o(.text)
    GPIO_ReadOutputDataBit                   0x08002189   Thumb Code    18  stm32f10x_gpio.o(.text)
    GPIO_ReadOutputData                      0x0800219b   Thumb Code     8  stm32f10x_gpio.o(.text)
    GPIO_SetBits                             0x080021a3   Thumb Code     4  stm32f10x_gpio.o(.text)
    GPIO_ResetBits                           0x080021a7   Thumb Code     4  stm32f10x_gpio.o(.text)
    GPIO_WriteBit                            0x080021ab   Thumb Code    10  stm32f10x_gpio.o(.text)
    GPIO_Write                               0x080021b5   Thumb Code     4  stm32f10x_gpio.o(.text)
    GPIO_PinLockConfig                       0x080021b9   Thumb Code    18  stm32f10x_gpio.o(.text)
    GPIO_EventOutputConfig                   0x080021cb   Thumb Code    26  stm32f10x_gpio.o(.text)
    GPIO_EventOutputCmd                      0x080021e5   Thumb Code     6  stm32f10x_gpio.o(.text)
    GPIO_PinRemapConfig                      0x080021eb   Thumb Code   138  stm32f10x_gpio.o(.text)
    GPIO_EXTILineConfig                      0x08002275   Thumb Code    66  stm32f10x_gpio.o(.text)
    GPIO_ETH_MediaInterfaceConfig            0x080022b7   Thumb Code     8  stm32f10x_gpio.o(.text)
    RCC_DeInit                               0x080022e5   Thumb Code    64  stm32f10x_rcc.o(.text)
    RCC_HSEConfig                            0x08002325   Thumb Code    70  stm32f10x_rcc.o(.text)
    RCC_GetFlagStatus                        0x0800236b   Thumb Code    56  stm32f10x_rcc.o(.text)
    RCC_WaitForHSEStartUp                    0x080023a3   Thumb Code    56  stm32f10x_rcc.o(.text)
    RCC_AdjustHSICalibrationValue            0x080023db   Thumb Code    20  stm32f10x_rcc.o(.text)
    RCC_HSICmd                               0x080023ef   Thumb Code     6  stm32f10x_rcc.o(.text)
    RCC_PLLConfig                            0x080023f5   Thumb Code    24  stm32f10x_rcc.o(.text)
    RCC_PLLCmd                               0x0800240d   Thumb Code     6  stm32f10x_rcc.o(.text)
    RCC_SYSCLKConfig                         0x08002413   Thumb Code    18  stm32f10x_rcc.o(.text)
    RCC_GetSYSCLKSource                      0x08002425   Thumb Code    10  stm32f10x_rcc.o(.text)
    RCC_HCLKConfig                           0x0800242f   Thumb Code    18  stm32f10x_rcc.o(.text)
    RCC_PCLK1Config                          0x08002441   Thumb Code    18  stm32f10x_rcc.o(.text)
    RCC_PCLK2Config                          0x08002453   Thumb Code    20  stm32f10x_rcc.o(.text)
    RCC_ITConfig                             0x08002467   Thumb Code    26  stm32f10x_rcc.o(.text)
    RCC_USBCLKConfig                         0x08002481   Thumb Code     8  stm32f10x_rcc.o(.text)
    RCC_ADCCLKConfig                         0x08002489   Thumb Code    18  stm32f10x_rcc.o(.text)
    RCC_LSEConfig                            0x0800249b   Thumb Code    50  stm32f10x_rcc.o(.text)
    RCC_LSICmd                               0x080024cd   Thumb Code     6  stm32f10x_rcc.o(.text)
    RCC_RTCCLKConfig                         0x080024d3   Thumb Code    12  stm32f10x_rcc.o(.text)
    RCC_RTCCLKCmd                            0x080024df   Thumb Code     8  stm32f10x_rcc.o(.text)
    RCC_GetClocksFreq                        0x080024e7   Thumb Code   192  stm32f10x_rcc.o(.text)
    RCC_AHBPeriphClockCmd                    0x080025a7   Thumb Code    26  stm32f10x_rcc.o(.text)
    RCC_APB2PeriphClockCmd                   0x080025c1   Thumb Code    26  stm32f10x_rcc.o(.text)
    RCC_APB1PeriphClockCmd                   0x080025db   Thumb Code    26  stm32f10x_rcc.o(.text)
    RCC_APB2PeriphResetCmd                   0x080025f5   Thumb Code    26  stm32f10x_rcc.o(.text)
    RCC_APB1PeriphResetCmd                   0x0800260f   Thumb Code    26  stm32f10x_rcc.o(.text)
    RCC_BackupResetCmd                       0x08002629   Thumb Code     8  stm32f10x_rcc.o(.text)
    RCC_ClockSecuritySystemCmd               0x08002631   Thumb Code     6  stm32f10x_rcc.o(.text)
    RCC_MCOConfig                            0x08002637   Thumb Code     6  stm32f10x_rcc.o(.text)
    RCC_ClearFlag                            0x0800263d   Thumb Code    14  stm32f10x_rcc.o(.text)
    RCC_GetITStatus                          0x0800264b   Thumb Code    20  stm32f10x_rcc.o(.text)
    RCC_ClearITPendingBit                    0x0800265f   Thumb Code     6  stm32f10x_rcc.o(.text)
    TIM_DeInit                               0x08002689   Thumb Code   424  stm32f10x_tim.o(.text)
    TIM_TimeBaseInit                         0x08002831   Thumb Code   122  stm32f10x_tim.o(.text)
    TIM_OC1Init                              0x080028ab   Thumb Code   132  stm32f10x_tim.o(.text)
    TIM_OC2Init                              0x0800292f   Thumb Code   154  stm32f10x_tim.o(.text)
    TIM_OC3Init                              0x080029c9   Thumb Code   150  stm32f10x_tim.o(.text)
    TIM_OC4Init                              0x08002a5f   Thumb Code   182  stm32f10x_tim.o(.text)
    TIM_SetIC4Prescaler                      0x08002b15   Thumb Code    26  stm32f10x_tim.o(.text)
    TIM_SetIC3Prescaler                      0x08002bb1   Thumb Code    18  stm32f10x_tim.o(.text)
    TIM_SetIC2Prescaler                      0x08002c3d   Thumb Code    26  stm32f10x_tim.o(.text)
    TIM_SetIC1Prescaler                      0x08002cd9   Thumb Code    18  stm32f10x_tim.o(.text)
    TIM_ICInit                               0x08002d57   Thumb Code   150  stm32f10x_tim.o(.text)
    TIM_PWMIConfig                           0x08002ded   Thumb Code   124  stm32f10x_tim.o(.text)
    TIM_BDTRConfig                           0x08002e69   Thumb Code    32  stm32f10x_tim.o(.text)
    TIM_TimeBaseStructInit                   0x08002e89   Thumb Code    18  stm32f10x_tim.o(.text)
    TIM_OCStructInit                         0x08002e9b   Thumb Code    20  stm32f10x_tim.o(.text)
    TIM_ICStructInit                         0x08002eaf   Thumb Code    18  stm32f10x_tim.o(.text)
    TIM_BDTRStructInit                       0x08002ec1   Thumb Code    40  stm32f10x_tim.o(.text)
    TIM_Cmd                                  0x08002ee9   Thumb Code    24  stm32f10x_tim.o(.text)
    TIM_CtrlPWMOutputs                       0x08002f01   Thumb Code    30  stm32f10x_tim.o(.text)
    TIM_ITConfig                             0x08002f1f   Thumb Code    18  stm32f10x_tim.o(.text)
    TIM_GenerateEvent                        0x08002f31   Thumb Code     4  stm32f10x_tim.o(.text)
    TIM_DMAConfig                            0x08002f35   Thumb Code    10  stm32f10x_tim.o(.text)
    TIM_DMACmd                               0x08002f3f   Thumb Code    18  stm32f10x_tim.o(.text)
    TIM_InternalClockConfig                  0x08002f51   Thumb Code    12  stm32f10x_tim.o(.text)
    TIM_SelectInputTrigger                   0x08002f5d   Thumb Code    18  stm32f10x_tim.o(.text)
    TIM_ITRxExternalClockConfig              0x08002f6f   Thumb Code    24  stm32f10x_tim.o(.text)
    TIM_TIxExternalClockConfig               0x08002f87   Thumb Code    62  stm32f10x_tim.o(.text)
    TIM_ETRConfig                            0x08002fc5   Thumb Code    28  stm32f10x_tim.o(.text)
    TIM_ETRClockMode1Config                  0x08002fe1   Thumb Code    54  stm32f10x_tim.o(.text)
    TIM_ETRClockMode2Config                  0x08003017   Thumb Code    32  stm32f10x_tim.o(.text)
    TIM_PrescalerConfig                      0x08003037   Thumb Code     6  stm32f10x_tim.o(.text)
    TIM_CounterModeConfig                    0x0800303d   Thumb Code    18  stm32f10x_tim.o(.text)
    TIM_EncoderInterfaceConfig               0x0800304f   Thumb Code    66  stm32f10x_tim.o(.text)
    TIM_ForcedOC1Config                      0x08003091   Thumb Code    18  stm32f10x_tim.o(.text)
    TIM_ForcedOC2Config                      0x080030a3   Thumb Code    26  stm32f10x_tim.o(.text)
    TIM_ForcedOC3Config                      0x080030bd   Thumb Code    18  stm32f10x_tim.o(.text)
    TIM_ForcedOC4Config                      0x080030cf   Thumb Code    26  stm32f10x_tim.o(.text)
    TIM_ARRPreloadConfig                     0x080030e9   Thumb Code    24  stm32f10x_tim.o(.text)
    TIM_SelectCOM                            0x08003101   Thumb Code    24  stm32f10x_tim.o(.text)
    TIM_SelectCCDMA                          0x08003119   Thumb Code    24  stm32f10x_tim.o(.text)
    TIM_CCPreloadControl                     0x08003131   Thumb Code    24  stm32f10x_tim.o(.text)
    TIM_OC1PreloadConfig                     0x08003149   Thumb Code    18  stm32f10x_tim.o(.text)
    TIM_OC2PreloadConfig                     0x0800315b   Thumb Code    26  stm32f10x_tim.o(.text)
    TIM_OC3PreloadConfig                     0x08003175   Thumb Code    18  stm32f10x_tim.o(.text)
    TIM_OC4PreloadConfig                     0x08003187   Thumb Code    26  stm32f10x_tim.o(.text)
    TIM_OC1FastConfig                        0x080031a1   Thumb Code    18  stm32f10x_tim.o(.text)
    TIM_OC2FastConfig                        0x080031b3   Thumb Code    26  stm32f10x_tim.o(.text)
    TIM_OC3FastConfig                        0x080031cd   Thumb Code    18  stm32f10x_tim.o(.text)
    TIM_OC4FastConfig                        0x080031df   Thumb Code    26  stm32f10x_tim.o(.text)
    TIM_ClearOC1Ref                          0x080031f9   Thumb Code    18  stm32f10x_tim.o(.text)
    TIM_ClearOC2Ref                          0x0800320b   Thumb Code    24  stm32f10x_tim.o(.text)
    TIM_ClearOC3Ref                          0x08003223   Thumb Code    18  stm32f10x_tim.o(.text)
    TIM_ClearOC4Ref                          0x08003235   Thumb Code    24  stm32f10x_tim.o(.text)
    TIM_OC1PolarityConfig                    0x0800324d   Thumb Code    18  stm32f10x_tim.o(.text)
    TIM_OC1NPolarityConfig                   0x0800325f   Thumb Code    18  stm32f10x_tim.o(.text)
    TIM_OC2PolarityConfig                    0x08003271   Thumb Code    26  stm32f10x_tim.o(.text)
    TIM_OC2NPolarityConfig                   0x0800328b   Thumb Code    26  stm32f10x_tim.o(.text)
    TIM_OC3PolarityConfig                    0x080032a5   Thumb Code    26  stm32f10x_tim.o(.text)
    TIM_OC3NPolarityConfig                   0x080032bf   Thumb Code    26  stm32f10x_tim.o(.text)
    TIM_OC4PolarityConfig                    0x080032d9   Thumb Code    26  stm32f10x_tim.o(.text)
    TIM_CCxCmd                               0x080032f3   Thumb Code    30  stm32f10x_tim.o(.text)
    TIM_CCxNCmd                              0x08003311   Thumb Code    30  stm32f10x_tim.o(.text)
    TIM_SelectOCxM                           0x0800332f   Thumb Code    82  stm32f10x_tim.o(.text)
    TIM_UpdateDisableConfig                  0x08003381   Thumb Code    24  stm32f10x_tim.o(.text)
    TIM_UpdateRequestConfig                  0x08003399   Thumb Code    24  stm32f10x_tim.o(.text)
    TIM_SelectHallSensor                     0x080033b1   Thumb Code    24  stm32f10x_tim.o(.text)
    TIM_SelectOnePulseMode                   0x080033c9   Thumb Code    18  stm32f10x_tim.o(.text)
    TIM_SelectOutputTrigger                  0x080033db   Thumb Code    18  stm32f10x_tim.o(.text)
    TIM_SelectSlaveMode                      0x080033ed   Thumb Code    18  stm32f10x_tim.o(.text)
    TIM_SelectMasterSlaveMode                0x080033ff   Thumb Code    18  stm32f10x_tim.o(.text)
    TIM_SetCounter                           0x08003411   Thumb Code     4  stm32f10x_tim.o(.text)
    TIM_SetAutoreload                        0x08003415   Thumb Code     4  stm32f10x_tim.o(.text)
    TIM_SetCompare1                          0x08003419   Thumb Code     4  stm32f10x_tim.o(.text)
    TIM_SetCompare2                          0x0800341d   Thumb Code     4  stm32f10x_tim.o(.text)
    TIM_SetCompare3                          0x08003421   Thumb Code     4  stm32f10x_tim.o(.text)
    TIM_SetCompare4                          0x08003425   Thumb Code     6  stm32f10x_tim.o(.text)
    TIM_SetClockDivision                     0x0800342b   Thumb Code    18  stm32f10x_tim.o(.text)
    TIM_GetCapture1                          0x0800343d   Thumb Code     6  stm32f10x_tim.o(.text)
    TIM_GetCapture2                          0x08003443   Thumb Code     6  stm32f10x_tim.o(.text)
    TIM_GetCapture3                          0x08003449   Thumb Code     6  stm32f10x_tim.o(.text)
    TIM_GetCapture4                          0x0800344f   Thumb Code     8  stm32f10x_tim.o(.text)
    TIM_GetCounter                           0x08003457   Thumb Code     6  stm32f10x_tim.o(.text)
    TIM_GetPrescaler                         0x0800345d   Thumb Code     6  stm32f10x_tim.o(.text)
    TIM_GetFlagStatus                        0x08003463   Thumb Code    18  stm32f10x_tim.o(.text)
    TIM_ClearFlag                            0x08003475   Thumb Code     6  stm32f10x_tim.o(.text)
    TIM_GetITStatus                          0x0800347b   Thumb Code    34  stm32f10x_tim.o(.text)
    TIM_ClearITPendingBit                    0x0800349d   Thumb Code     6  stm32f10x_tim.o(.text)
    USART_DeInit                             0x080034a5   Thumb Code   134  stm32f10x_usart.o(.text)
    USART_Init                               0x0800352b   Thumb Code   210  stm32f10x_usart.o(.text)
    USART_StructInit                         0x080035fd   Thumb Code    24  stm32f10x_usart.o(.text)
    USART_ClockInit                          0x08003615   Thumb Code    34  stm32f10x_usart.o(.text)
    USART_ClockStructInit                    0x08003637   Thumb Code    12  stm32f10x_usart.o(.text)
    USART_Cmd                                0x08003643   Thumb Code    24  stm32f10x_usart.o(.text)
    USART_ITConfig                           0x0800365b   Thumb Code    74  stm32f10x_usart.o(.text)
    USART_DMACmd                             0x080036a5   Thumb Code    18  stm32f10x_usart.o(.text)
    USART_SetAddress                         0x080036b7   Thumb Code    18  stm32f10x_usart.o(.text)
    USART_WakeUpConfig                       0x080036c9   Thumb Code    18  stm32f10x_usart.o(.text)
    USART_ReceiverWakeUpCmd                  0x080036db   Thumb Code    24  stm32f10x_usart.o(.text)
    USART_LINBreakDetectLengthConfig         0x080036f3   Thumb Code    18  stm32f10x_usart.o(.text)
    USART_LINCmd                             0x08003705   Thumb Code    24  stm32f10x_usart.o(.text)
    USART_SendData                           0x0800371d   Thumb Code     8  stm32f10x_usart.o(.text)
    USART_ReceiveData                        0x08003725   Thumb Code    10  stm32f10x_usart.o(.text)
    USART_SendBreak                          0x0800372f   Thumb Code    10  stm32f10x_usart.o(.text)
    USART_SetGuardTime                       0x08003739   Thumb Code    16  stm32f10x_usart.o(.text)
    USART_SetPrescaler                       0x08003749   Thumb Code    16  stm32f10x_usart.o(.text)
    USART_SmartCardCmd                       0x08003759   Thumb Code    24  stm32f10x_usart.o(.text)
    USART_SmartCardNACKCmd                   0x08003771   Thumb Code    24  stm32f10x_usart.o(.text)
    USART_HalfDuplexCmd                      0x08003789   Thumb Code    24  stm32f10x_usart.o(.text)
    USART_OverSampling8Cmd                   0x080037a1   Thumb Code    22  stm32f10x_usart.o(.text)
    USART_OneBitMethodCmd                    0x080037b7   Thumb Code    24  stm32f10x_usart.o(.text)
    USART_IrDAConfig                         0x080037cf   Thumb Code    18  stm32f10x_usart.o(.text)
    USART_IrDACmd                            0x080037e1   Thumb Code    24  stm32f10x_usart.o(.text)
    USART_GetFlagStatus                      0x080037f9   Thumb Code    26  stm32f10x_usart.o(.text)
    USART_ClearFlag                          0x08003813   Thumb Code    18  stm32f10x_usart.o(.text)
    USART_GetITStatus                        0x08003825   Thumb Code    84  stm32f10x_usart.o(.text)
    USART_ClearITPendingBit                  0x08003879   Thumb Code    52  stm32f10x_usart.o(.text)
    __use_no_semihosting                     0x080038ad   Thumb Code     2  use_no_semi_2.o(.text)
    __aeabi_memclr4                          0x080038af   Thumb Code     0  rt_memclr_w.o(.text)
    __aeabi_memclr8                          0x080038af   Thumb Code     0  rt_memclr_w.o(.text)
    __rt_memclr_w                            0x080038af   Thumb Code    78  rt_memclr_w.o(.text)
    _memset_w                                0x080038b3   Thumb Code     0  rt_memclr_w.o(.text)
    __use_two_region_memory                  0x080038fd   Thumb Code     2  heapauxi.o(.text)
    __rt_heap_escrow$2region                 0x080038ff   Thumb Code     2  heapauxi.o(.text)
    __rt_heap_expand$2region                 0x08003901   Thumb Code     2  heapauxi.o(.text)
    __I$use$semihosting                      0x08003903   Thumb Code     0  use_no_semi.o(.text)
    __use_no_semihosting_swi                 0x08003903   Thumb Code     2  use_no_semi.o(.text)
    __user_setup_stackheap                   0x08003905   Thumb Code    74  sys_stackheap_outer.o(.text)
    exit                                     0x0800394f   Thumb Code    12  exit.o(.text)
    __user_libspace                          0x0800395d   Thumb Code     8  libspace.o(.text)
    __user_perproc_libspace                  0x0800395d   Thumb Code     0  libspace.o(.text)
    __user_perthread_libspace                0x0800395d   Thumb Code     0  libspace.o(.text)
    __aeabi_d2f                              0x08003965   Thumb Code     0  d2f.o(x$fpl$d2f)
    _d2f                                     0x08003965   Thumb Code    98  d2f.o(x$fpl$d2f)
    __aeabi_ddiv                             0x080039c9   Thumb Code     0  ddiv.o(x$fpl$ddiv)
    _ddiv                                    0x080039c9   Thumb Code   552  ddiv.o(x$fpl$ddiv)
    __aeabi_ui2d                             0x08003c79   Thumb Code     0  dflt_clz.o(x$fpl$dfltu)
    _dfltu                                   0x08003c79   Thumb Code    38  dflt_clz.o(x$fpl$dfltu)
    __aeabi_dmul                             0x08003ca1   Thumb Code     0  dmul.o(x$fpl$dmul)
    _dmul                                    0x08003ca1   Thumb Code   332  dmul.o(x$fpl$dmul)
    __fpl_dnaninf                            0x08003df5   Thumb Code   156  dnaninf.o(x$fpl$dnaninf)
    __fpl_dretinf                            0x08003e91   Thumb Code    12  dretinf.o(x$fpl$dretinf)
    __aeabi_f2d                              0x08003e9d   Thumb Code     0  f2d.o(x$fpl$f2d)
    _f2d                                     0x08003e9d   Thumb Code    86  f2d.o(x$fpl$f2d)
    __aeabi_fadd                             0x08003ef5   Thumb Code     0  faddsub_clz.o(x$fpl$fadd)
    _fadd                                    0x08003ef5   Thumb Code   196  faddsub_clz.o(x$fpl$fadd)
    __fpl_fcmp_Inf                           0x08003fb9   Thumb Code    24  fcmpi.o(x$fpl$fcmpinf)
    __aeabi_fdiv                             0x08003fd1   Thumb Code     0  fdiv.o(x$fpl$fdiv)
    _fdiv                                    0x08003fd1   Thumb Code   384  fdiv.o(x$fpl$fdiv)
    __aeabi_f2iz                             0x08004155   Thumb Code     0  ffix.o(x$fpl$ffix)
    _ffix                                    0x08004155   Thumb Code    54  ffix.o(x$fpl$ffix)
    __aeabi_f2uiz                            0x0800418d   Thumb Code     0  ffixu.o(x$fpl$ffixu)
    _ffixu                                   0x0800418d   Thumb Code    62  ffixu.o(x$fpl$ffixu)
    __aeabi_i2f                              0x080041cd   Thumb Code     0  fflt_clz.o(x$fpl$fflt)
    _fflt                                    0x080041cd   Thumb Code    48  fflt_clz.o(x$fpl$fflt)
    __aeabi_ui2f                             0x080041fd   Thumb Code     0  fflt_clz.o(x$fpl$ffltu)
    _ffltu                                   0x080041fd   Thumb Code    38  fflt_clz.o(x$fpl$ffltu)
    __aeabi_cfcmple                          0x08004225   Thumb Code     0  fleqf.o(x$fpl$fleqf)
    _fcmple                                  0x08004225   Thumb Code   104  fleqf.o(x$fpl$fleqf)
    __fpl_fcmple_InfNaN                      0x08004277   Thumb Code     0  fleqf.o(x$fpl$fleqf)
    __aeabi_fmul                             0x0800428d   Thumb Code     0  fmul.o(x$fpl$fmul)
    _fmul                                    0x0800428d   Thumb Code   258  fmul.o(x$fpl$fmul)
    __fpl_fnaninf                            0x0800438f   Thumb Code   140  fnaninf.o(x$fpl$fnaninf)
    __fpl_fretinf                            0x0800441b   Thumb Code    10  fretinf.o(x$fpl$fretinf)
    __aeabi_cfrcmple                         0x08004425   Thumb Code     0  frleqf.o(x$fpl$frleqf)
    _frcmple                                 0x08004425   Thumb Code    98  frleqf.o(x$fpl$frleqf)
    __aeabi_frsub                            0x08004487   Thumb Code     0  faddsub_clz.o(x$fpl$frsb)
    _frsb                                    0x08004487   Thumb Code    20  faddsub_clz.o(x$fpl$frsb)
    __aeabi_fsub                             0x0800449d   Thumb Code     0  faddsub_clz.o(x$fpl$fsub)
    _fsub                                    0x0800449d   Thumb Code   234  faddsub_clz.o(x$fpl$fsub)
    F6x8                                     0x08004586   Data         552  oled.o(.constdata)
    __I$use$fp                               0x08004586   Number         0  usenofp.o(x$fpl$usenofp)
    F16x16_Idx                               0x080047ae   Data         133  oled.o(.constdata)
    F16x16                                   0x08004833   Data        2112  oled.o(.constdata)
    F8X16                                    0x08005073   Data        1520  oled.o(.constdata)
    nonside                                  0x08005663   Data          32  oled.o(.constdata)
    Region$$Table$$Base                      0x08005684   Number         0  anon$$obj.o(Region$$Table)
    Region$$Table$$Limit                     0x080056a4   Number         0  anon$$obj.o(Region$$Table)
    SystemCoreClock                          0x20000000   Data           4  system_stm32f10x.o(.data)
    AHBPrescTable                            0x20000004   Data          16  system_stm32f10x.o(.data)
    newLineReceived                          0x20000018   Data           1  usart.o(.data)
    __stdout                                 0x2000001c   Data           4  usart.o(.data)
    USART_RX_STA                             0x20000020   Data           2  usart.o(.data)
    g_num                                    0x20000024   Data           4  usart.o(.data)
    startBit                                 0x20000028   Data           1  usart.o(.data)
    g_packnum                                0x2000002c   Data           4  usart.o(.data)
    speed                                    0x20000030   Data           4  main.o(.data)
    run                                      0x20000034   Data           4  main.o(.data)
    Angle_J1                                 0x20000038   Data           4  bsp_servo.o(.data)
    Angle_J2                                 0x2000003c   Data           4  bsp_servo.o(.data)
    Angle_J3                                 0x20000040   Data           4  bsp_servo.o(.data)
    Angle_J4                                 0x20000044   Data           4  bsp_servo.o(.data)
    Angle_J5                                 0x20000048   Data           4  bsp_servo.o(.data)
    Angle_J6                                 0x2000004c   Data           4  bsp_servo.o(.data)
    num                                      0x20000050   Data           4  bsp_timer.o(.data)
    g_count                                  0x20000054   Data           4  bsp_timer.o(.data)
    speed2                                   0x20000058   Data           4  bsp_timer.o(.data)
    overcount                                0x2000005c   Data           4  bsp_ultrasonic.o(.data)
    inputString                              0x20000074   Data          80  usart.o(.bss)
    USART_RX_BUF                             0x200000c4   Data         200  usart.o(.bss)
    __libspace_start                         0x2000018c   Data          96  libspace.o(.bss)
    __temporary_stack_top$libspace           0x200001ec   Data           0  libspace.o(.bss)



==============================================================================

Memory Map of the image

  Image Entry point : 0x080000ed

  Load Region LR_IROM1 (Base: 0x08000000, Size: 0x00005718, Max: 0x00040000, ABSOLUTE)

    Execution Region ER_IROM1 (Base: 0x08000000, Size: 0x000056a4, Max: 0x00040000, ABSOLUTE)

    Base Addr    Size         Type   Attr      Idx    E Section Name        Object

    0x08000000   0x000000ec   Data   RO            3    RESET               startup_stm32f10x_md.o
    0x080000ec   0x00000008   Code   RO          703  * !!!main             c_w.l(__main.o)
    0x080000f4   0x00000034   Code   RO          912    !!!scatter          c_w.l(__scatter.o)
    0x08000128   0x0000001a   Code   RO          914    !!handler_copy      c_w.l(__scatter_copy.o)
    0x08000142   0x00000002   PAD
    0x08000144   0x0000001c   Code   RO          916    !!handler_zi        c_w.l(__scatter_zi.o)
    0x08000160   0x00000002   Code   RO          789    .ARM.Collect$$libinit$$00000000  c_w.l(libinit.o)
    0x08000162   0x00000000   Code   RO          796    .ARM.Collect$$libinit$$00000002  c_w.l(libinit2.o)
    0x08000162   0x00000000   Code   RO          799    .ARM.Collect$$libinit$$00000008  c_w.l(libinit2.o)
    0x08000162   0x00000000   Code   RO          801    .ARM.Collect$$libinit$$0000000A  c_w.l(libinit2.o)
    0x08000162   0x00000000   Code   RO          803    .ARM.Collect$$libinit$$0000000C  c_w.l(libinit2.o)
    0x08000162   0x00000000   Code   RO          806    .ARM.Collect$$libinit$$0000000F  c_w.l(libinit2.o)
    0x08000162   0x00000000   Code   RO          808    .ARM.Collect$$libinit$$00000011  c_w.l(libinit2.o)
    0x08000162   0x00000000   Code   RO          810    .ARM.Collect$$libinit$$00000013  c_w.l(libinit2.o)
    0x08000162   0x00000000   Code   RO          812    .ARM.Collect$$libinit$$00000015  c_w.l(libinit2.o)
    0x08000162   0x00000000   Code   RO          814    .ARM.Collect$$libinit$$00000017  c_w.l(libinit2.o)
    0x08000162   0x00000000   Code   RO          816    .ARM.Collect$$libinit$$00000019  c_w.l(libinit2.o)
    0x08000162   0x00000000   Code   RO          818    .ARM.Collect$$libinit$$0000001B  c_w.l(libinit2.o)
    0x08000162   0x00000000   Code   RO          820    .ARM.Collect$$libinit$$0000001D  c_w.l(libinit2.o)
    0x08000162   0x00000000   Code   RO          822    .ARM.Collect$$libinit$$0000001F  c_w.l(libinit2.o)
    0x08000162   0x00000000   Code   RO          824    .ARM.Collect$$libinit$$00000021  c_w.l(libinit2.o)
    0x08000162   0x00000000   Code   RO          826    .ARM.Collect$$libinit$$00000023  c_w.l(libinit2.o)
    0x08000162   0x00000000   Code   RO          830    .ARM.Collect$$libinit$$0000002A  c_w.l(libinit2.o)
    0x08000162   0x00000000   Code   RO          832    .ARM.Collect$$libinit$$0000002C  c_w.l(libinit2.o)
    0x08000162   0x00000000   Code   RO          834    .ARM.Collect$$libinit$$0000002E  c_w.l(libinit2.o)
    0x08000162   0x00000000   Code   RO          836    .ARM.Collect$$libinit$$00000030  c_w.l(libinit2.o)
    0x08000162   0x00000002   Code   RO          837    .ARM.Collect$$libinit$$00000031  c_w.l(libinit2.o)
    0x08000164   0x00000002   Code   RO          855    .ARM.Collect$$libshutdown$$00000000  c_w.l(libshutdown.o)
    0x08000166   0x00000000   Code   RO          866    .ARM.Collect$$libshutdown$$00000003  c_w.l(libshutdown2.o)
    0x08000166   0x00000000   Code   RO          869    .ARM.Collect$$libshutdown$$00000006  c_w.l(libshutdown2.o)
    0x08000166   0x00000000   Code   RO          872    .ARM.Collect$$libshutdown$$00000009  c_w.l(libshutdown2.o)
    0x08000166   0x00000000   Code   RO          874    .ARM.Collect$$libshutdown$$0000000B  c_w.l(libshutdown2.o)
    0x08000166   0x00000000   Code   RO          877    .ARM.Collect$$libshutdown$$0000000E  c_w.l(libshutdown2.o)
    0x08000166   0x00000002   Code   RO          878    .ARM.Collect$$libshutdown$$0000000F  c_w.l(libshutdown2.o)
    0x08000168   0x00000000   Code   RO          751    .ARM.Collect$$rtentry$$00000000  c_w.l(rtentry.o)
    0x08000168   0x00000000   Code   RO          764    .ARM.Collect$$rtentry$$00000002  c_w.l(rtentry2.o)
    0x08000168   0x00000006   Code   RO          776    .ARM.Collect$$rtentry$$00000004  c_w.l(rtentry4.o)
    0x0800016e   0x00000000   Code   RO          766    .ARM.Collect$$rtentry$$00000009  c_w.l(rtentry2.o)
    0x0800016e   0x00000004   Code   RO          767    .ARM.Collect$$rtentry$$0000000A  c_w.l(rtentry2.o)
    0x08000172   0x00000000   Code   RO          769    .ARM.Collect$$rtentry$$0000000C  c_w.l(rtentry2.o)
    0x08000172   0x00000008   Code   RO          770    .ARM.Collect$$rtentry$$0000000D  c_w.l(rtentry2.o)
    0x0800017a   0x00000002   Code   RO          793    .ARM.Collect$$rtexit$$00000000  c_w.l(rtexit.o)
    0x0800017c   0x00000000   Code   RO          839    .ARM.Collect$$rtexit$$00000002  c_w.l(rtexit2.o)
    0x0800017c   0x00000004   Code   RO          840    .ARM.Collect$$rtexit$$00000003  c_w.l(rtexit2.o)
    0x08000180   0x00000006   Code   RO          841    .ARM.Collect$$rtexit$$00000004  c_w.l(rtexit2.o)
    0x08000186   0x00000002   PAD
    0x08000188   0x00000040   Code   RO            4    .text               startup_stm32f10x_md.o
    0x080001c8   0x000001e0   Code   RO           10    .text               system_stm32f10x.o
    0x080003a8   0x000000d4   Code   RO           69    .text               delay.o
    0x0800047c   0x0000000c   Code   RO          106    .text               sys.o
    0x08000488   0x000002a8   Code   RO          121    .text               usart.o
    0x08000730   0x00000030   Code   RO          144    .text               main.o
    0x08000760   0x00000028   Code   RO          200    .text               app_motor.o
    0x08000788   0x0000084c   Code   RO          213    .text               oled.o
    0x08000fd4   0x000001ac   Code   RO          231    .text               app_ultrasonic.o
    0x08001180   0x0000004c   Code   RO          246    .text               bsp.o
    0x080011cc   0x00000150   Code   RO          284    .text               bsp_gpio.o
    0x0800131c   0x00000194   Code   RO          320    .text               bsp_timer.o
    0x080014b0   0x00000074   Code   RO          342    .text               bsp_oled.o
    0x08001524   0x00000290   Code   RO          354    .text               bsp_adc.o
    0x080017b4   0x000002a8   Code   RO          369    .text               bsp_ultrasonic.o
    0x08001a5c   0x000000dc   Code   RO          384    .text               misc.o
    0x08001b38   0x0000044e   Code   RO          396    .text               stm32f10x_adc.o
    0x08001f86   0x00000002   PAD
    0x08001f88   0x0000035c   Code   RO          546    .text               stm32f10x_gpio.o
    0x080022e4   0x000003a4   Code   RO          597    .text               stm32f10x_rcc.o
    0x08002688   0x00000e1a   Code   RO          656    .text               stm32f10x_tim.o
    0x080034a2   0x00000002   PAD
    0x080034a4   0x00000408   Code   RO          668    .text               stm32f10x_usart.o
    0x080038ac   0x00000002   Code   RO          697    .text               c_w.l(use_no_semi_2.o)
    0x080038ae   0x0000004e   Code   RO          699    .text               c_w.l(rt_memclr_w.o)
    0x080038fc   0x00000006   Code   RO          701    .text               c_w.l(heapauxi.o)
    0x08003902   0x00000002   Code   RO          749    .text               c_w.l(use_no_semi.o)
    0x08003904   0x0000004a   Code   RO          780    .text               c_w.l(sys_stackheap_outer.o)
    0x0800394e   0x0000000c   Code   RO          782    .text               c_w.l(exit.o)
    0x0800395a   0x00000002   PAD
    0x0800395c   0x00000008   Code   RO          790    .text               c_w.l(libspace.o)
    0x08003964   0x00000062   Code   RO          705    x$fpl$d2f           fz_ws.l(d2f.o)
    0x080039c6   0x00000002   PAD
    0x080039c8   0x000002b0   Code   RO          708    x$fpl$ddiv          fz_ws.l(ddiv.o)
    0x08003c78   0x00000026   Code   RO          711    x$fpl$dfltu         fz_ws.l(dflt_clz.o)
    0x08003c9e   0x00000002   PAD
    0x08003ca0   0x00000154   Code   RO          717    x$fpl$dmul          fz_ws.l(dmul.o)
    0x08003df4   0x0000009c   Code   RO          752    x$fpl$dnaninf       fz_ws.l(dnaninf.o)
    0x08003e90   0x0000000c   Code   RO          754    x$fpl$dretinf       fz_ws.l(dretinf.o)
    0x08003e9c   0x00000056   Code   RO          719    x$fpl$f2d           fz_ws.l(f2d.o)
    0x08003ef2   0x00000002   PAD
    0x08003ef4   0x000000c4   Code   RO          721    x$fpl$fadd          fz_ws.l(faddsub_clz.o)
    0x08003fb8   0x00000018   Code   RO          778    x$fpl$fcmpinf       fz_ws.l(fcmpi.o)
    0x08003fd0   0x00000184   Code   RO          728    x$fpl$fdiv          fz_ws.l(fdiv.o)
    0x08004154   0x00000036   Code   RO          731    x$fpl$ffix          fz_ws.l(ffix.o)
    0x0800418a   0x00000002   PAD
    0x0800418c   0x0000003e   Code   RO          735    x$fpl$ffixu         fz_ws.l(ffixu.o)
    0x080041ca   0x00000002   PAD
    0x080041cc   0x00000030   Code   RO          740    x$fpl$fflt          fz_ws.l(fflt_clz.o)
    0x080041fc   0x00000026   Code   RO          739    x$fpl$ffltu         fz_ws.l(fflt_clz.o)
    0x08004222   0x00000002   PAD
    0x08004224   0x00000068   Code   RO          756    x$fpl$fleqf         fz_ws.l(fleqf.o)
    0x0800428c   0x00000102   Code   RO          745    x$fpl$fmul          fz_ws.l(fmul.o)
    0x0800438e   0x0000008c   Code   RO          758    x$fpl$fnaninf       fz_ws.l(fnaninf.o)
    0x0800441a   0x0000000a   Code   RO          760    x$fpl$fretinf       fz_ws.l(fretinf.o)
    0x08004424   0x00000062   Code   RO          747    x$fpl$frleqf        fz_ws.l(frleqf.o)
    0x08004486   0x00000014   Code   RO          722    x$fpl$frsb          fz_ws.l(faddsub_clz.o)
    0x0800449a   0x00000002   PAD
    0x0800449c   0x000000ea   Code   RO          723    x$fpl$fsub          fz_ws.l(faddsub_clz.o)
    0x08004586   0x00000000   Code   RO          762    x$fpl$usenofp       fz_ws.l(usenofp.o)
    0x08004586   0x000010fd   Data   RO          214    .constdata          oled.o
    0x08005683   0x00000001   PAD
    0x08005684   0x00000020   Data   RO          910    Region$$Table       anon$$obj.o


    Execution Region RW_IRAM1 (Base: 0x20000000, Size: 0x000007f0, Max: 0x0000c000, ABSOLUTE)

    Base Addr    Size         Type   Attr      Idx    E Section Name        Object

    0x20000000   0x00000014   Data   RW           11    .data               system_stm32f10x.o
    0x20000014   0x00000004   Data   RW           70    .data               delay.o
    0x20000018   0x00000018   Data   RW          123    .data               usart.o
    0x20000030   0x00000008   Data   RW          145    .data               main.o
    0x20000038   0x00000018   Data   RW          303    .data               bsp_servo.o
    0x20000050   0x0000000c   Data   RW          321    .data               bsp_timer.o
    0x2000005c   0x00000004   Data   RW          370    .data               bsp_ultrasonic.o
    0x20000060   0x00000014   Data   RW          598    .data               stm32f10x_rcc.o
    0x20000074   0x00000118   Zero   RW          122    .bss                usart.o
    0x2000018c   0x00000060   Zero   RW          791    .bss                c_w.l(libspace.o)
    0x200001ec   0x00000004   PAD
    0x200001f0   0x00000200   Zero   RW            2    HEAP                startup_stm32f10x_md.o
    0x200003f0   0x00000400   Zero   RW            1    STACK               startup_stm32f10x_md.o


==============================================================================

Image component sizes


      Code (inc. data)   RO Data    RW Data    ZI Data      Debug   Object Name

        40          8          0          0          0        756   app_motor.o
       428          8          0          0          0       1337   app_ultrasonic.o
        76          6          0          0          0        483   bsp.o
       656         50          0          0          0      10896   bsp_adc.o
       336         22          0          0          0       1102   bsp_gpio.o
       116         18          0          0          0        667   bsp_oled.o
         0          0          0         24          0        400   bsp_servo.o
       404         50          0         12          0       1196   bsp_timer.o
       680         16          0          4          0       2287   bsp_ultrasonic.o
       212         18          0          4          0     205835   delay.o
        48          6          0          8          0        699   main.o
       220         22          0          0          0       1777   misc.o
      2124         26       4349          0          0       7466   oled.o
        64         26        236          0       1536        844   startup_stm32f10x_md.o
      1102         26          0          0          0      10809   stm32f10x_adc.o
       860         38          0          0          0       5621   stm32f10x_gpio.o
       932         36          0         20          0       8788   stm32f10x_rcc.o
      3610         88          0          0          0      22108   stm32f10x_tim.o
      1032         22          0          0          0       8348   stm32f10x_usart.o
        12          0          0          0          0        461   sys.o
       480         38          0         20          0      49607   system_stm32f10x.o
       680         42          0         24        280       4239   usart.o

    ----------------------------------------------------------------------
     14116        566       4618        116       1816     345726   Object Totals
         0          0         32          0          0          0   (incl. Generated)
         4          0          1          0          0          0   (incl. Padding)

    ----------------------------------------------------------------------

      Code (inc. data)   RO Data    RW Data    ZI Data      Debug   Library Member Name

         8          0          0          0          0         68   __main.o
        52          8          0          0          0          0   __scatter.o
        26          0          0          0          0          0   __scatter_copy.o
        28          0          0          0          0          0   __scatter_zi.o
        12          0          0          0          0         72   exit.o
         6          0          0          0          0        152   heapauxi.o
         2          0          0          0          0          0   libinit.o
         2          0          0          0          0          0   libinit2.o
         2          0          0          0          0          0   libshutdown.o
         2          0          0          0          0          0   libshutdown2.o
         8          4          0          0         96         68   libspace.o
        78          0          0          0          0         80   rt_memclr_w.o
         0          0          0          0          0          0   rtentry.o
        12          0          0          0          0          0   rtentry2.o
         6          0          0          0          0          0   rtentry4.o
         2          0          0          0          0          0   rtexit.o
        10          0          0          0          0          0   rtexit2.o
        74          0          0          0          0         80   sys_stackheap_outer.o
         2          0          0          0          0         68   use_no_semi.o
         2          0          0          0          0         68   use_no_semi_2.o
        98          4          0          0          0         92   d2f.o
       688        140          0          0          0        208   ddiv.o
        38          0          0          0          0         68   dflt_clz.o
       340         12          0          0          0        104   dmul.o
       156          4          0          0          0         92   dnaninf.o
        12          0          0          0          0         68   dretinf.o
        86          4          0          0          0         84   f2d.o
       450          8          0          0          0        236   faddsub_clz.o
        24          0          0          0          0         68   fcmpi.o
       388         76          0          0          0         96   fdiv.o
        54          4          0          0          0         84   ffix.o
        62          4          0          0          0         84   ffixu.o
        86          0          0          0          0        136   fflt_clz.o
       104          4          0          0          0         84   fleqf.o
       258          4          0          0          0         84   fmul.o
       140          4          0          0          0         84   fnaninf.o
        10          0          0          0          0         68   fretinf.o
        98          0          0          0          0         68   frleqf.o
         0          0          0          0          0          0   usenofp.o

    ----------------------------------------------------------------------
      3446        280          0          0        100       2464   Library Totals
        20          0          0          0          4          0   (incl. Padding)

    ----------------------------------------------------------------------

      Code (inc. data)   RO Data    RW Data    ZI Data      Debug   Library Name

       334         12          0          0         96        656   c_w.l
      3092        268          0          0          0       1808   fz_ws.l

    ----------------------------------------------------------------------
      3446        280          0          0        100       2464   Library Totals

    ----------------------------------------------------------------------

==============================================================================


      Code (inc. data)   RO Data    RW Data    ZI Data      Debug   

     17562        846       4618        116       1916     345274   Grand Totals
     17562        846       4618        116       1916     345274   ELF Image Totals
     17562        846       4618        116          0          0   ROM Totals

==============================================================================

    Total RO  Size (Code + RO Data)                22180 (  21.66kB)
    Total RW  Size (RW Data + ZI Data)              2032 (   1.98kB)
    Total ROM Size (Code + RO Data + RW Data)      22296 (  21.77kB)

==============================================================================

