<html>
<body>
<pre>
<h1>礦ision Build Log</h1>
<h2>Tool Versions:</h2>
IDE-Version: 礦ision V5.14.0.0
Copyright (C) 2015 ARM Ltd and ARM Germany GmbH. All rights reserved.
License Information: 11 Administrator, 11, LIC=AK1Y8-30GWM-LT53E-5EGW1-SM430-0P9N5
 
Tool Versions:
Toolchain:       MDK-ARM Professional  Version: 5.14.0.0
Toolchain Path:  C:\Keil_v5\ARM\ARMCC\Bin
C Compiler:      Armcc.exe V5.05 update 1 (build 106)
Assembler:       Armasm.exe V5.05 update 1 (build 106)
Linker/Locator:  ArmLink.exe V5.05 update 1 (build 106)
Library Manager: ArmAr.exe V5.05 update 1 (build 106)
Hex Converter:   FromElf.exe V5.05 update 1 (build 106)
CPU DLL:         SARMCM3.DLL V5.14.0.0
Dialog DLL:      DCM.DLL V1.13.1.0
Target DLL:      Segger\JL2CM3.dll V2.99.13.0
Dialog DLL:      TCM.DLL V1.14.4.0
 
<h2>Project:</h2>
F:\15.STM32视觉巡线小车\STM32-Visual-Tracking-Car\4.Code\7.Ultrasonic_obstacle_avoidance\Ultrasonic obstacle avoidance.uvprojx
Project File Date:  11/15/2019

<h2>Output:</h2>
Rebuild target 'Target 1'
assembling startup_stm32f10x_md.s...
compiling system_stm32f10x.c...
compiling delay.c...
compiling sys.c...
compiling usart.c...
compiling main.c...
.\Source\BSP\bsp_gpio.h(24): warning:  #1295-D: Deprecated declaration Start_init - give arg types
  void Start_init();
.\Source\BSP\bsp_adc.h(20): warning:  #1295-D: Deprecated declaration ADC_GPIO_Init - give arg types
  void ADC_GPIO_Init();
Source\APP\main.c: 2 warnings, 0 errors
compiling app_motor.c...
compiling OLED.c...
compiling app_ultrasonic.c...
Source\APP\app_ultrasonic.c(130): warning:  #177-D: variable "speeda" was declared but never referenced
        int speeda=4500;
Source\APP\app_ultrasonic.c(132): warning:  #177-D: variable "LeftDistance" was declared but never referenced
        int LeftDistance = 0, RightDistance = 0;
Source\APP\app_ultrasonic.c(132): warning:  #177-D: variable "RightDistance" was declared but never referenced
        int LeftDistance = 0, RightDistance = 0;
Source\APP\app_ultrasonic.c: 3 warnings, 0 errors
compiling bsp.c...
Source\BSP\bsp_gpio.h(24): warning:  #1295-D: Deprecated declaration Start_init - give arg types
  void Start_init();
Source\BSP\bsp_adc.h(20): warning:  #1295-D: Deprecated declaration ADC_GPIO_Init - give arg types
  void ADC_GPIO_Init();
Source\BSP\bsp.c: 2 warnings, 0 errors
compiling bsp_gpio.c...
Source\BSP\bsp_gpio.h(24): warning:  #1295-D: Deprecated declaration Start_init - give arg types
  void Start_init();
Source\BSP\bsp_gpio.c: 1 warning, 0 errors
compiling bsp_servo.c...
compiling bsp_timer.c...
Source\BSP\bsp_gpio.h(24): warning:  #1295-D: Deprecated declaration Start_init - give arg types
  void Start_init();
Source\BSP\bsp_timer.c: 1 warning, 0 errors
compiling bsp_OLED.c...
compiling bsp_adc.c...
Source\BSP\bsp_adc.h(20): warning:  #1295-D: Deprecated declaration ADC_GPIO_Init - give arg types
  void ADC_GPIO_Init();
Source\BSP\bsp_adc.c: 1 warning, 0 errors
compiling bsp_ultrasonic.c...
Source\BSP\bsp_ultrasonic.c(188): warning:  #177-D: variable "a" was declared but never referenced
    int a,num = 0;
Source\BSP\bsp_ultrasonic.c(189): warning:  #177-D: variable "lastDistance" was declared but never referenced
        int lastDistance;
Source\BSP\bsp_ultrasonic.c: 2 warnings, 0 errors
compiling misc.c...
compiling stm32f10x_adc.c...
compiling stm32f10x_bkp.c...
compiling stm32f10x_can.c...
compiling stm32f10x_cec.c...
compiling stm32f10x_crc.c...
compiling stm32f10x_dac.c...
compiling stm32f10x_dbgmcu.c...
compiling stm32f10x_dma.c...
compiling stm32f10x_exti.c...
compiling stm32f10x_flash.c...
compiling stm32f10x_fsmc.c...
compiling stm32f10x_gpio.c...
compiling stm32f10x_i2c.c...
compiling stm32f10x_iwdg.c...
compiling stm32f10x_pwr.c...
compiling stm32f10x_rcc.c...
compiling stm32f10x_rtc.c...
compiling stm32f10x_sdio.c...
compiling stm32f10x_spi.c...
compiling stm32f10x_tim.c...
compiling stm32f10x_usart.c...
compiling stm32f10x_wwdg.c...
linking...
Program Size: Code=17562 RO-data=4618 RW-data=96 ZI-data=1912  
FromELF: creating hex file...
".\output\Ultrasonic obstacle avoidance.axf" - 0 Error(s), 12 Warning(s).

<h2>Software Packages used:</h2>

Package Vendor: ARM
                http://www.keil.com/pack/ARM.CMSIS.4.2.0.pack
                ARM::CMSIS:CORE:3.40.0
                CMSIS (Cortex Microcontroller Software Interface Standard)
   * Component: CORE Version: 3.40.0

<h2>Collection of Component include folders:</h2>
  F:\15.STM32视觉巡线小车\STM32-Visual-Tracking-Car\4.Code\7.Ultrasonic_obstacle_avoidance\RTE
  C:\Keil_v5\ARM\PACK\ARM\CMSIS\4.2.0\CMSIS\Include

<h2>Collection of Component Files used:</h2>

   * Component: ARM::CMSIS:CORE:3.40.0
      Source file:   CMSIS\UserCodeTemplates\ARM\ITM_Retarget.c
</pre>
</body>
</html>
