Component: ARM Compiler 5.05 update 1 (build 106) Tool: armlink [4d0efa]

==============================================================================

Section Cross References

    startup_stm32f10x_md.o(STACK) refers (Special) to heapauxi.o(.text) for __use_two_region_memory
    startup_stm32f10x_md.o(HEAP) refers (Special) to heapauxi.o(.text) for __use_two_region_memory
    startup_stm32f10x_md.o(RESET) refers (Special) to heapauxi.o(.text) for __use_two_region_memory
    startup_stm32f10x_md.o(RESET) refers to startup_stm32f10x_md.o(STACK) for __initial_sp
    startup_stm32f10x_md.o(RESET) refers to startup_stm32f10x_md.o(.text) for Reset_Handler
    startup_stm32f10x_md.o(RESET) refers to exti.o(.text) for EXTI9_5_IRQHandler
    startup_stm32f10x_md.o(RESET) refers to bsp_timer.o(.text) for TIM1_UP_IRQHandler
    startup_stm32f10x_md.o(RESET) refers to bsp_ultrasonic.o(.text) for TIM2_IRQHandler
    startup_stm32f10x_md.o(RESET) refers to usart.o(.text) for USART1_IRQHandler
    startup_stm32f10x_md.o(.text) refers (Special) to heapauxi.o(.text) for __use_two_region_memory
    startup_stm32f10x_md.o(.text) refers to system_stm32f10x.o(.text) for SystemInit
    startup_stm32f10x_md.o(.text) refers to __main.o(!!!main) for __main
    startup_stm32f10x_md.o(.text) refers to startup_stm32f10x_md.o(HEAP) for Heap_Mem
    startup_stm32f10x_md.o(.text) refers to startup_stm32f10x_md.o(STACK) for Stack_Mem
    system_stm32f10x.o(.text) refers to system_stm32f10x.o(.data) for SystemCoreClock
    delay.o(.text) refers to misc.o(.text) for SysTick_CLKSourceConfig
    delay.o(.text) refers to system_stm32f10x.o(.data) for SystemCoreClock
    delay.o(.text) refers to delay.o(.data) for fac_us
    sys.o(.text) refers to misc.o(.text) for NVIC_PriorityGroupConfig
    usart.o(.text) refers (Special) to use_no_semi_2.o(.text) for __use_no_semihosting
    usart.o(.text) refers to stm32f10x_rcc.o(.text) for RCC_APB2PeriphClockCmd
    usart.o(.text) refers to stm32f10x_gpio.o(.text) for GPIO_Init
    usart.o(.text) refers to misc.o(.text) for NVIC_Init
    usart.o(.text) refers to stm32f10x_usart.o(.text) for USART_Init
    usart.o(.text) refers to usart.o(.data) for USART_RX_STA
    usart.o(.text) refers to usart.o(.bss) for USART_RX_BUF
    usart.o(.bss) refers (Special) to use_no_semi_2.o(.text) for __use_no_semihosting
    usart.o(.data) refers (Special) to use_no_semi_2.o(.text) for __use_no_semihosting
    main.o(.text) refers to bsp.o(.text) for bsp_init
    main.o(.text) refers to bsp_adc.o(.text) for Get_Battery_Volotage_show
    main.o(.text) refers to app_ultrasonic.o(.text) for app_ultrasonic_modeshow
    main.o(.text) refers to app_ps2control.o(.text) for app_ps2_deal
    main.o(.text) refers to main.o(.data) for g_readSpeed
    app_motor.o(.text) refers to main.o(.data) for speed
    oled.o(.text) refers to stm32f10x_gpio.o(.text) for GPIO_SetBits
    oled.o(.text) refers to oled.o(.constdata) for F16x16
    app_ultrasonic.o(.text) refers to bsp_ultrasonic.o(.text) for bsp_getUltrasonicDistance
    app_ultrasonic.o(.text) refers to ffix.o(x$fpl$ffix) for __aeabi_f2iz
    app_ultrasonic.o(.text) refers to oled.o(.text) for LCD_Print
    app_ultrasonic.o(.text) refers to app_motor.o(.text) for MiniCar_Run
    app_ultrasonic.o(.text) refers to delay.o(.text) for delay_ms
    app_ultrasonic.o(.text) refers to ffixu.o(x$fpl$ffixu) for __aeabi_f2uiz
    app_ultrasonic.o(.text) refers to bsp_servo.o(.data) for Angle_J1
    app_bluetooth.o(.text) refers to _printf_pad.o(.text) for _printf_pre_padding
    app_bluetooth.o(.text) refers to _printf_percent.o(.ARM.Collect$$_printf_percent$$00000000) for _printf_percent
    app_bluetooth.o(.text) refers to _printf_d.o(.ARM.Collect$$_printf_percent$$00000009) for _printf_d
    app_bluetooth.o(.text) refers to _printf_f.o(.ARM.Collect$$_printf_percent$$00000003) for _printf_f
    app_bluetooth.o(.text) refers to _printf_dec.o(.text) for _printf_int_dec
    app_bluetooth.o(.text) refers to printf1.o(x$fpl$printf1) for _printf_fp_dec
    app_bluetooth.o(.text) refers to oled.o(.text) for LCD_PrintImage
    app_bluetooth.o(.text) refers to fflt_clz.o(x$fpl$fflt) for __aeabi_i2f
    app_bluetooth.o(.text) refers to f2d.o(x$fpl$f2d) for __aeabi_f2d
    app_bluetooth.o(.text) refers to dmul.o(x$fpl$dmul) for __aeabi_dmul
    app_bluetooth.o(.text) refers to d2f.o(x$fpl$d2f) for __aeabi_d2f
    app_bluetooth.o(.text) refers to faddsub_clz.o(x$fpl$fsub) for __aeabi_fsub
    app_bluetooth.o(.text) refers to daddsub_clz.o(x$fpl$dadd) for __aeabi_dadd
    app_bluetooth.o(.text) refers to faddsub_clz.o(x$fpl$fadd) for __aeabi_fadd
    app_bluetooth.o(.text) refers to frleqf.o(x$fpl$frleqf) for __aeabi_cfrcmple
    app_bluetooth.o(.text) refers to fleqf.o(x$fpl$fleqf) for __aeabi_cfcmple
    app_bluetooth.o(.text) refers to ffix.o(x$fpl$ffix) for __aeabi_f2iz
    app_bluetooth.o(.text) refers to usart.o(.text) for UART1SendByte
[...]
    ../clib/scanf.c                          0x00000000   Number         0  _strtoul.o ABSOLUTE
    ../clib/scanf.c                          0x00000000   Number         0  strtol.o ABSOLUTE
    ../clib/signal.c                         0x00000000   Number         0  defsig_other.o ABSOLUTE
    ../clib/signal.c                         0x00000000   Number         0  defsig_general.o ABSOLUTE
    ../clib/signal.c                         0x00000000   Number         0  defsig_cppl_inner.o ABSOLUTE
    ../clib/signal.c                         0x00000000   Number         0  defsig_segv_inner.o ABSOLUTE
    ../clib/signal.c                         0x00000000   Number         0  defsig_pvfn_inner.o ABSOLUTE
    ../clib/signal.c                         0x00000000   Number         0  defsig_stak_inner.o ABSOLUTE
    ../clib/signal.c                         0x00000000   Number         0  defsig_rtred_inner.o ABSOLUTE
    ../clib/signal.c                         0x00000000   Number         0  defsig_rtmem_inner.o ABSOLUTE
    ../clib/signal.c                         0x00000000   Number         0  defsig_fpe_inner.o ABSOLUTE
    ../clib/signal.c                         0x00000000   Number         0  defsig_rtmem_outer.o ABSOLUTE
    ../clib/signal.c                         0x00000000   Number         0  defsig_exit.o ABSOLUTE
    ../clib/signal.c                         0x00000000   Number         0  defsig_rtmem_formal.o ABSOLUTE
    ../clib/signal.c                         0x00000000   Number         0  defsig_abrt_inner.o ABSOLUTE
    ../clib/signal.c                         0x00000000   Number         0  __raise.o ABSOLUTE
    ../clib/signal.s                         0x00000000   Number         0  defsig.o ABSOLUTE
    ../clib/stdio.c                          0x00000000   Number         0  ferror_locked.o ABSOLUTE
    ../clib/stdio.c                          0x00000000   Number         0  ferror.o ABSOLUTE
    ../clib/stdlib.c                         0x00000000   Number         0  exit.o ABSOLUTE
    ../fplib/d2f.s                           0x00000000   Number         0  d2f.o ABSOLUTE
    ../fplib/daddsub.s                       0x00000000   Number         0  daddsub_clz.o ABSOLUTE
    ../fplib/ddiv.s                          0x00000000   Number         0  ddiv.o ABSOLUTE
    ../fplib/dflt.s                          0x00000000   Number         0  dflt_clz.o ABSOLUTE
    ../fplib/dmul.s                          0x00000000   Number         0  dmul.o ABSOLUTE
    ../fplib/dnaninf.s                       0x00000000   Number         0  dnaninf.o ABSOLUTE
    ../fplib/dretinf.s                       0x00000000   Number         0  dretinf.o ABSOLUTE
    ../fplib/f2d.s                           0x00000000   Number         0  f2d.o ABSOLUTE
    ../fplib/faddsub.s                       0x00000000   Number         0  faddsub_clz.o ABSOLUTE
    ../fplib/fcmpi.s                         0x00000000   Number         0  fcmpi.o ABSOLUTE
    ../fplib/fdiv.s                          0x00000000   Number         0  fdiv.o ABSOLUTE
    ../fplib/ffix.s                          0x00000000   Number         0  ffix.o ABSOLUTE
    ../fplib/ffixu.s                         0x00000000   Number         0  ffixu.o ABSOLUTE
    ../fplib/fflt.s                          0x00000000   Number         0  fflt_clz.o ABSOLUTE
    ../fplib/fleqf.s                         0x00000000   Number         0  fleqf.o ABSOLUTE
    ../fplib/fmul.s                          0x00000000   Number         0  fmul.o ABSOLUTE
    ../fplib/fnaninf.s                       0x00000000   Number         0  fnaninf.o ABSOLUTE
    ../fplib/fpinit.s                        0x00000000   Number         0  fpinit.o ABSOLUTE
    ../fplib/fretinf.s                       0x00000000   Number         0  fretinf.o ABSOLUTE
    ../fplib/frleqf.s                        0x00000000   Number         0  frleqf.o ABSOLUTE
    ../fplib/istatus.s                       0x00000000   Number         0  istatus.o ABSOLUTE
    ../fplib/printf1.s                       0x00000000   Number         0  printf1.o ABSOLUTE
    ../fplib/usenofp.s                       0x00000000   Number         0  usenofp.o ABSOLUTE
    ../mathlib/fpclassify.c                  0x00000000   Number         0  fpclassify.o ABSOLUTE
    Source\APP\OLED.c                        0x00000000   Number         0  oled.o ABSOLUTE
    Source\APP\app_bluetooth.c               0x00000000   Number         0  app_bluetooth.o ABSOLUTE
    Source\APP\app_colormode.c               0x00000000   Number         0  app_colormode.o ABSOLUTE
    Source\APP\app_motor.c                   0x00000000   Number         0  app_motor.o ABSOLUTE
    Source\APP\app_ps2Control.c              0x00000000   Number         0  app_ps2control.o ABSOLUTE
    Source\APP\app_ultrasonic.c              0x00000000   Number         0  app_ultrasonic.o ABSOLUTE
    Source\APP\exti.c                        0x00000000   Number         0  exti.o ABSOLUTE
    Source\APP\main.c                        0x00000000   Number         0  main.o ABSOLUTE
    Source\APP\ov7670.c                      0x00000000   Number         0  ov7670.o ABSOLUTE
    Source\APP\sccb.c                        0x00000000   Number         0  sccb.o ABSOLUTE
    Source\BSP\bsp.c                         0x00000000   Number         0  bsp.o ABSOLUTE
    Source\BSP\bsp_OLED.c                    0x00000000   Number         0  bsp_oled.o ABSOLUTE
    Source\BSP\bsp_adc.c                     0x00000000   Number         0  bsp_adc.o ABSOLUTE
    Source\BSP\bsp_colorful.c                0x00000000   Number         0  bsp_colorful.o ABSOLUTE
    Source\BSP\bsp_gpio.c                    0x00000000   Number         0  bsp_gpio.o ABSOLUTE
    Source\BSP\bsp_ps2.c                     0x00000000   Number         0  bsp_ps2.o ABSOLUTE
    Source\BSP\bsp_servo.c                   0x00000000   Number         0  bsp_servo.o ABSOLUTE
    Source\BSP\bsp_timer.c                   0x00000000   Number         0  bsp_timer.o ABSOLUTE
    Source\BSP\bsp_ultrasonic.c              0x00000000   Number         0  bsp_ultrasonic.o ABSOLUTE
    Source\CMSIS\startup\startup_stm32f10x_md.s 0x00000000   Number         0  startup_stm32f10x_md.o ABSOLUTE
    Source\CMSIS\system_stm32f10x.c          0x00000000   Number         0  system_stm32f10x.o ABSOLUTE
    Source\FWlib\src\misc.c                  0x00000000   Number         0  misc.o ABSOLUTE
    Source\FWlib\src\stm32f10x_adc.c         0x00000000   Number         0  stm32f10x_adc.o ABSOLUTE
    Source\FWlib\src\stm32f10x_bkp.c         0x00000000   Number         0  stm32f10x_bkp.o ABSOLUTE
    Source\FWlib\src\stm32f10x_can.c         0x00000000   Number         0  stm32f10x_can.o ABSOLUTE
    Source\FWlib\src\stm32f10x_cec.c         0x00000000   Number         0  stm32f10x_cec.o ABSOLUTE
    Source\FWlib\src\stm32f10x_crc.c         0x00000000   Number         0  stm32f10x_crc.o ABSOLUTE
    Source\FWlib\src\stm32f10x_dac.c         0x00000000   Number         0  stm32f10x_dac.o ABSOLUTE
    Source\FWlib\src\stm32f10x_dbgmcu.c      0x00000000   Number         0  stm32f10x_dbgmcu.o ABSOLUTE
    Source\FWlib\src\stm32f10x_dma.c         0x00000000   Number         0  stm32f10x_dma.o ABSOLUTE
    Source\FWlib\src\stm32f10x_exti.c        0x00000000   Number         0  stm32f10x_exti.o ABSOLUTE
    Source\FWlib\src\stm32f10x_flash.c       0x00000000   Number         0  stm32f10x_flash.o ABSOLUTE
    Source\FWlib\src\stm32f10x_fsmc.c        0x00000000   Number         0  stm32f10x_fsmc.o ABSOLUTE
    Source\FWlib\src\stm32f10x_gpio.c        0x00000000   Number         0  stm32f10x_gpio.o ABSOLUTE
    Source\FWlib\src\stm32f10x_i2c.c         0x00000000   Number         0  stm32f10x_i2c.o ABSOLUTE
    Source\FWlib\src\stm32f10x_iwdg.c        0x00000000   Number         0  stm32f10x_iwdg.o ABSOLUTE
    Source\FWlib\src\stm32f10x_pwr.c         0x00000000   Number         0  stm32f10x_pwr.o ABSOLUTE
    Source\FWlib\src\stm32f10x_rcc.c         0x00000000   Number         0  stm32f10x_rcc.o ABSOLUTE
    Source\FWlib\src\stm32f10x_rtc.c         0x00000000   Number         0  stm32f10x_rtc.o ABSOLUTE
    Source\FWlib\src\stm32f10x_sdio.c        0x00000000   Number         0  stm32f10x_sdio.o ABSOLUTE
    Source\FWlib\src\stm32f10x_spi.c         0x00000000   Number         0  stm32f10x_spi.o ABSOLUTE
    Source\FWlib\src\stm32f10x_tim.c         0x00000000   Number         0  stm32f10x_tim.o ABSOLUTE
    Source\FWlib\src\stm32f10x_usart.c       0x00000000   Number         0  stm32f10x_usart.o ABSOLUTE
    Source\FWlib\src\stm32f10x_wwdg.c        0x00000000   Number         0  stm32f10x_wwdg.o ABSOLUTE
    Source\PUBLIC\delay\delay.c              0x00000000   Number         0  delay.o ABSOLUTE
    Source\PUBLIC\sys\sys.c                  0x00000000   Number         0  sys.o ABSOLUTE
    Source\PUBLIC\usart\usart.c              0x00000000   Number         0  usart.o ABSOLUTE
    Source\Protocol\protocol.c               0x00000000   Number         0  protocol.o ABSOLUTE
    dc.s                                     0x00000000   Number         0  dc.o ABSOLUTE
    RESET                                    0x08000000   Section      236  startup_stm32f10x_md.o(RESET)
    !!!main                                  0x080000ec   Section        8  __main.o(!!!main)
    !!!scatter                               0x080000f4   Section       52  __scatter.o(!!!scatter)
    !!handler_copy                           0x08000128   Section       26  __scatter_copy.o(!!handler_copy)
    !!handler_zi                             0x08000144   Section       28  __scatter_zi.o(!!handler_zi)
    .ARM.Collect$$libinit$$00000000          0x08000160   Section        2  libinit.o(.ARM.Collect$$libinit$$00000000)
    .ARM.Collect$$libinit$$00000002          0x08000162   Section        0  libinit2.o(.ARM.Collect$$libinit$$00000002)
    .ARM.Collect$$libinit$$00000004          0x08000162   Section        0  libinit2.o(.ARM.Collect$$libinit$$00000004)
    .ARM.Collect$$libinit$$0000000A          0x08000162   Section        0  libinit2.o(.ARM.Collect$$libinit$$0000000A)
    .ARM.Collect$$libinit$$0000000C          0x08000162   Section        0  libinit2.o(.ARM.Collect$$libinit$$0000000C)
    .ARM.Collect$$libinit$$0000000E          0x08000162   Section        0  libinit2.o(.ARM.Collect$$libinit$$0000000E)
    .ARM.Collect$$libinit$$00000011          0x08000162   Section        0  libinit2.o(.ARM.Collect$$libinit$$00000011)
    .ARM.Collect$$libinit$$00000013          0x08000162   Section        0  libinit2.o(.ARM.Collect$$libinit$$00000013)
    .ARM.Collect$$libinit$$00000015          0x08000162   Section        0  libinit2.o(.ARM.Collect$$libinit$$00000015)
    .ARM.Collect$$libinit$$00000017          0x08000162   Section        0  libinit2.o(.ARM.Collect$$libinit$$00000017)
    .ARM.Collect$$libinit$$00000019          0x08000162   Section        0  libinit2.o(.ARM.Collect$$libinit$$00000019)
    .ARM.Collect$$libinit$$0000001B          0x08000162   Section        0  libinit2.o(.ARM.Collect$$libinit$$0000001B)
    .ARM.Collect$$libinit$$0000001D          0x08000162   Section        0  libinit2.o(.ARM.Collect$$libinit$$0000001D)
    .ARM.Collect$$libinit$$0000001F          0x08000162   Section        0  libinit2.o(.ARM.Collect$$libinit$$0000001F)
    .ARM.Collect$$libinit$$00000021          0x08000162   Section        0  libinit2.o(.ARM.Collect$$libinit$$00000021)
    .ARM.Collect$$libinit$$00000023          0x08000162   Section        0  libinit2.o(.ARM.Collect$$libinit$$00000023)
    .ARM.Collect$$libinit$$00000025          0x08000162   Section        0  libinit2.o(.ARM.Collect$$libinit$$00000025)
    .ARM.Collect$$libinit$$0000002C          0x08000162   Section        0  libinit2.o(.ARM.Collect$$libinit$$0000002C)
    .ARM.Collect$$libinit$$0000002E          0x08000162   Section        0  libinit2.o(.ARM.Collect$$libinit$$0000002E)
    .ARM.Collect$$libinit$$00000030          0x08000162   Section        0  libinit2.o(.ARM.Collect$$libinit$$00000030)
    .ARM.Collect$$libinit$$00000032          0x08000162   Section        0  libinit2.o(.ARM.Collect$$libinit$$00000032)
    .ARM.Collect$$libinit$$00000033          0x08000162   Section        2  libinit2.o(.ARM.Collect$$libinit$$00000033)
    .ARM.Collect$$libshutdown$$00000000      0x08000164   Section        2  libshutdown.o(.ARM.Collect$$libshutdown$$00000000)
    .ARM.Collect$$libshutdown$$00000003      0x08000166   Section        0  libshutdown2.o(.ARM.Collect$$libshutdown$$00000003)
    .ARM.Collect$$libshutdown$$00000006      0x08000166   Section        0  libshutdown2.o(.ARM.Collect$$libshutdown$$00000006)
    .ARM.Collect$$libshutdown$$00000009      0x08000166   Section        0  libshutdown2.o(.ARM.Collect$$libshutdown$$00000009)
    .ARM.Collect$$libshutdown$$0000000B      0x08000166   Section        0  libshutdown2.o(.ARM.Collect$$libshutdown$$0000000B)
    .ARM.Collect$$libshutdown$$0000000E      0x08000166   Section        0  libshutdown2.o(.ARM.Collect$$libshutdown$$0000000E)
    .ARM.Collect$$libshutdown$$0000000F      0x08000166   Section        2  libshutdown2.o(.ARM.Collect$$libshutdown$$0000000F)
    .ARM.Collect$$rtentry$$00000000          0x08000168   Section        0  __rtentry.o(.ARM.Collect$$rtentry$$00000000)
    .ARM.Collect$$rtentry$$00000002          0x08000168   Section        0  __rtentry2.o(.ARM.Collect$$rtentry$$00000002)
    .ARM.Collect$$rtentry$$00000004          0x08000168   Section        6  __rtentry4.o(.ARM.Collect$$rtentry$$00000004)
    .ARM.Collect$$rtentry$$00000009          0x0800016e   Section        0  __rtentry2.o(.ARM.Collect$$rtentry$$00000009)
    .ARM.Collect$$rtentry$$0000000A          0x0800016e   Section        4  __rtentry2.o(.ARM.Collect$$rtentry$$0000000A)
    .ARM.Collect$$rtentry$$0000000C          0x08000172   Section        0  __rtentry2.o(.ARM.Collect$$rtentry$$0000000C)
    .ARM.Collect$$rtentry$$0000000D          0x08000172   Section        8  __rtentry2.o(.ARM.Collect$$rtentry$$0000000D)
    .ARM.Collect$$rtexit$$00000000           0x0800017a   Section        2  rtexit.o(.ARM.Collect$$rtexit$$00000000)
    .ARM.Collect$$rtexit$$00000002           0x0800017c   Section        0  rtexit2.o(.ARM.Collect$$rtexit$$00000002)
    .ARM.Collect$$rtexit$$00000003           0x0800017c   Section        4  rtexit2.o(.ARM.Collect$$rtexit$$00000003)
    .ARM.Collect$$rtexit$$00000004           0x08000180   Section        6  rtexit2.o(.ARM.Collect$$rtexit$$00000004)
    .text                                    0x08000188   Section       64  startup_stm32f10x_md.o(.text)
    .text                                    0x080001c8   Section        0  system_stm32f10x.o(.text)
    SetSysClockTo72                          0x080001c9   Thumb Code   214  system_stm32f10x.o(.text)
    SetSysClock                              0x0800029f   Thumb Code     8  system_stm32f10x.o(.text)
    .text                                    0x080003a8   Section        0  delay.o(.text)
    .text                                    0x0800047c   Section        0  sys.o(.text)
    .text                                    0x08000488   Section        0  usart.o(.text)
    .text                                    0x08000730   Section        0  main.o(.text)
    .text                                    0x08000754   Section        0  app_motor.o(.text)
    .text                                    0x0800077c   Section        0  oled.o(.text)
    .text                                    0x08000fc8   Section        0  app_ultrasonic.o(.text)
    .text                                    0x08001178   Section        0  exti.o(.text)
    .text                                    0x08001228   Section        0  app_ps2control.o(.text)
    .text                                    0x0800145c   Section        0  bsp.o(.text)
    .text                                    0x080014b8   Section        0  bsp_gpio.o(.text)
    .text                                    0x08001670   Section        0  bsp_timer.o(.text)
    .text                                    0x08001810   Section        0  bsp_oled.o(.text)
    .text                                    0x08001884   Section        0  bsp_adc.o(.text)
    Get_Adc                                  0x08001919   Thumb Code    46  bsp_adc.o(.text)
    Get_Adc_Average                          0x08001947   Thumb Code    46  bsp_adc.o(.text)
    Get_Measure_Volotage                     0x08001975   Thumb Code    52  bsp_adc.o(.text)
    .text                                    0x08001b14   Section        0  bsp_ultrasonic.o(.text)
    .text                                    0x08001dbc   Section        0  bsp_colorful.o(.text)
    .text                                    0x08001e0c   Section        0  bsp_ps2.o(.text)
    .text                                    0x08001fc8   Section        0  misc.o(.text)
    .text                                    0x080020a4   Section        0  stm32f10x_adc.o(.text)
    .text                                    0x080024f4   Section        0  stm32f10x_exti.o(.text)
    .text                                    0x08002610   Section        0  stm32f10x_gpio.o(.text)
    .text                                    0x0800296c   Section        0  stm32f10x_rcc.o(.text)
    .text                                    0x08002d10   Section        0  stm32f10x_tim.o(.text)
    TI4_Config                               0x080031b7   Thumb Code   130  stm32f10x_tim.o(.text)
    TI3_Config                               0x0800324b   Thumb Code   122  stm32f10x_tim.o(.text)
    TI2_Config                               0x080032df   Thumb Code   130  stm32f10x_tim.o(.text)
    TI1_Config                               0x08003373   Thumb Code   108  stm32f10x_tim.o(.text)
    .text                                    0x08003b2c   Section        0  stm32f10x_usart.o(.text)
    .text                                    0x08003f34   Section        2  use_no_semi_2.o(.text)
    .text                                    0x08003f36   Section       78  rt_memclr_w.o(.text)
    .text                                    0x08003f84   Section        0  heapauxi.o(.text)
    .text                                    0x08003f8a   Section        2  use_no_semi.o(.text)
    .text                                    0x08003f8c   Section        8  libspace.o(.text)
    .text                                    0x08003f94   Section       74  sys_stackheap_outer.o(.text)
    .text                                    0x08003fde   Section        0  exit.o(.text)
    x$fpl$d2f                                0x08003fec   Section       98  d2f.o(x$fpl$d2f)
    x$fpl$ddiv                               0x08004050   Section      688  ddiv.o(x$fpl$ddiv)
    ddiv_entry                               0x08004057   Thumb Code     0  ddiv.o(x$fpl$ddiv)
    x$fpl$dfltu                              0x08004300   Section       38  dflt_clz.o(x$fpl$dfltu)
    x$fpl$dmul                               0x08004328   Section      340  dmul.o(x$fpl$dmul)
    x$fpl$dnaninf                            0x0800447c   Section      156  dnaninf.o(x$fpl$dnaninf)
    x$fpl$dretinf                            0x08004518   Section       12  dretinf.o(x$fpl$dretinf)
    x$fpl$f2d                                0x08004524   Section       86  f2d.o(x$fpl$f2d)
    x$fpl$fadd                               0x0800457c   Section      196  faddsub_clz.o(x$fpl$fadd)
    _fadd1                                   0x0800458b   Thumb Code     0  faddsub_clz.o(x$fpl$fadd)
    x$fpl$fcmpinf                            0x08004640   Section       24  fcmpi.o(x$fpl$fcmpinf)
    x$fpl$fdiv                               0x08004658   Section      388  fdiv.o(x$fpl$fdiv)
    _fdiv1                                   0x08004659   Thumb Code     0  fdiv.o(x$fpl$fdiv)
    x$fpl$ffix                               0x080047dc   Section       54  ffix.o(x$fpl$ffix)
    x$fpl$ffixu                              0x08004814   Section       62  ffixu.o(x$fpl$ffixu)
    x$fpl$fflt                               0x08004854   Section       48  fflt_clz.o(x$fpl$fflt)
    x$fpl$ffltu                              0x08004884   Section       38  fflt_clz.o(x$fpl$ffltu)
    x$fpl$fleqf                              0x080048ac   Section      104  fleqf.o(x$fpl$fleqf)
    x$fpl$fmul                               0x08004914   Section      258  fmul.o(x$fpl$fmul)
    x$fpl$fnaninf                            0x08004a16   Section      140  fnaninf.o(x$fpl$fnaninf)
    x$fpl$fretinf                            0x08004aa2   Section       10  fretinf.o(x$fpl$fretinf)
    x$fpl$frleqf                             0x08004aac   Section       98  frleqf.o(x$fpl$frleqf)
    x$fpl$frsb                               0x08004b0e   Section       20  faddsub_clz.o(x$fpl$frsb)
    x$fpl$fsub                               0x08004b24   Section      234  faddsub_clz.o(x$fpl$fsub)
    _fsub1                                   0x08004b33   Thumb Code     0  faddsub_clz.o(x$fpl$fsub)
    .constdata                               0x08004c0e   Section     4349  oled.o(.constdata)
    x$fpl$usenofp                            0x08004c0e   Section        0  usenofp.o(x$fpl$usenofp)
    .data                                    0x20000000   Section       20  system_stm32f10x.o(.data)
    .data                                    0x20000014   Section        4  delay.o(.data)
    fac_us                                   0x20000014   Data           1  delay.o(.data)
    fac_ms                                   0x20000016   Data           2  delay.o(.data)
    .data                                    0x20000018   Section       24  usart.o(.data)
    .data                                    0x20000030   Section       24  main.o(.data)
    .data                                    0x20000048   Section        1  exti.o(.data)
    .data                                    0x2000004c   Section       24  bsp_servo.o(.data)
    .data                                    0x20000064   Section       12  bsp_timer.o(.data)
    .data                                    0x20000070   Section        4  bsp_ultrasonic.o(.data)
    .data                                    0x20000074   Section       46  bsp_ps2.o(.data)
    .data                                    0x200000a2   Section       20  stm32f10x_rcc.o(.data)
    APBAHBPrescTable                         0x200000a2   Data          16  stm32f10x_rcc.o(.data)
    ADCPrescTable                            0x200000b2   Data           4  stm32f10x_rcc.o(.data)
    .data                                    0x200000b8   Section        8  protocol.o(.data)
    .bss                                     0x200000c0   Section      280  usart.o(.bss)
    .bss                                     0x200001d8   Section        9  bsp_ps2.o(.bss)
    .bss                                     0x200001e4   Section       96  libspace.o(.bss)
    HEAP                                     0x20000248   Section      512  startup_stm32f10x_md.o(HEAP)
    Heap_Mem                                 0x20000248   Data         512  startup_stm32f10x_md.o(HEAP)
    STACK                                    0x20000448   Section     1024  startup_stm32f10x_md.o(STACK)
    Stack_Mem                                0x20000448   Data        1024  startup_stm32f10x_md.o(STACK)
    __initial_sp                             0x20000848   Data           0  startup_stm32f10x_md.o(STACK)

    Global Symbols

    Symbol Name                              Value     Ov Type        Size  Object(Section)

    BuildAttributes$$THM_ISAv4$P$D$K$B$S$PE$A:L22UL41UL21$X:L11$S22US41US21$IEEE1$IW$USESV6$~STKCKD$USESV7$~SHL$OTIME$ROPI$IEEEJ$EBA8$UX$STANDARDLIB$REQ8$PRES8$EABIv2 0x00000000   Number         0  anon$$obj.o ABSOLUTE
    __ARM_use_no_argv                        0x00000000   Number         0  main.o ABSOLUTE
    _printf_flags                            0x00000000   Number         0  printf_stubs.o ABSOLUTE
    _printf_return_value                     0x00000000   Number         0  printf_stubs.o ABSOLUTE
    _printf_sizespec                         0x00000000   Number         0  printf_stubs.o ABSOLUTE
    _printf_widthprec                        0x00000000   Number         0  printf_stubs.o ABSOLUTE
    __ARM_exceptions_init                     - Undefined Weak Reference
    __alloca_initialize                       - Undefined Weak Reference
    __arm_preinit_                            - Undefined Weak Reference
    __cpp_initialize__aeabi_                  - Undefined Weak Reference
    __cxa_finalize                            - Undefined Weak Reference
    __sigvec_lookup                           - Undefined Weak Reference
    _atexit_init                              - Undefined Weak Reference
    _call_atexit_fns                          - Undefined Weak Reference
    _clock_init                               - Undefined Weak Reference
    _fp_trap_init                             - Undefined Weak Reference
    _fp_trap_shutdown                         - Undefined Weak Reference
    _get_lc_collate                           - Undefined Weak Reference
    _get_lc_monetary                          - Undefined Weak Reference
    _get_lc_time                              - Undefined Weak Reference
    _getenv_init                              - Undefined Weak Reference
    _handle_redirection                       - Undefined Weak Reference
    _init_alloc                               - Undefined Weak Reference
    _init_user_alloc                          - Undefined Weak Reference
    _initio                                   - Undefined Weak Reference
    _mutex_acquire                            - Undefined Weak Reference
    _mutex_release                            - Undefined Weak Reference
    _printf_truncate_signed                   - Undefined Weak Reference
    _printf_truncate_unsigned                 - Undefined Weak Reference
    _rand_init                                - Undefined Weak Reference
    _signal_finish                            - Undefined Weak Reference
    _signal_init                              - Undefined Weak Reference
    _terminate_alloc                          - Undefined Weak Reference
    _terminate_user_alloc                     - Undefined Weak Reference
    _terminateio                              - Undefined Weak Reference
    __Vectors_Size                           0x000000ec   Number         0  startup_stm32f10x_md.o ABSOLUTE
    __Vectors                                0x08000000   Data           4  startup_stm32f10x_md.o(RESET)
    __Vectors_End                            0x080000ec   Data           0  startup_stm32f10x_md.o(RESET)
    __main                                   0x080000ed   Thumb Code     8  __main.o(!!!main)
    __scatterload                            0x080000f5   Thumb Code     0  __scatter.o(!!!scatter)
    __scatterload_rt2                        0x080000f5   Thumb Code    44  __scatter.o(!!!scatter)
    __scatterload_rt2_thumb_only             0x080000f5   Thumb Code     0  __scatter.o(!!!scatter)
    __scatterload_null                       0x08000103   Thumb Code     0  __scatter.o(!!!scatter)
    __scatterload_copy                       0x08000129   Thumb Code    26  __scatter_copy.o(!!handler_copy)
    __scatterload_zeroinit                   0x08000145   Thumb Code    28  __scatter_zi.o(!!handler_zi)
    __rt_lib_init                            0x08000161   Thumb Code     0  libinit.o(.ARM.Collect$$libinit$$00000000)
    __rt_lib_init_alloca_1                   0x08000163   Thumb Code     0  libinit2.o(.ARM.Collect$$libinit$$0000002E)
    __rt_lib_init_argv_1                     0x08000163   Thumb Code     0  libinit2.o(.ARM.Collect$$libinit$$0000002C)
    __rt_lib_init_atexit_1                   0x08000163   Thumb Code     0  libinit2.o(.ARM.Collect$$libinit$$0000001B)
    __rt_lib_init_clock_1                    0x08000163   Thumb Code     0  libinit2.o(.ARM.Collect$$libinit$$00000021)
    __rt_lib_init_cpp_1                      0x08000163   Thumb Code     0  libinit2.o(.ARM.Collect$$libinit$$00000032)
    __rt_lib_init_exceptions_1               0x08000163   Thumb Code     0  libinit2.o(.ARM.Collect$$libinit$$00000030)
    __rt_lib_init_fp_1                       0x08000163   Thumb Code     0  libinit2.o(.ARM.Collect$$libinit$$00000002)
    __rt_lib_init_fp_trap_1                  0x08000163   Thumb Code     0  libinit2.o(.ARM.Collect$$libinit$$0000001F)
    __rt_lib_init_getenv_1                   0x08000163   Thumb Code     0  libinit2.o(.ARM.Collect$$libinit$$00000023)
    __rt_lib_init_heap_1                     0x08000163   Thumb Code     0  libinit2.o(.ARM.Collect$$libinit$$0000000A)
    __rt_lib_init_lc_collate_1               0x08000163   Thumb Code     0  libinit2.o(.ARM.Collect$$libinit$$00000011)
    __rt_lib_init_lc_ctype_1                 0x08000163   Thumb Code     0  libinit2.o(.ARM.Collect$$libinit$$00000013)
    __rt_lib_init_lc_monetary_1              0x08000163   Thumb Code     0  libinit2.o(.ARM.Collect$$libinit$$00000015)
    __rt_lib_init_lc_numeric_1               0x08000163   Thumb Code     0  libinit2.o(.ARM.Collect$$libinit$$00000017)
    __rt_lib_init_lc_time_1                  0x08000163   Thumb Code     0  libinit2.o(.ARM.Collect$$libinit$$00000019)
    __rt_lib_init_preinit_1                  0x08000163   Thumb Code     0  libinit2.o(.ARM.Collect$$libinit$$00000004)
    __rt_lib_init_rand_1                     0x08000163   Thumb Code     0  libinit2.o(.ARM.Collect$$libinit$$0000000E)
    __rt_lib_init_return                     0x08000163   Thumb Code     0  libinit2.o(.ARM.Collect$$libinit$$00000033)
    __rt_lib_init_signal_1                   0x08000163   Thumb Code     0  libinit2.o(.ARM.Collect$$libinit$$0000001D)
    __rt_lib_init_stdio_1                    0x08000163   Thumb Code     0  libinit2.o(.ARM.Collect$$libinit$$00000025)
    __rt_lib_init_user_alloc_1               0x08000163   Thumb Code     0  libinit2.o(.ARM.Collect$$libinit$$0000000C)
    __rt_lib_shutdown                        0x08000165   Thumb Code     0  libshutdown.o(.ARM.Collect$$libshutdown$$00000000)
    __rt_lib_shutdown_fp_trap_1              0x08000167   Thumb Code     0  libshutdown2.o(.ARM.Collect$$libshutdown$$00000006)
    __rt_lib_shutdown_heap_1                 0x08000167   Thumb Code     0  libshutdown2.o(.ARM.Collect$$libshutdown$$0000000E)
    __rt_lib_shutdown_return                 0x08000167   Thumb Code     0  libshutdown2.o(.ARM.Collect$$libshutdown$$0000000F)
    __rt_lib_shutdown_signal_1               0x08000167   Thumb Code     0  libshutdown2.o(.ARM.Collect$$libshutdown$$00000009)
    __rt_lib_shutdown_stdio_1                0x08000167   Thumb Code     0  libshutdown2.o(.ARM.Collect$$libshutdown$$00000003)
    __rt_lib_shutdown_user_alloc_1           0x08000167   Thumb Code     0  libshutdown2.o(.ARM.Collect$$libshutdown$$0000000B)
    __rt_entry                               0x08000169   Thumb Code     0  __rtentry.o(.ARM.Collect$$rtentry$$00000000)
    __rt_entry_presh_1                       0x08000169   Thumb Code     0  __rtentry2.o(.ARM.Collect$$rtentry$$00000002)
    __rt_entry_sh                            0x08000169   Thumb Code     0  __rtentry4.o(.ARM.Collect$$rtentry$$00000004)
    __rt_entry_li                            0x0800016f   Thumb Code     0  __rtentry2.o(.ARM.Collect$$rtentry$$0000000A)
    __rt_entry_postsh_1                      0x0800016f   Thumb Code     0  __rtentry2.o(.ARM.Collect$$rtentry$$00000009)
    __rt_entry_main                          0x08000173   Thumb Code     0  __rtentry2.o(.ARM.Collect$$rtentry$$0000000D)
    __rt_entry_postli_1                      0x08000173   Thumb Code     0  __rtentry2.o(.ARM.Collect$$rtentry$$0000000C)
    __rt_exit                                0x0800017b   Thumb Code     0  rtexit.o(.ARM.Collect$$rtexit$$00000000)
    __rt_exit_ls                             0x0800017d   Thumb Code     0  rtexit2.o(.ARM.Collect$$rtexit$$00000003)
    __rt_exit_prels_1                        0x0800017d   Thumb Code     0  rtexit2.o(.ARM.Collect$$rtexit$$00000002)
    __rt_exit_exit                           0x08000181   Thumb Code     0  rtexit2.o(.ARM.Collect$$rtexit$$00000004)
    Reset_Handler                            0x08000189   Thumb Code     8  startup_stm32f10x_md.o(.text)
    NMI_Handler                              0x08000191   Thumb Code     2  startup_stm32f10x_md.o(.text)
    HardFault_Handler                        0x08000193   Thumb Code     2  startup_stm32f10x_md.o(.text)
    MemManage_Handler                        0x08000195   Thumb Code     2  startup_stm32f10x_md.o(.text)
    BusFault_Handler                         0x08000197   Thumb Code     2  startup_stm32f10x_md.o(.text)
    UsageFault_Handler                       0x08000199   Thumb Code     2  startup_stm32f10x_md.o(.text)
    SVC_Handler                              0x0800019b   Thumb Code     2  startup_stm32f10x_md.o(.text)
    DebugMon_Handler                         0x0800019d   Thumb Code     2  startup_stm32f10x_md.o(.text)
    PendSV_Handler                           0x0800019f   Thumb Code     2  startup_stm32f10x_md.o(.text)
    SysTick_Handler                          0x080001a1   Thumb Code     2  startup_stm32f10x_md.o(.text)
    ADC1_2_IRQHandler                        0x080001a3   Thumb Code     0  startup_stm32f10x_md.o(.text)
    CAN1_RX1_IRQHandler                      0x080001a3   Thumb Code     0  startup_stm32f10x_md.o(.text)
    CAN1_SCE_IRQHandler                      0x080001a3   Thumb Code     0  startup_stm32f10x_md.o(.text)
    DMA1_Channel1_IRQHandler                 0x080001a3   Thumb Code     0  startup_stm32f10x_md.o(.text)
    DMA1_Channel2_IRQHandler                 0x080001a3   Thumb Code     0  startup_stm32f10x_md.o(.text)
    DMA1_Channel3_IRQHandler                 0x080001a3   Thumb Code     0  startup_stm32f10x_md.o(.text)
    DMA1_Channel4_IRQHandler                 0x080001a3   Thumb Code     0  startup_stm32f10x_md.o(.text)
    DMA1_Channel5_IRQHandler                 0x080001a3   Thumb Code     0  startup_stm32f10x_md.o(.text)
    DMA1_Channel6_IRQHandler                 0x080001a3   Thumb Code     0  startup_stm32f10x_md.o(.text)
    DMA1_Channel7_IRQHandler                 0x080001a3   Thumb Code     0  startup_stm32f10x_md.o(.text)
    EXTI0_IRQHandler                         0x080001a3   Thumb Code     0  startup_stm32f10x_md.o(.text)
    EXTI15_10_IRQHandler                     0x080001a3   Thumb Code     0  startup_stm32f10x_md.o(.text)
    EXTI1_IRQHandler                         0x080001a3   Thumb Code     0  startup_stm32f10x_md.o(.text)
    EXTI2_IRQHandler                         0x080001a3   Thumb Code     0  startup_stm32f10x_md.o(.text)
    EXTI3_IRQHandler                         0x080001a3   Thumb Code     0  startup_stm32f10x_md.o(.text)
    EXTI4_IRQHandler                         0x080001a3   Thumb Code     0  startup_stm32f10x_md.o(.text)
    FLASH_IRQHandler                         0x080001a3   Thumb Code     0  startup_stm32f10x_md.o(.text)
    I2C1_ER_IRQHandler                       0x080001a3   Thumb Code     0  startup_stm32f10x_md.o(.text)
    I2C1_EV_IRQHandler                       0x080001a3   Thumb Code     0  startup_stm32f10x_md.o(.text)
    I2C2_ER_IRQHandler                       0x080001a3   Thumb Code     0  startup_stm32f10x_md.o(.text)
    I2C2_EV_IRQHandler                       0x080001a3   Thumb Code     0  startup_stm32f10x_md.o(.text)
    PVD_IRQHandler                           0x080001a3   Thumb Code     0  startup_stm32f10x_md.o(.text)
    RCC_IRQHandler                           0x080001a3   Thumb Code     0  startup_stm32f10x_md.o(.text)
    RTCAlarm_IRQHandler                      0x080001a3   Thumb Code     0  startup_stm32f10x_md.o(.text)
    RTC_IRQHandler                           0x080001a3   Thumb Code     0  startup_stm32f10x_md.o(.text)
    SPI1_IRQHandler                          0x080001a3   Thumb Code     0  startup_stm32f10x_md.o(.text)
    SPI2_IRQHandler                          0x080001a3   Thumb Code     0  startup_stm32f10x_md.o(.text)
    TAMPER_IRQHandler                        0x080001a3   Thumb Code     0  startup_stm32f10x_md.o(.text)
    TIM1_BRK_IRQHandler                      0x080001a3   Thumb Code     0  startup_stm32f10x_md.o(.text)
    TIM1_CC_IRQHandler                       0x080001a3   Thumb Code     0  startup_stm32f10x_md.o(.text)
    TIM1_TRG_COM_IRQHandler                  0x080001a3   Thumb Code     0  startup_stm32f10x_md.o(.text)
    TIM3_IRQHandler                          0x080001a3   Thumb Code     0  startup_stm32f10x_md.o(.text)
    TIM4_IRQHandler                          0x080001a3   Thumb Code     0  startup_stm32f10x_md.o(.text)
    USART3_IRQHandler                        0x080001a3   Thumb Code     0  startup_stm32f10x_md.o(.text)
    USBWakeUp_IRQHandler                     0x080001a3   Thumb Code     0  startup_stm32f10x_md.o(.text)
    USB_HP_CAN1_TX_IRQHandler                0x080001a3   Thumb Code     0  startup_stm32f10x_md.o(.text)
    USB_LP_CAN1_RX0_IRQHandler               0x080001a3   Thumb Code     0  startup_stm32f10x_md.o(.text)
    WWDG_IRQHandler                          0x080001a3   Thumb Code     0  startup_stm32f10x_md.o(.text)
    __user_initial_stackheap                 0x080001a5   Thumb Code     0  startup_stm32f10x_md.o(.text)
    SystemInit                               0x080002a7   Thumb Code    78  system_stm32f10x.o(.text)
    SystemCoreClockUpdate                    0x080002f5   Thumb Code   142  system_stm32f10x.o(.text)
    delay_init                               0x080003a9   Thumb Code    50  delay.o(.text)
    delay_us                                 0x080003db   Thumb Code    72  delay.o(.text)
    delay_ms                                 0x08000423   Thumb Code    72  delay.o(.text)
    NVIC_Configuration                       0x0800047d   Thumb Code    12  sys.o(.text)
    _sys_exit                                0x08000489   Thumb Code     6  usart.o(.text)
    fputc                                    0x0800048f   Thumb Code    24  usart.o(.text)
    Uart1_init                               0x080004a7   Thumb Code   152  usart.o(.text)
    Uart2_init                               0x0800053f   Thumb Code   154  usart.o(.text)
    UART1SendByte                            0x080005d9   Thumb Code    28  usart.o(.text)
    USART1_IRQHandler                        0x080005f5   Thumb Code   122  usart.o(.text)
    USART2_IRQHandler                        0x0800066f   Thumb Code   152  usart.o(.text)
    main                                     0x08000731   Thumb Code    30  main.o(.text)
    MiniCar_Run                              0x08000755   Thumb Code    12  app_motor.o(.text)
    MiniCar_Back                             0x08000761   Thumb Code    12  app_motor.o(.text)
    MiniCar_Stop                             0x0800076d   Thumb Code     8  app_motor.o(.text)
    LCD_WrDat                                0x0800077d   Thumb Code    80  oled.o(.text)
    LCD_WrCmd                                0x080007cd   Thumb Code    80  oled.o(.text)
    LCD_Set_Pos                              0x0800081d   Thumb Code    42  oled.o(.text)
    LCD_Set_Pos1                             0x08000847   Thumb Code    36  oled.o(.text)
    LCD_Fill0                                0x0800086b   Thumb Code    58  oled.o(.text)
    LCD_CLS                                  0x080008a5   Thumb Code    56  oled.o(.text)
    LCD_CLS_y                                0x080008dd   Thumb Code    48  oled.o(.text)
    LCD_CLS_line_area                        0x0800090d   Thumb Code    56  oled.o(.text)
    LCD_DLY_ms                               0x08000945   Thumb Code    28  oled.o(.text)
    LCD_Init0                                0x08000961   Thumb Code   220  oled.o(.text)
    LCD_PutPixel                             0x08000a3d   Thumb Code    64  oled.o(.text)
    LCD_Put_Column                           0x08000a7d   Thumb Code    46  oled.o(.text)
    LCD_Rectangle                            0x08000aab   Thumb Code   132  oled.o(.text)
    LCD_P6x8Str                              0x08000b2f   Thumb Code   106  oled.o(.text)
    LCD_P8x16Str                             0x08000b99   Thumb Code   130  oled.o(.text)
    LCD_P14x16Str                            0x08000c1b   Thumb Code   256  oled.o(.text)
    LCD_P16x16Str                            0x08000d1b   Thumb Code   254  oled.o(.text)
    LCD_Print                                0x08000e19   Thumb Code   142  oled.o(.text)
    Draw_BMP                                 0x08000ea7   Thumb Code    82  oled.o(.text)
    LCD_PrintImage                           0x08000ef9   Thumb Code   192  oled.o(.text)
    app_ultrasonic_modeshow                  0x08000fc9   Thumb Code   140  app_ultrasonic.o(.text)
    app_ultrasonic_mode0                     0x08001055   Thumb Code    60  app_ultrasonic.o(.text)
    app_ultrasonic_servo_modeaaaa            0x08001091   Thumb Code   132  app_ultrasonic.o(.text)
    app_ultrasonic_mode                      0x08001115   Thumb Code    92  app_ultrasonic.o(.text)
    EXTI9_5_IRQHandler                       0x08001179   Thumb Code    92  exti.o(.text)
    EXTI8_Init                               0x080011d5   Thumb Code    70  exti.o(.text)
    app_ps2_deal                             0x08001229   Thumb Code   368  app_ps2control.o(.text)
    app_CarstateOutput                       0x08001399   Thumb Code   184  app_ps2control.o(.text)
    bsp_init                                 0x0800145d   Thumb Code    86  bsp.o(.text)
    MOTOR_GPIO_Init                          0x080014b9   Thumb Code   136  bsp_gpio.o(.text)
    Servo_GPIO_Init                          0x08001541   Thumb Code    52  bsp_gpio.o(.text)
    Ultrasonic_GPIO_Init                     0x08001575   Thumb Code    70  bsp_gpio.o(.text)
    Colorful_GPIO_Init                       0x080015bb   Thumb Code   106  bsp_gpio.o(.text)
    Start_init                               0x08001625   Thumb Code    56  bsp_gpio.o(.text)
    TIM1_Int_Init                            0x08001671   Thumb Code    98  bsp_timer.o(.text)
    TIM1_UP_IRQHandler                       0x080016d3   Thumb Code   266  bsp_timer.o(.text)
    GPIO_Configuration                       0x08001811   Thumb Code    90  bsp_oled.o(.text)
    GPIO_UserInit                            0x0800186b   Thumb Code     8  bsp_oled.o(.text)
    ADC_GPIO_Init                            0x08001885   Thumb Code    32  bsp_adc.o(.text)
    Adc_Init                                 0x080018a5   Thumb Code   116  bsp_adc.o(.text)
    Get_Battery_Volotage                     0x080019a9   Thumb Code    44  bsp_adc.o(.text)
    Get_Battery_Volotage_show                0x080019d5   Thumb Code   270  bsp_adc.o(.text)
    bsp_getUltrasonicDistance0               0x08001b15   Thumb Code   182  bsp_ultrasonic.o(.text)
    bsp_Ultrasonic_Timer2_Init               0x08001bcb   Thumb Code   110  bsp_ultrasonic.o(.text)
    TIM2_IRQHandler                          0x08001c39   Thumb Code    32  bsp_ultrasonic.o(.text)
    bsp_getUltrasonicDistance                0x08001c59   Thumb Code   146  bsp_ultrasonic.o(.text)
    bubble                                   0x08001ceb   Thumb Code    56  bsp_ultrasonic.o(.text)
    Distance_test                            0x08001d23   Thumb Code   138  bsp_ultrasonic.o(.text)
    bsp_Colorful_Control                     0x08001dbd   Thumb Code    76  bsp_colorful.o(.text)
    delay_1us                                0x08001e0d   Thumb Code    26  bsp_ps2.o(.text)
    PS2_Init                                 0x08001e27   Thumb Code   134  bsp_ps2.o(.text)
    PS2_ReadData                             0x08001ead   Thumb Code   104  bsp_ps2.o(.text)
    PS2_ClearData                            0x08001f15   Thumb Code    20  bsp_ps2.o(.text)
    PS2_DataKey                              0x08001f29   Thumb Code   110  bsp_ps2.o(.text)
    PS2_AnologData                           0x08001f97   Thumb Code     8  bsp_ps2.o(.text)
    NVIC_PriorityGroupConfig                 0x08001fc9   Thumb Code    10  misc.o(.text)
    NVIC_Init                                0x08001fd3   Thumb Code   100  misc.o(.text)
    NVIC_SetVectorTable                      0x08002037   Thumb Code    14  misc.o(.text)
    NVIC_SystemLPConfig                      0x08002045   Thumb Code    34  misc.o(.text)
    SysTick_CLKSourceConfig                  0x08002067   Thumb Code    40  misc.o(.text)
    ADC_DeInit                               0x080020a5   Thumb Code    78  stm32f10x_adc.o(.text)
    ADC_Init                                 0x080020f3   Thumb Code    70  stm32f10x_adc.o(.text)
    ADC_StructInit                           0x08002139   Thumb Code    18  stm32f10x_adc.o(.text)
    ADC_Cmd                                  0x0800214b   Thumb Code    22  stm32f10x_adc.o(.text)
    ADC_DMACmd                               0x08002161   Thumb Code    22  stm32f10x_adc.o(.text)
    ADC_ITConfig                             0x08002177   Thumb Code    24  stm32f10x_adc.o(.text)
    ADC_ResetCalibration                     0x0800218f   Thumb Code    10  stm32f10x_adc.o(.text)
    ADC_GetResetCalibrationStatus            0x08002199   Thumb Code    20  stm32f10x_adc.o(.text)
    ADC_StartCalibration                     0x080021ad   Thumb Code    10  stm32f10x_adc.o(.text)
    ADC_GetCalibrationStatus                 0x080021b7   Thumb Code    20  stm32f10x_adc.o(.text)
    ADC_SoftwareStartConvCmd                 0x080021cb   Thumb Code    22  stm32f10x_adc.o(.text)
    ADC_GetSoftwareStartConvStatus           0x080021e1   Thumb Code    20  stm32f10x_adc.o(.text)
    ADC_DiscModeChannelCountConfig           0x080021f5   Thumb Code    24  stm32f10x_adc.o(.text)
    ADC_DiscModeCmd                          0x0800220d   Thumb Code    22  stm32f10x_adc.o(.text)
    ADC_RegularChannelConfig                 0x08002223   Thumb Code   184  stm32f10x_adc.o(.text)
    ADC_ExternalTrigConvCmd                  0x080022db   Thumb Code    22  stm32f10x_adc.o(.text)
    ADC_GetConversionValue                   0x080022f1   Thumb Code     8  stm32f10x_adc.o(.text)
    ADC_GetDualModeConversionValue           0x080022f9   Thumb Code     8  stm32f10x_adc.o(.text)
    ADC_AutoInjectedConvCmd                  0x08002301   Thumb Code    22  stm32f10x_adc.o(.text)
    ADC_InjectedDiscModeCmd                  0x08002317   Thumb Code    22  stm32f10x_adc.o(.text)
    ADC_ExternalTrigInjectedConvConfig       0x0800232d   Thumb Code    16  stm32f10x_adc.o(.text)
    ADC_ExternalTrigInjectedConvCmd          0x0800233d   Thumb Code    22  stm32f10x_adc.o(.text)
    ADC_SoftwareStartInjectedConvCmd         0x08002353   Thumb Code    22  stm32f10x_adc.o(.text)
    ADC_GetSoftwareStartInjectedConvCmdStatus 0x08002369   Thumb Code    20  stm32f10x_adc.o(.text)
    ADC_InjectedChannelConfig                0x0800237d   Thumb Code   130  stm32f10x_adc.o(.text)
    ADC_InjectedSequencerLengthConfig        0x080023ff   Thumb Code    24  stm32f10x_adc.o(.text)
    ADC_SetInjectedOffset                    0x08002417   Thumb Code    20  stm32f10x_adc.o(.text)
    ADC_GetInjectedConversionValue           0x0800242b   Thumb Code    28  stm32f10x_adc.o(.text)
    ADC_AnalogWatchdogCmd                    0x08002447   Thumb Code    16  stm32f10x_adc.o(.text)
    ADC_AnalogWatchdogThresholdsConfig       0x08002457   Thumb Code     6  stm32f10x_adc.o(.text)
    ADC_AnalogWatchdogSingleChannelConfig    0x0800245d   Thumb Code    16  stm32f10x_adc.o(.text)
    ADC_TempSensorVrefintCmd                 0x0800246d   Thumb Code    64  stm32f10x_adc.o(.text)
    ADC_GetFlagStatus                        0x080024ad   Thumb Code    18  stm32f10x_adc.o(.text)
    ADC_ClearFlag                            0x080024bf   Thumb Code     6  stm32f10x_adc.o(.text)
    ADC_GetITStatus                          0x080024c5   Thumb Code    36  stm32f10x_adc.o(.text)
    ADC_ClearITPendingBit                    0x080024e9   Thumb Code    10  stm32f10x_adc.o(.text)
    EXTI_DeInit                              0x080024f5   Thumb Code    28  stm32f10x_exti.o(.text)
    EXTI_Init                                0x08002511   Thumb Code   142  stm32f10x_exti.o(.text)
    EXTI_StructInit                          0x0800259f   Thumb Code    16  stm32f10x_exti.o(.text)
    EXTI_GenerateSWInterrupt                 0x080025af   Thumb Code    16  stm32f10x_exti.o(.text)
    EXTI_GetFlagStatus                       0x080025bf   Thumb Code    22  stm32f10x_exti.o(.text)
    EXTI_ClearFlag                           0x080025d5   Thumb Code     8  stm32f10x_exti.o(.text)
    EXTI_GetITStatus                         0x080025dd   Thumb Code    34  stm32f10x_exti.o(.text)
    EXTI_ClearITPendingBit                   0x080025ff   Thumb Code     8  stm32f10x_exti.o(.text)
    GPIO_DeInit                              0x08002611   Thumb Code   172  stm32f10x_gpio.o(.text)
    GPIO_AFIODeInit                          0x080026bd   Thumb Code    20  stm32f10x_gpio.o(.text)
    GPIO_Init                                0x080026d1   Thumb Code   278  stm32f10x_gpio.o(.text)
    GPIO_StructInit                          0x080027e7   Thumb Code    16  stm32f10x_gpio.o(.text)
    GPIO_ReadInputDataBit                    0x080027f7   Thumb Code    18  stm32f10x_gpio.o(.text)
    GPIO_ReadInputData                       0x08002809   Thumb Code     8  stm32f10x_gpio.o(.text)
    GPIO_ReadOutputDataBit                   0x08002811   Thumb Code    18  stm32f10x_gpio.o(.text)
    GPIO_ReadOutputData                      0x08002823   Thumb Code     8  stm32f10x_gpio.o(.text)
    GPIO_SetBits                             0x0800282b   Thumb Code     4  stm32f10x_gpio.o(.text)
    GPIO_ResetBits                           0x0800282f   Thumb Code     4  stm32f10x_gpio.o(.text)
    GPIO_WriteBit                            0x08002833   Thumb Code    10  stm32f10x_gpio.o(.text)
    GPIO_Write                               0x0800283d   Thumb Code     4  stm32f10x_gpio.o(.text)
    GPIO_PinLockConfig                       0x08002841   Thumb Code    18  stm32f10x_gpio.o(.text)
    GPIO_EventOutputConfig                   0x08002853   Thumb Code    26  stm32f10x_gpio.o(.text)
    GPIO_EventOutputCmd                      0x0800286d   Thumb Code     6  stm32f10x_gpio.o(.text)
    GPIO_PinRemapConfig                      0x08002873   Thumb Code   138  stm32f10x_gpio.o(.text)
    GPIO_EXTILineConfig                      0x080028fd   Thumb Code    66  stm32f10x_gpio.o(.text)
    GPIO_ETH_MediaInterfaceConfig            0x0800293f   Thumb Code     8  stm32f10x_gpio.o(.text)
    RCC_DeInit                               0x0800296d   Thumb Code    64  stm32f10x_rcc.o(.text)
    RCC_HSEConfig                            0x080029ad   Thumb Code    70  stm32f10x_rcc.o(.text)
    RCC_GetFlagStatus                        0x080029f3   Thumb Code    56  stm32f10x_rcc.o(.text)
    RCC_WaitForHSEStartUp                    0x08002a2b   Thumb Code    56  stm32f10x_rcc.o(.text)
    RCC_AdjustHSICalibrationValue            0x08002a63   Thumb Code    20  stm32f10x_rcc.o(.text)
    RCC_HSICmd                               0x08002a77   Thumb Code     6  stm32f10x_rcc.o(.text)
    RCC_PLLConfig                            0x08002a7d   Thumb Code    24  stm32f10x_rcc.o(.text)
    RCC_PLLCmd                               0x08002a95   Thumb Code     6  stm32f10x_rcc.o(.text)
    RCC_SYSCLKConfig                         0x08002a9b   Thumb Code    18  stm32f10x_rcc.o(.text)
    RCC_GetSYSCLKSource                      0x08002aad   Thumb Code    10  stm32f10x_rcc.o(.text)
    RCC_HCLKConfig                           0x08002ab7   Thumb Code    18  stm32f10x_rcc.o(.text)
    RCC_PCLK1Config                          0x08002ac9   Thumb Code    18  stm32f10x_rcc.o(.text)
    RCC_PCLK2Config                          0x08002adb   Thumb Code    20  stm32f10x_rcc.o(.text)
    RCC_ITConfig                             0x08002aef   Thumb Code    26  stm32f10x_rcc.o(.text)
    RCC_USBCLKConfig                         0x08002b09   Thumb Code     8  stm32f10x_rcc.o(.text)
    RCC_ADCCLKConfig                         0x08002b11   Thumb Code    18  stm32f10x_rcc.o(.text)
    RCC_LSEConfig                            0x08002b23   Thumb Code    50  stm32f10x_rcc.o(.text)
    RCC_LSICmd                               0x08002b55   Thumb Code     6  stm32f10x_rcc.o(.text)
    RCC_RTCCLKConfig                         0x08002b5b   Thumb Code    12  stm32f10x_rcc.o(.text)
    RCC_RTCCLKCmd                            0x08002b67   Thumb Code     8  stm32f10x_rcc.o(.text)
    RCC_GetClocksFreq                        0x08002b6f   Thumb Code   192  stm32f10x_rcc.o(.text)
    RCC_AHBPeriphClockCmd                    0x08002c2f   Thumb Code    26  stm32f10x_rcc.o(.text)
    RCC_APB2PeriphClockCmd                   0x08002c49   Thumb Code    26  stm32f10x_rcc.o(.text)
    RCC_APB1PeriphClockCmd                   0x08002c63   Thumb Code    26  stm32f10x_rcc.o(.text)
    RCC_APB2PeriphResetCmd                   0x08002c7d   Thumb Code    26  stm32f10x_rcc.o(.text)
    RCC_APB1PeriphResetCmd                   0x08002c97   Thumb Code    26  stm32f10x_rcc.o(.text)
    RCC_BackupResetCmd                       0x08002cb1   Thumb Code     8  stm32f10x_rcc.o(.text)
    RCC_ClockSecuritySystemCmd               0x08002cb9   Thumb Code     6  stm32f10x_rcc.o(.text)
    RCC_MCOConfig                            0x08002cbf   Thumb Code     6  stm32f10x_rcc.o(.text)
    RCC_ClearFlag                            0x08002cc5   Thumb Code    14  stm32f10x_rcc.o(.text)
    RCC_GetITStatus                          0x08002cd3   Thumb Code    20  stm32f10x_rcc.o(.text)
    RCC_ClearITPendingBit                    0x08002ce7   Thumb Code     6  stm32f10x_rcc.o(.text)
    TIM_DeInit                               0x08002d11   Thumb Code   424  stm32f10x_tim.o(.text)
    TIM_TimeBaseInit                         0x08002eb9   Thumb Code   122  stm32f10x_tim.o(.text)
    TIM_OC1Init                              0x08002f33   Thumb Code   132  stm32f10x_tim.o(.text)
    TIM_OC2Init                              0x08002fb7   Thumb Code   154  stm32f10x_tim.o(.text)
    TIM_OC3Init                              0x08003051   Thumb Code   150  stm32f10x_tim.o(.text)
    TIM_OC4Init                              0x080030e7   Thumb Code   182  stm32f10x_tim.o(.text)
    TIM_SetIC4Prescaler                      0x0800319d   Thumb Code    26  stm32f10x_tim.o(.text)
    TIM_SetIC3Prescaler                      0x08003239   Thumb Code    18  stm32f10x_tim.o(.text)
    TIM_SetIC2Prescaler                      0x080032c5   Thumb Code    26  stm32f10x_tim.o(.text)
    TIM_SetIC1Prescaler                      0x08003361   Thumb Code    18  stm32f10x_tim.o(.text)
    TIM_ICInit                               0x080033df   Thumb Code   150  stm32f10x_tim.o(.text)
    TIM_PWMIConfig                           0x08003475   Thumb Code   124  stm32f10x_tim.o(.text)
    TIM_BDTRConfig                           0x080034f1   Thumb Code    32  stm32f10x_tim.o(.text)
    TIM_TimeBaseStructInit                   0x08003511   Thumb Code    18  stm32f10x_tim.o(.text)
    TIM_OCStructInit                         0x08003523   Thumb Code    20  stm32f10x_tim.o(.text)
    TIM_ICStructInit                         0x08003537   Thumb Code    18  stm32f10x_tim.o(.text)
    TIM_BDTRStructInit                       0x08003549   Thumb Code    40  stm32f10x_tim.o(.text)
    TIM_Cmd                                  0x08003571   Thumb Code    24  stm32f10x_tim.o(.text)
    TIM_CtrlPWMOutputs                       0x08003589   Thumb Code    30  stm32f10x_tim.o(.text)
    TIM_ITConfig                             0x080035a7   Thumb Code    18  stm32f10x_tim.o(.text)
    TIM_GenerateEvent                        0x080035b9   Thumb Code     4  stm32f10x_tim.o(.text)
    TIM_DMAConfig                            0x080035bd   Thumb Code    10  stm32f10x_tim.o(.text)
    TIM_DMACmd                               0x080035c7   Thumb Code    18  stm32f10x_tim.o(.text)
    TIM_InternalClockConfig                  0x080035d9   Thumb Code    12  stm32f10x_tim.o(.text)
    TIM_SelectInputTrigger                   0x080035e5   Thumb Code    18  stm32f10x_tim.o(.text)
    TIM_ITRxExternalClockConfig              0x080035f7   Thumb Code    24  stm32f10x_tim.o(.text)
    TIM_TIxExternalClockConfig               0x0800360f   Thumb Code    62  stm32f10x_tim.o(.text)
    TIM_ETRConfig                            0x0800364d   Thumb Code    28  stm32f10x_tim.o(.text)
    TIM_ETRClockMode1Config                  0x08003669   Thumb Code    54  stm32f10x_tim.o(.text)
    TIM_ETRClockMode2Config                  0x0800369f   Thumb Code    32  stm32f10x_tim.o(.text)
    TIM_PrescalerConfig                      0x080036bf   Thumb Code     6  stm32f10x_tim.o(.text)
    TIM_CounterModeConfig                    0x080036c5   Thumb Code    18  stm32f10x_tim.o(.text)
    TIM_EncoderInterfaceConfig               0x080036d7   Thumb Code    66  stm32f10x_tim.o(.text)
    TIM_ForcedOC1Config                      0x08003719   Thumb Code    18  stm32f10x_tim.o(.text)
    TIM_ForcedOC2Config                      0x0800372b   Thumb Code    26  stm32f10x_tim.o(.text)
    TIM_ForcedOC3Config                      0x08003745   Thumb Code    18  stm32f10x_tim.o(.text)
    TIM_ForcedOC4Config                      0x08003757   Thumb Code    26  stm32f10x_tim.o(.text)
    TIM_ARRPreloadConfig                     0x08003771   Thumb Code    24  stm32f10x_tim.o(.text)
    TIM_SelectCOM                            0x08003789   Thumb Code    24  stm32f10x_tim.o(.text)
    TIM_SelectCCDMA                          0x080037a1   Thumb Code    24  stm32f10x_tim.o(.text)
    TIM_CCPreloadControl                     0x080037b9   Thumb Code    24  stm32f10x_tim.o(.text)
    TIM_OC1PreloadConfig                     0x080037d1   Thumb Code    18  stm32f10x_tim.o(.text)
    TIM_OC2PreloadConfig                     0x080037e3   Thumb Code    26  stm32f10x_tim.o(.text)
    TIM_OC3PreloadConfig                     0x080037fd   Thumb Code    18  stm32f10x_tim.o(.text)
    TIM_OC4PreloadConfig                     0x0800380f   Thumb Code    26  stm32f10x_tim.o(.text)
    TIM_OC1FastConfig                        0x08003829   Thumb Code    18  stm32f10x_tim.o(.text)
    TIM_OC2FastConfig                        0x0800383b   Thumb Code    26  stm32f10x_tim.o(.text)
    TIM_OC3FastConfig                        0x08003855   Thumb Code    18  stm32f10x_tim.o(.text)
    TIM_OC4FastConfig                        0x08003867   Thumb Code    26  stm32f10x_tim.o(.text)
    TIM_ClearOC1Ref                          0x08003881   Thumb Code    18  stm32f10x_tim.o(.text)
    TIM_ClearOC2Ref                          0x08003893   Thumb Code    24  stm32f10x_tim.o(.text)
    TIM_ClearOC3Ref                          0x080038ab   Thumb Code    18  stm32f10x_tim.o(.text)
    TIM_ClearOC4Ref                          0x080038bd   Thumb Code    24  stm32f10x_tim.o(.text)
    TIM_OC1PolarityConfig                    0x080038d5   Thumb Code    18  stm32f10x_tim.o(.text)
    TIM_OC1NPolarityConfig                   0x080038e7   Thumb Code    18  stm32f10x_tim.o(.text)
    TIM_OC2PolarityConfig                    0x080038f9   Thumb Code    26  stm32f10x_tim.o(.text)
    TIM_OC2NPolarityConfig                   0x08003913   Thumb Code    26  stm32f10x_tim.o(.text)
    TIM_OC3PolarityConfig                    0x0800392d   Thumb Code    26  stm32f10x_tim.o(.text)
    TIM_OC3NPolarityConfig                   0x08003947   Thumb Code    26  stm32f10x_tim.o(.text)
    TIM_OC4PolarityConfig                    0x08003961   Thumb Code    26  stm32f10x_tim.o(.text)
    TIM_CCxCmd                               0x0800397b   Thumb Code    30  stm32f10x_tim.o(.text)
    TIM_CCxNCmd                              0x08003999   Thumb Code    30  stm32f10x_tim.o(.text)
    TIM_SelectOCxM                           0x080039b7   Thumb Code    82  stm32f10x_tim.o(.text)
    TIM_UpdateDisableConfig                  0x08003a09   Thumb Code    24  stm32f10x_tim.o(.text)
    TIM_UpdateRequestConfig                  0x08003a21   Thumb Code    24  stm32f10x_tim.o(.text)
    TIM_SelectHallSensor                     0x08003a39   Thumb Code    24  stm32f10x_tim.o(.text)
    TIM_SelectOnePulseMode                   0x08003a51   Thumb Code    18  stm32f10x_tim.o(.text)
    TIM_SelectOutputTrigger                  0x08003a63   Thumb Code    18  stm32f10x_tim.o(.text)
    TIM_SelectSlaveMode                      0x08003a75   Thumb Code    18  stm32f10x_tim.o(.text)
    TIM_SelectMasterSlaveMode                0x08003a87   Thumb Code    18  stm32f10x_tim.o(.text)
    TIM_SetCounter                           0x08003a99   Thumb Code     4  stm32f10x_tim.o(.text)
    TIM_SetAutoreload                        0x08003a9d   Thumb Code     4  stm32f10x_tim.o(.text)
    TIM_SetCompare1                          0x08003aa1   Thumb Code     4  stm32f10x_tim.o(.text)
    TIM_SetCompare2                          0x08003aa5   Thumb Code     4  stm32f10x_tim.o(.text)
    TIM_SetCompare3                          0x08003aa9   Thumb Code     4  stm32f10x_tim.o(.text)
    TIM_SetCompare4                          0x08003aad   Thumb Code     6  stm32f10x_tim.o(.text)
    TIM_SetClockDivision                     0x08003ab3   Thumb Code    18  stm32f10x_tim.o(.text)
    TIM_GetCapture1                          0x08003ac5   Thumb Code     6  stm32f10x_tim.o(.text)
    TIM_GetCapture2                          0x08003acb   Thumb Code     6  stm32f10x_tim.o(.text)
    TIM_GetCapture3                          0x08003ad1   Thumb Code     6  stm32f10x_tim.o(.text)
    TIM_GetCapture4                          0x08003ad7   Thumb Code     8  stm32f10x_tim.o(.text)
    TIM_GetCounter                           0x08003adf   Thumb Code     6  stm32f10x_tim.o(.text)
    TIM_GetPrescaler                         0x08003ae5   Thumb Code     6  stm32f10x_tim.o(.text)
    TIM_GetFlagStatus                        0x08003aeb   Thumb Code    18  stm32f10x_tim.o(.text)
    TIM_ClearFlag                            0x08003afd   Thumb Code     6  stm32f10x_tim.o(.text)
    TIM_GetITStatus                          0x08003b03   Thumb Code    34  stm32f10x_tim.o(.text)
    TIM_ClearITPendingBit                    0x08003b25   Thumb Code     6  stm32f10x_tim.o(.text)
    USART_DeInit                             0x08003b2d   Thumb Code   134  stm32f10x_usart.o(.text)
    USART_Init                               0x08003bb3   Thumb Code   210  stm32f10x_usart.o(.text)
    USART_StructInit                         0x08003c85   Thumb Code    24  stm32f10x_usart.o(.text)
    USART_ClockInit                          0x08003c9d   Thumb Code    34  stm32f10x_usart.o(.text)
    USART_ClockStructInit                    0x08003cbf   Thumb Code    12  stm32f10x_usart.o(.text)
    USART_Cmd                                0x08003ccb   Thumb Code    24  stm32f10x_usart.o(.text)
    USART_ITConfig                           0x08003ce3   Thumb Code    74  stm32f10x_usart.o(.text)
    USART_DMACmd                             0x08003d2d   Thumb Code    18  stm32f10x_usart.o(.text)
    USART_SetAddress                         0x08003d3f   Thumb Code    18  stm32f10x_usart.o(.text)
    USART_WakeUpConfig                       0x08003d51   Thumb Code    18  stm32f10x_usart.o(.text)
    USART_ReceiverWakeUpCmd                  0x08003d63   Thumb Code    24  stm32f10x_usart.o(.text)
    USART_LINBreakDetectLengthConfig         0x08003d7b   Thumb Code    18  stm32f10x_usart.o(.text)
    USART_LINCmd                             0x08003d8d   Thumb Code    24  stm32f10x_usart.o(.text)
    USART_SendData                           0x08003da5   Thumb Code     8  stm32f10x_usart.o(.text)
    USART_ReceiveData                        0x08003dad   Thumb Code    10  stm32f10x_usart.o(.text)
    USART_SendBreak                          0x08003db7   Thumb Code    10  stm32f10x_usart.o(.text)
    USART_SetGuardTime                       0x08003dc1   Thumb Code    16  stm32f10x_usart.o(.text)
    USART_SetPrescaler                       0x08003dd1   Thumb Code    16  stm32f10x_usart.o(.text)
    USART_SmartCardCmd                       0x08003de1   Thumb Code    24  stm32f10x_usart.o(.text)
    USART_SmartCardNACKCmd                   0x08003df9   Thumb Code    24  stm32f10x_usart.o(.text)
    USART_HalfDuplexCmd                      0x08003e11   Thumb Code    24  stm32f10x_usart.o(.text)
    USART_OverSampling8Cmd                   0x08003e29   Thumb Code    22  stm32f10x_usart.o(.text)
    USART_OneBitMethodCmd                    0x08003e3f   Thumb Code    24  stm32f10x_usart.o(.text)
    USART_IrDAConfig                         0x08003e57   Thumb Code    18  stm32f10x_usart.o(.text)
    USART_IrDACmd                            0x08003e69   Thumb Code    24  stm32f10x_usart.o(.text)
    USART_GetFlagStatus                      0x08003e81   Thumb Code    26  stm32f10x_usart.o(.text)
    USART_ClearFlag                          0x08003e9b   Thumb Code    18  stm32f10x_usart.o(.text)
    USART_GetITStatus                        0x08003ead   Thumb Code    84  stm32f10x_usart.o(.text)
    USART_ClearITPendingBit                  0x08003f01   Thumb Code    52  stm32f10x_usart.o(.text)
    __use_no_semihosting                     0x08003f35   Thumb Code     2  use_no_semi_2.o(.text)
    __aeabi_memclr4                          0x08003f37   Thumb Code     0  rt_memclr_w.o(.text)
    __aeabi_memclr8                          0x08003f37   Thumb Code     0  rt_memclr_w.o(.text)
    __rt_memclr_w                            0x08003f37   Thumb Code    78  rt_memclr_w.o(.text)
    _memset_w                                0x08003f3b   Thumb Code     0  rt_memclr_w.o(.text)
    __use_two_region_memory                  0x08003f85   Thumb Code     2  heapauxi.o(.text)
    __rt_heap_escrow$2region                 0x08003f87   Thumb Code     2  heapauxi.o(.text)
    __rt_heap_expand$2region                 0x08003f89   Thumb Code     2  heapauxi.o(.text)
    __I$use$semihosting                      0x08003f8b   Thumb Code     0  use_no_semi.o(.text)
    __use_no_semihosting_swi                 0x08003f8b   Thumb Code     2  use_no_semi.o(.text)
    __user_libspace                          0x08003f8d   Thumb Code     8  libspace.o(.text)
    __user_perproc_libspace                  0x08003f8d   Thumb Code     0  libspace.o(.text)
    __user_perthread_libspace                0x08003f8d   Thumb Code     0  libspace.o(.text)
    __user_setup_stackheap                   0x08003f95   Thumb Code    74  sys_stackheap_outer.o(.text)
    exit                                     0x08003fdf   Thumb Code    12  exit.o(.text)
    __aeabi_d2f                              0x08003fed   Thumb Code     0  d2f.o(x$fpl$d2f)
    _d2f                                     0x08003fed   Thumb Code    98  d2f.o(x$fpl$d2f)
    __aeabi_ddiv                             0x08004051   Thumb Code     0  ddiv.o(x$fpl$ddiv)
    _ddiv                                    0x08004051   Thumb Code   552  ddiv.o(x$fpl$ddiv)
    __aeabi_ui2d                             0x08004301   Thumb Code     0  dflt_clz.o(x$fpl$dfltu)
    _dfltu                                   0x08004301   Thumb Code    38  dflt_clz.o(x$fpl$dfltu)
    __aeabi_dmul                             0x08004329   Thumb Code     0  dmul.o(x$fpl$dmul)
    _dmul                                    0x08004329   Thumb Code   332  dmul.o(x$fpl$dmul)
    __fpl_dnaninf                            0x0800447d   Thumb Code   156  dnaninf.o(x$fpl$dnaninf)
    __fpl_dretinf                            0x08004519   Thumb Code    12  dretinf.o(x$fpl$dretinf)
    __aeabi_f2d                              0x08004525   Thumb Code     0  f2d.o(x$fpl$f2d)
    _f2d                                     0x08004525   Thumb Code    86  f2d.o(x$fpl$f2d)
    __aeabi_fadd                             0x0800457d   Thumb Code     0  faddsub_clz.o(x$fpl$fadd)
    _fadd                                    0x0800457d   Thumb Code   196  faddsub_clz.o(x$fpl$fadd)
    __fpl_fcmp_Inf                           0x08004641   Thumb Code    24  fcmpi.o(x$fpl$fcmpinf)
    __aeabi_fdiv                             0x08004659   Thumb Code     0  fdiv.o(x$fpl$fdiv)
    _fdiv                                    0x08004659   Thumb Code   384  fdiv.o(x$fpl$fdiv)
    __aeabi_f2iz                             0x080047dd   Thumb Code     0  ffix.o(x$fpl$ffix)
    _ffix                                    0x080047dd   Thumb Code    54  ffix.o(x$fpl$ffix)
    __aeabi_f2uiz                            0x08004815   Thumb Code     0  ffixu.o(x$fpl$ffixu)
    _ffixu                                   0x08004815   Thumb Code    62  ffixu.o(x$fpl$ffixu)
    __aeabi_i2f                              0x08004855   Thumb Code     0  fflt_clz.o(x$fpl$fflt)
    _fflt                                    0x08004855   Thumb Code    48  fflt_clz.o(x$fpl$fflt)
    __aeabi_ui2f                             0x08004885   Thumb Code     0  fflt_clz.o(x$fpl$ffltu)
    _ffltu                                   0x08004885   Thumb Code    38  fflt_clz.o(x$fpl$ffltu)
    __aeabi_cfcmple                          0x080048ad   Thumb Code     0  fleqf.o(x$fpl$fleqf)
    _fcmple                                  0x080048ad   Thumb Code   104  fleqf.o(x$fpl$fleqf)
    __fpl_fcmple_InfNaN                      0x080048ff   Thumb Code     0  fleqf.o(x$fpl$fleqf)
    __aeabi_fmul                             0x08004915   Thumb Code     0  fmul.o(x$fpl$fmul)
    _fmul                                    0x08004915   Thumb Code   258  fmul.o(x$fpl$fmul)
    __fpl_fnaninf                            0x08004a17   Thumb Code   140  fnaninf.o(x$fpl$fnaninf)
    __fpl_fretinf                            0x08004aa3   Thumb Code    10  fretinf.o(x$fpl$fretinf)
    __aeabi_cfrcmple                         0x08004aad   Thumb Code     0  frleqf.o(x$fpl$frleqf)
    _frcmple                                 0x08004aad   Thumb Code    98  frleqf.o(x$fpl$frleqf)
    __aeabi_frsub                            0x08004b0f   Thumb Code     0  faddsub_clz.o(x$fpl$frsb)
    _frsb                                    0x08004b0f   Thumb Code    20  faddsub_clz.o(x$fpl$frsb)
    __aeabi_fsub                             0x08004b25   Thumb Code     0  faddsub_clz.o(x$fpl$fsub)
    _fsub                                    0x08004b25   Thumb Code   234  faddsub_clz.o(x$fpl$fsub)
    F6x8                                     0x08004c0e   Data         552  oled.o(.constdata)
    __I$use$fp                               0x08004c0e   Number         0  usenofp.o(x$fpl$usenofp)
    F16x16_Idx                               0x08004e36   Data         133  oled.o(.constdata)
    F16x16                                   0x08004ebb   Data        2112  oled.o(.constdata)
    F8X16                                    0x080056fb   Data        1520  oled.o(.constdata)
    nonside                                  0x08005ceb   Data          32  oled.o(.constdata)
    Region$$Table$$Base                      0x08005d0c   Number         0  anon$$obj.o(Region$$Table)
    Region$$Table$$Limit                     0x08005d2c   Number         0  anon$$obj.o(Region$$Table)
    SystemCoreClock                          0x20000000   Data           4  system_stm32f10x.o(.data)
    AHBPrescTable                            0x20000004   Data          16  system_stm32f10x.o(.data)
    newLineReceived                          0x20000018   Data           1  usart.o(.data)
    __stdout                                 0x2000001c   Data           4  usart.o(.data)
    USART_RX_STA                             0x20000020   Data           2  usart.o(.data)
    g_num                                    0x20000024   Data           4  usart.o(.data)
    startBit                                 0x20000028   Data           1  usart.o(.data)
    g_packnum                                0x2000002c   Data           4  usart.o(.data)
    speed                                    0x20000030   Data           4  main.o(.data)
    run                                      0x20000034   Data           4  main.o(.data)
    nextblack                                0x20000038   Data           4  main.o(.data)
    g_readSpeed                              0x2000003c   Data           4  main.o(.data)
    qianjin                                  0x20000040   Data           4  main.o(.data)
    houtui                                   0x20000044   Data           4  main.o(.data)
    ov_sta                                   0x20000048   Data           1  exti.o(.data)
    Angle_J1                                 0x2000004c   Data           4  bsp_servo.o(.data)
    Angle_J2                                 0x20000050   Data           4  bsp_servo.o(.data)
    Angle_J3                                 0x20000054   Data           4  bsp_servo.o(.data)
    Angle_J4                                 0x20000058   Data           4  bsp_servo.o(.data)
    Angle_J5                                 0x2000005c   Data           4  bsp_servo.o(.data)
    Angle_J6                                 0x20000060   Data           4  bsp_servo.o(.data)
    num                                      0x20000064   Data           4  bsp_timer.o(.data)
    g_count                                  0x20000068   Data           4  bsp_timer.o(.data)
    speed2                                   0x2000006c   Data           4  bsp_timer.o(.data)
    overcount                                0x20000070   Data           4  bsp_ultrasonic.o(.data)
    Handkey                                  0x20000074   Data           2  bsp_ps2.o(.data)
    Comd                                     0x20000076   Data           2  bsp_ps2.o(.data)
    scan                                     0x20000078   Data           9  bsp_ps2.o(.data)
    MASK                                     0x20000082   Data          32  bsp_ps2.o(.data)
    CarSpeedControl                          0x200000b8   Data           4  protocol.o(.data)
    g_CarState                               0x200000bc   Data           4  protocol.o(.data)
    inputString                              0x200000c0   Data          80  usart.o(.bss)
    USART_RX_BUF                             0x20000110   Data         200  usart.o(.bss)
    Data                                     0x200001d8   Data           9  bsp_ps2.o(.bss)
    __libspace_start                         0x200001e4   Data          96  libspace.o(.bss)
    __temporary_stack_top$libspace           0x20000244   Data           0  libspace.o(.bss)



==============================================================================

Memory Map of the image

  Image Entry point : 0x080000ed

  Load Region LR_IROM1 (Base: 0x08000000, Size: 0x00005dec, Max: 0x00040000, ABSOLUTE)

    Execution Region ER_IROM1 (Base: 0x08000000, Size: 0x00005d2c, Max: 0x00040000, ABSOLUTE)

    Base Addr    Size         Type   Attr      Idx    E Section Name        Object

    0x08000000   0x000000ec   Data   RO            3    RESET               startup_stm32f10x_md.o
    0x080000ec   0x00000008   Code   RO          941  * !!!main             c_w.l(__main.o)
    0x080000f4   0x00000034   Code   RO         1236    !!!scatter          c_w.l(__scatter.o)
    0x08000128   0x0000001a   Code   RO         1238    !!handler_copy      c_w.l(__scatter_copy.o)
    0x08000142   0x00000002   PAD
    0x08000144   0x0000001c   Code   RO         1240    !!handler_zi        c_w.l(__scatter_zi.o)
    0x08000160   0x00000002   Code   RO         1114    .ARM.Collect$$libinit$$00000000  c_w.l(libinit.o)
    0x08000162   0x00000000   Code   RO         1116    .ARM.Collect$$libinit$$00000002  c_w.l(libinit2.o)
    0x08000162   0x00000000   Code   RO         1118    .ARM.Collect$$libinit$$00000004  c_w.l(libinit2.o)
    0x08000162   0x00000000   Code   RO         1121    .ARM.Collect$$libinit$$0000000A  c_w.l(libinit2.o)
    0x08000162   0x00000000   Code   RO         1123    .ARM.Collect$$libinit$$0000000C  c_w.l(libinit2.o)
    0x08000162   0x00000000   Code   RO         1125    .ARM.Collect$$libinit$$0000000E  c_w.l(libinit2.o)
    0x08000162   0x00000000   Code   RO         1128    .ARM.Collect$$libinit$$00000011  c_w.l(libinit2.o)
    0x08000162   0x00000000   Code   RO         1130    .ARM.Collect$$libinit$$00000013  c_w.l(libinit2.o)
    0x08000162   0x00000000   Code   RO         1132    .ARM.Collect$$libinit$$00000015  c_w.l(libinit2.o)
    0x08000162   0x00000000   Code   RO         1134    .ARM.Collect$$libinit$$00000017  c_w.l(libinit2.o)
    0x08000162   0x00000000   Code   RO         1136    .ARM.Collect$$libinit$$00000019  c_w.l(libinit2.o)
    0x08000162   0x00000000   Code   RO         1138    .ARM.Collect$$libinit$$0000001B  c_w.l(libinit2.o)
    0x08000162   0x00000000   Code   RO         1140    .ARM.Collect$$libinit$$0000001D  c_w.l(libinit2.o)
    0x08000162   0x00000000   Code   RO         1142    .ARM.Collect$$libinit$$0000001F  c_w.l(libinit2.o)
    0x08000162   0x00000000   Code   RO         1144    .ARM.Collect$$libinit$$00000021  c_w.l(libinit2.o)
    0x08000162   0x00000000   Code   RO         1146    .ARM.Collect$$libinit$$00000023  c_w.l(libinit2.o)
    0x08000162   0x00000000   Code   RO         1148    .ARM.Collect$$libinit$$00000025  c_w.l(libinit2.o)
    0x08000162   0x00000000   Code   RO         1152    .ARM.Collect$$libinit$$0000002C  c_w.l(libinit2.o)
    0x08000162   0x00000000   Code   RO         1154    .ARM.Collect$$libinit$$0000002E  c_w.l(libinit2.o)
    0x08000162   0x00000000   Code   RO         1156    .ARM.Collect$$libinit$$00000030  c_w.l(libinit2.o)
    0x08000162   0x00000000   Code   RO         1158    .ARM.Collect$$libinit$$00000032  c_w.l(libinit2.o)
    0x08000162   0x00000002   Code   RO         1159    .ARM.Collect$$libinit$$00000033  c_w.l(libinit2.o)
    0x08000164   0x00000002   Code   RO         1187    .ARM.Collect$$libshutdown$$00000000  c_w.l(libshutdown.o)
    0x08000166   0x00000000   Code   RO         1197    .ARM.Collect$$libshutdown$$00000003  c_w.l(libshutdown2.o)
    0x08000166   0x00000000   Code   RO         1200    .ARM.Collect$$libshutdown$$00000006  c_w.l(libshutdown2.o)
    0x08000166   0x00000000   Code   RO         1203    .ARM.Collect$$libshutdown$$00000009  c_w.l(libshutdown2.o)
    0x08000166   0x00000000   Code   RO         1205    .ARM.Collect$$libshutdown$$0000000B  c_w.l(libshutdown2.o)
    0x08000166   0x00000000   Code   RO         1208    .ARM.Collect$$libshutdown$$0000000E  c_w.l(libshutdown2.o)
    0x08000166   0x00000002   Code   RO         1209    .ARM.Collect$$libshutdown$$0000000F  c_w.l(libshutdown2.o)
    0x08000168   0x00000000   Code   RO          999    .ARM.Collect$$rtentry$$00000000  c_w.l(__rtentry.o)
    0x08000168   0x00000000   Code   RO         1031    .ARM.Collect$$rtentry$$00000002  c_w.l(__rtentry2.o)
    0x08000168   0x00000006   Code   RO         1043    .ARM.Collect$$rtentry$$00000004  c_w.l(__rtentry4.o)
    0x0800016e   0x00000000   Code   RO         1033    .ARM.Collect$$rtentry$$00000009  c_w.l(__rtentry2.o)
    0x0800016e   0x00000004   Code   RO         1034    .ARM.Collect$$rtentry$$0000000A  c_w.l(__rtentry2.o)
    0x08000172   0x00000000   Code   RO         1036    .ARM.Collect$$rtentry$$0000000C  c_w.l(__rtentry2.o)
    0x08000172   0x00000008   Code   RO         1037    .ARM.Collect$$rtentry$$0000000D  c_w.l(__rtentry2.o)
    0x0800017a   0x00000002   Code   RO         1160    .ARM.Collect$$rtexit$$00000000  c_w.l(rtexit.o)
    0x0800017c   0x00000000   Code   RO         1167    .ARM.Collect$$rtexit$$00000002  c_w.l(rtexit2.o)
    0x0800017c   0x00000004   Code   RO         1168    .ARM.Collect$$rtexit$$00000003  c_w.l(rtexit2.o)
    0x08000180   0x00000006   Code   RO         1169    .ARM.Collect$$rtexit$$00000004  c_w.l(rtexit2.o)
    0x08000186   0x00000002   PAD
    0x08000188   0x00000040   Code   RO            4    .text               startup_stm32f10x_md.o
    0x080001c8   0x000001e0   Code   RO           10    .text               system_stm32f10x.o
    0x080003a8   0x000000d4   Code   RO           69    .text               delay.o
    0x0800047c   0x0000000c   Code   RO          106    .text               sys.o
    0x08000488   0x000002a8   Code   RO          121    .text               usart.o
    0x08000730   0x00000024   Code   RO          144    .text               main.o
    0x08000754   0x00000028   Code   RO          214    .text               app_motor.o
    0x0800077c   0x0000084c   Code   RO          227    .text               oled.o
    0x08000fc8   0x000001b0   Code   RO          245    .text               app_ultrasonic.o
    0x08001178   0x000000b0   Code   RO          301    .text               exti.o
    0x08001228   0x00000234   Code   RO          362    .text               app_ps2control.o
    0x0800145c   0x0000005c   Code   RO          378    .text               bsp.o
    0x080014b8   0x000001b8   Code   RO          420    .text               bsp_gpio.o
    0x08001670   0x000001a0   Code   RO          459    .text               bsp_timer.o
    0x08001810   0x00000074   Code   RO          481    .text               bsp_oled.o
    0x08001884   0x00000290   Code   RO          493    .text               bsp_adc.o
    0x08001b14   0x000002a8   Code   RO          508    .text               bsp_ultrasonic.o
    0x08001dbc   0x00000050   Code   RO          523    .text               bsp_colorful.o
    0x08001e0c   0x000001bc   Code   RO          535    .text               bsp_ps2.o
    0x08001fc8   0x000000dc   Code   RO          554    .text               misc.o
    0x080020a4   0x0000044e   Code   RO          566    .text               stm32f10x_adc.o
    0x080024f2   0x00000002   PAD
    0x080024f4   0x0000011c   Code   RO          677    .text               stm32f10x_exti.o
    0x08002610   0x0000035c   Code   RO          716    .text               stm32f10x_gpio.o
    0x0800296c   0x000003a4   Code   RO          767    .text               stm32f10x_rcc.o
    0x08002d10   0x00000e1a   Code   RO          826    .text               stm32f10x_tim.o
    0x08003b2a   0x00000002   PAD
    0x08003b2c   0x00000408   Code   RO          838    .text               stm32f10x_usart.o
    0x08003f34   0x00000002   Code   RO          896    .text               c_w.l(use_no_semi_2.o)
    0x08003f36   0x0000004e   Code   RO          937    .text               c_w.l(rt_memclr_w.o)
    0x08003f84   0x00000006   Code   RO          939    .text               c_w.l(heapauxi.o)
    0x08003f8a   0x00000002   Code   RO          997    .text               c_w.l(use_no_semi.o)
    0x08003f8c   0x00000008   Code   RO         1027    .text               c_w.l(libspace.o)
    0x08003f94   0x0000004a   Code   RO         1096    .text               c_w.l(sys_stackheap_outer.o)
    0x08003fde   0x0000000c   Code   RO         1105    .text               c_w.l(exit.o)
    0x08003fea   0x00000002   PAD
    0x08003fec   0x00000062   Code   RO          943    x$fpl$d2f           fz_ws.l(d2f.o)
    0x0800404e   0x00000002   PAD
    0x08004050   0x000002b0   Code   RO          952    x$fpl$ddiv          fz_ws.l(ddiv.o)
    0x08004300   0x00000026   Code   RO          955    x$fpl$dfltu         fz_ws.l(dflt_clz.o)
    0x08004326   0x00000002   PAD
    0x08004328   0x00000154   Code   RO          961    x$fpl$dmul          fz_ws.l(dmul.o)
    0x0800447c   0x0000009c   Code   RO         1016    x$fpl$dnaninf       fz_ws.l(dnaninf.o)
    0x08004518   0x0000000c   Code   RO         1018    x$fpl$dretinf       fz_ws.l(dretinf.o)
    0x08004524   0x00000056   Code   RO          963    x$fpl$f2d           fz_ws.l(f2d.o)
    0x0800457a   0x00000002   PAD
    0x0800457c   0x000000c4   Code   RO          965    x$fpl$fadd          fz_ws.l(faddsub_clz.o)
    0x08004640   0x00000018   Code   RO         1020    x$fpl$fcmpinf       fz_ws.l(fcmpi.o)
    0x08004658   0x00000184   Code   RO          972    x$fpl$fdiv          fz_ws.l(fdiv.o)
    0x080047dc   0x00000036   Code   RO          975    x$fpl$ffix          fz_ws.l(ffix.o)
    0x08004812   0x00000002   PAD
    0x08004814   0x0000003e   Code   RO          979    x$fpl$ffixu         fz_ws.l(ffixu.o)
    0x08004852   0x00000002   PAD
    0x08004854   0x00000030   Code   RO          984    x$fpl$fflt          fz_ws.l(fflt_clz.o)
    0x08004884   0x00000026   Code   RO          983    x$fpl$ffltu         fz_ws.l(fflt_clz.o)
    0x080048aa   0x00000002   PAD
    0x080048ac   0x00000068   Code   RO          989    x$fpl$fleqf         fz_ws.l(fleqf.o)
    0x08004914   0x00000102   Code   RO          991    x$fpl$fmul          fz_ws.l(fmul.o)
    0x08004a16   0x0000008c   Code   RO         1022    x$fpl$fnaninf       fz_ws.l(fnaninf.o)
    0x08004aa2   0x0000000a   Code   RO         1024    x$fpl$fretinf       fz_ws.l(fretinf.o)
    0x08004aac   0x00000062   Code   RO          993    x$fpl$frleqf        fz_ws.l(frleqf.o)
    0x08004b0e   0x00000014   Code   RO          966    x$fpl$frsb          fz_ws.l(faddsub_clz.o)
    0x08004b22   0x00000002   PAD
    0x08004b24   0x000000ea   Code   RO          967    x$fpl$fsub          fz_ws.l(faddsub_clz.o)
    0x08004c0e   0x00000000   Code   RO         1026    x$fpl$usenofp       fz_ws.l(usenofp.o)
    0x08004c0e   0x000010fd   Data   RO          228    .constdata          oled.o
    0x08005d0b   0x00000001   PAD
    0x08005d0c   0x00000020   Data   RO         1234    Region$$Table       anon$$obj.o


    Execution Region RW_IRAM1 (Base: 0x20000000, Size: 0x00000848, Max: 0x00020000, ABSOLUTE)

    Base Addr    Size         Type   Attr      Idx    E Section Name        Object

    0x20000000   0x00000014   Data   RW           11    .data               system_stm32f10x.o
    0x20000014   0x00000004   Data   RW           70    .data               delay.o
    0x20000018   0x00000018   Data   RW          123    .data               usart.o
    0x20000030   0x00000018   Data   RW          145    .data               main.o
    0x20000048   0x00000001   Data   RW          302    .data               exti.o
    0x20000049   0x00000003   PAD
    0x2000004c   0x00000018   Data   RW          442    .data               bsp_servo.o
    0x20000064   0x0000000c   Data   RW          460    .data               bsp_timer.o
    0x20000070   0x00000004   Data   RW          509    .data               bsp_ultrasonic.o
    0x20000074   0x0000002e   Data   RW          537    .data               bsp_ps2.o
    0x200000a2   0x00000014   Data   RW          768    .data               stm32f10x_rcc.o
    0x200000b6   0x00000002   PAD
    0x200000b8   0x00000008   Data   RW          867    .data               protocol.o
    0x200000c0   0x00000118   Zero   RW          122    .bss                usart.o
    0x200001d8   0x00000009   Zero   RW          536    .bss                bsp_ps2.o
    0x200001e1   0x00000003   PAD
    0x200001e4   0x00000060   Zero   RW         1028    .bss                c_w.l(libspace.o)
    0x20000244   0x00000004   PAD
    0x20000248   0x00000200   Zero   RW            2    HEAP                startup_stm32f10x_md.o
    0x20000448   0x00000400   Zero   RW            1    STACK               startup_stm32f10x_md.o


==============================================================================

Image component sizes


      Code (inc. data)   RO Data    RW Data    ZI Data      Debug   Object Name

        40          8          0          0          0        768   app_motor.o
       564         42          0          0          0      16477   app_ps2control.o
       432          8          0          0          0       1365   app_ultrasonic.o
        92          6          0          0          0        507   bsp.o
       656         50          0          0          0      10920   bsp_adc.o
        80          4          0          0          0        659   bsp_colorful.o
       440         20          0          0          0       1349   bsp_gpio.o
       116         18          0          0          0        679   bsp_oled.o
       444         42          0         46          9       2501   bsp_ps2.o
         0          0          0         24          0        412   bsp_servo.o
       416         52          0         12          0       1236   bsp_timer.o
       680         16          0          4          0       2287   bsp_ultrasonic.o
       212         18          0          4          0     208075   delay.o
       176         14          0          1          0        965   exti.o
        36          6          0         24          0        864   main.o
       220         22          0          0          0       1801   misc.o
      2124         26       4349          0          0       7494   oled.o
         0          0          0          8          0        960   protocol.o
        64         26        236          0       1536        868   startup_stm32f10x_md.o
      1102         26          0          0          0      10837   stm32f10x_adc.o
       284         10          0          0          0       2239   stm32f10x_exti.o
       860         38          0          0          0       5649   stm32f10x_gpio.o
       932         36          0         20          0       8832   stm32f10x_rcc.o
      3610         88          0          0          0      22136   stm32f10x_tim.o
      1032         22          0          0          0       8372   stm32f10x_usart.o
        12          0          0          0          0        473   sys.o
       480         38          0         20          0      49935   system_stm32f10x.o
       680         42          0         24        280       4275   usart.o

    ----------------------------------------------------------------------
     15788        678       4618        192       1828     372935   Object Totals
         0          0         32          0          0          0   (incl. Generated)
         4          0          1          5          3          0   (incl. Padding)

    ----------------------------------------------------------------------

      Code (inc. data)   RO Data    RW Data    ZI Data      Debug   Library Member Name

         8          0          0          0          0         68   __main.o
         0          0          0          0          0          0   __rtentry.o
        12          0          0          0          0          0   __rtentry2.o
         6          0          0          0          0          0   __rtentry4.o
        52          8          0          0          0          0   __scatter.o
        26          0          0          0          0          0   __scatter_copy.o
        28          0          0          0          0          0   __scatter_zi.o
        12          0          0          0          0         72   exit.o
         6          0          0          0          0        152   heapauxi.o
         2          0          0          0          0          0   libinit.o
         2          0          0          0          0          0   libinit2.o
         2          0          0          0          0          0   libshutdown.o
         2          0          0          0          0          0   libshutdown2.o
         8          4          0          0         96         68   libspace.o
        78          0          0          0          0         80   rt_memclr_w.o
         2          0          0          0          0          0   rtexit.o
        10          0          0          0          0          0   rtexit2.o
        74          0          0          0          0         80   sys_stackheap_outer.o
         2          0          0          0          0         68   use_no_semi.o
         2          0          0          0          0         68   use_no_semi_2.o
        98          4          0          0          0         92   d2f.o
       688        140          0          0          0        208   ddiv.o
        38          0          0          0          0         68   dflt_clz.o
       340         12          0          0          0        104   dmul.o
       156          4          0          0          0         92   dnaninf.o
        12          0          0          0          0         68   dretinf.o
        86          4          0          0          0         84   f2d.o
       450          8          0          0          0        236   faddsub_clz.o
        24          0          0          0          0         68   fcmpi.o
       388         76          0          0          0         96   fdiv.o
        54          4          0          0          0         84   ffix.o
        62          4          0          0          0         84   ffixu.o
        86          0          0          0          0        136   fflt_clz.o
       104          4          0          0          0         84   fleqf.o
       258          4          0          0          0         84   fmul.o
       140          4          0          0          0         84   fnaninf.o
        10          0          0          0          0         68   fretinf.o
        98          0          0          0          0         68   frleqf.o
         0          0          0          0          0          0   usenofp.o

    ----------------------------------------------------------------------
      3446        280          0          0        100       2464   Library Totals
        20          0          0          0          4          0   (incl. Padding)

    ----------------------------------------------------------------------

      Code (inc. data)   RO Data    RW Data    ZI Data      Debug   Library Name

       334         12          0          0         96        656   c_w.l
      3092        268          0          0          0       1808   fz_ws.l

    ----------------------------------------------------------------------
      3446        280          0          0        100       2464   Library Totals

    ----------------------------------------------------------------------

==============================================================================


      Code (inc. data)   RO Data    RW Data    ZI Data      Debug   

     19234        958       4618        192       1928     372015   Grand Totals
     19234        958       4618        192       1928     372015   ELF Image Totals
     19234        958       4618        192          0          0   ROM Totals

==============================================================================

    Total RO  Size (Code + RO Data)                23852 (  23.29kB)
    Total RW  Size (RW Data + ZI Data)              2120 (   2.07kB)
    Total ROM Size (Code + RO Data + RW Data)      24044 (  23.48kB)

==============================================================================

